Archive member included to satisfy reference by file (symbol)

/opt/st/stm32cubeclt_1.18.0/GNU-tools-for-STM32/bin/../lib/gcc/arm-none-eabi/13.3.1/../../../../arm-none-eabi/lib/thumb/v7-m/nofp/libc_nano.a(libc_a-exit.o)
                              /opt/st/stm32cubeclt_1.18.0/GNU-tools-for-STM32/bin/../lib/gcc/arm-none-eabi/13.3.1/../../../../arm-none-eabi/lib/thumb/v7-m/nofp/crt0.o (exit)
/opt/st/stm32cubeclt_1.18.0/GNU-tools-for-STM32/bin/../lib/gcc/arm-none-eabi/13.3.1/../../../../arm-none-eabi/lib/thumb/v7-m/nofp/libc_nano.a(libc_a-findfp.o)
                              /opt/st/stm32cubeclt_1.18.0/GNU-tools-for-STM32/bin/../lib/gcc/arm-none-eabi/13.3.1/../../../../arm-none-eabi/lib/thumb/v7-m/nofp/libc_nano.a(libc_a-exit.o) (__stdio_exit_handler)
/opt/st/stm32cubeclt_1.18.0/GNU-tools-for-STM32/bin/../lib/gcc/arm-none-eabi/13.3.1/../../../../arm-none-eabi/lib/thumb/v7-m/nofp/libc_nano.a(libc_a-fwalk.o)
                              /opt/st/stm32cubeclt_1.18.0/GNU-tools-for-STM32/bin/../lib/gcc/arm-none-eabi/13.3.1/../../../../arm-none-eabi/lib/thumb/v7-m/nofp/libc_nano.a(libc_a-findfp.o) (_fwalk_sglue)
/opt/st/stm32cubeclt_1.18.0/GNU-tools-for-STM32/bin/../lib/gcc/arm-none-eabi/13.3.1/../../../../arm-none-eabi/lib/thumb/v7-m/nofp/libc_nano.a(libc_a-stdio.o)
                              /opt/st/stm32cubeclt_1.18.0/GNU-tools-for-STM32/bin/../lib/gcc/arm-none-eabi/13.3.1/../../../../arm-none-eabi/lib/thumb/v7-m/nofp/libc_nano.a(libc_a-findfp.o) (__sread)
/opt/st/stm32cubeclt_1.18.0/GNU-tools-for-STM32/bin/../lib/gcc/arm-none-eabi/13.3.1/../../../../arm-none-eabi/lib/thumb/v7-m/nofp/libc_nano.a(libc_a-memset.o)
                              /opt/st/stm32cubeclt_1.18.0/GNU-tools-for-STM32/bin/../lib/gcc/arm-none-eabi/13.3.1/../../../../arm-none-eabi/lib/thumb/v7-m/nofp/crt0.o (memset)
/opt/st/stm32cubeclt_1.18.0/GNU-tools-for-STM32/bin/../lib/gcc/arm-none-eabi/13.3.1/../../../../arm-none-eabi/lib/thumb/v7-m/nofp/libc_nano.a(libc_a-closer.o)
                              /opt/st/stm32cubeclt_1.18.0/GNU-tools-for-STM32/bin/../lib/gcc/arm-none-eabi/13.3.1/../../../../arm-none-eabi/lib/thumb/v7-m/nofp/libc_nano.a(libc_a-stdio.o) (_close_r)
/opt/st/stm32cubeclt_1.18.0/GNU-tools-for-STM32/bin/../lib/gcc/arm-none-eabi/13.3.1/../../../../arm-none-eabi/lib/thumb/v7-m/nofp/libc_nano.a(libc_a-reent.o)
                              /opt/st/stm32cubeclt_1.18.0/GNU-tools-for-STM32/bin/../lib/gcc/arm-none-eabi/13.3.1/../../../../arm-none-eabi/lib/thumb/v7-m/nofp/libc_nano.a(libc_a-closer.o) (errno)
/opt/st/stm32cubeclt_1.18.0/GNU-tools-for-STM32/bin/../lib/gcc/arm-none-eabi/13.3.1/../../../../arm-none-eabi/lib/thumb/v7-m/nofp/libc_nano.a(libc_a-impure.o)
                              /opt/st/stm32cubeclt_1.18.0/GNU-tools-for-STM32/bin/../lib/gcc/arm-none-eabi/13.3.1/../../../../arm-none-eabi/lib/thumb/v7-m/nofp/libc_nano.a(libc_a-reent.o) (_impure_ptr)
/opt/st/stm32cubeclt_1.18.0/GNU-tools-for-STM32/bin/../lib/gcc/arm-none-eabi/13.3.1/../../../../arm-none-eabi/lib/thumb/v7-m/nofp/libc_nano.a(libc_a-lseekr.o)
                              /opt/st/stm32cubeclt_1.18.0/GNU-tools-for-STM32/bin/../lib/gcc/arm-none-eabi/13.3.1/../../../../arm-none-eabi/lib/thumb/v7-m/nofp/libc_nano.a(libc_a-stdio.o) (_lseek_r)
/opt/st/stm32cubeclt_1.18.0/GNU-tools-for-STM32/bin/../lib/gcc/arm-none-eabi/13.3.1/../../../../arm-none-eabi/lib/thumb/v7-m/nofp/libc_nano.a(libc_a-readr.o)
                              /opt/st/stm32cubeclt_1.18.0/GNU-tools-for-STM32/bin/../lib/gcc/arm-none-eabi/13.3.1/../../../../arm-none-eabi/lib/thumb/v7-m/nofp/libc_nano.a(libc_a-stdio.o) (_read_r)
/opt/st/stm32cubeclt_1.18.0/GNU-tools-for-STM32/bin/../lib/gcc/arm-none-eabi/13.3.1/../../../../arm-none-eabi/lib/thumb/v7-m/nofp/libc_nano.a(libc_a-writer.o)
                              /opt/st/stm32cubeclt_1.18.0/GNU-tools-for-STM32/bin/../lib/gcc/arm-none-eabi/13.3.1/../../../../arm-none-eabi/lib/thumb/v7-m/nofp/libc_nano.a(libc_a-stdio.o) (_write_r)
/opt/st/stm32cubeclt_1.18.0/GNU-tools-for-STM32/bin/../lib/gcc/arm-none-eabi/13.3.1/../../../../arm-none-eabi/lib/thumb/v7-m/nofp/libc_nano.a(libc_a-init.o)
                              /opt/st/stm32cubeclt_1.18.0/GNU-tools-for-STM32/bin/../lib/gcc/arm-none-eabi/13.3.1/../../../../arm-none-eabi/lib/thumb/v7-m/nofp/crt0.o (__libc_init_array)
/opt/st/stm32cubeclt_1.18.0/GNU-tools-for-STM32/bin/../lib/gcc/arm-none-eabi/13.3.1/../../../../arm-none-eabi/lib/thumb/v7-m/nofp/libc_nano.a(libc_a-lock.o)
                              /opt/st/stm32cubeclt_1.18.0/GNU-tools-for-STM32/bin/../lib/gcc/arm-none-eabi/13.3.1/../../../../arm-none-eabi/lib/thumb/v7-m/nofp/libc_nano.a(libc_a-findfp.o) (__retarget_lock_init_recursive)
/opt/st/stm32cubeclt_1.18.0/GNU-tools-for-STM32/bin/../lib/gcc/arm-none-eabi/13.3.1/../../../../arm-none-eabi/lib/thumb/v7-m/nofp/libc_nano.a(libc_a-freer.o)
[...]
Memory Configuration

Name             Origin             Length             Attributes
RAM              0x20000000         0x00005000         xrw
FLASH            0x08000000         0x00010000         xr
*default*        0x00000000         0xffffffff

Linker script and memory map

LOAD /opt/st/stm32cubeclt_1.18.0/GNU-tools-for-STM32/bin/../lib/gcc/arm-none-eabi/13.3.1/thumb/v7-m/nofp/crti.o
LOAD /opt/st/stm32cubeclt_1.18.0/GNU-tools-for-STM32/bin/../lib/gcc/arm-none-eabi/13.3.1/thumb/v7-m/nofp/crtbegin.o
LOAD /opt/st/stm32cubeclt_1.18.0/GNU-tools-for-STM32/bin/../lib/gcc/arm-none-eabi/13.3.1/../../../../arm-none-eabi/lib/thumb/v7-m/nofp/crt0.o
START GROUP
LOAD /opt/st/stm32cubeclt_1.18.0/GNU-tools-for-STM32/bin/../lib/gcc/arm-none-eabi/13.3.1/../../../../arm-none-eabi/lib/thumb/v7-m/nofp/libc_nano.a
LOAD /opt/st/stm32cubeclt_1.18.0/GNU-tools-for-STM32/bin/../lib/gcc/arm-none-eabi/13.3.1/../../../../arm-none-eabi/lib/thumb/v7-m/nofp/libm.a
END GROUP
LOAD cmake/stm32cubemx/CMakeFiles/STM32_Drivers.dir/__/__/Core/Src/system_stm32f1xx.c.obj
LOAD cmake/stm32cubemx/CMakeFiles/STM32_Drivers.dir/__/__/Drivers/STM32F1xx_HAL_Driver/Src/stm32f1xx_hal_gpio_ex.c.obj
LOAD cmake/stm32cubemx/CMakeFiles/STM32_Drivers.dir/__/__/Drivers/STM32F1xx_HAL_Driver/Src/stm32f1xx_hal_crc.c.obj
LOAD cmake/stm32cubemx/CMakeFiles/STM32_Drivers.dir/__/__/Drivers/STM32F1xx_HAL_Driver/Src/stm32f1xx_hal.c.obj
LOAD cmake/stm32cubemx/CMakeFiles/STM32_Drivers.dir/__/__/Drivers/STM32F1xx_HAL_Driver/Src/stm32f1xx_hal_rcc.c.obj
LOAD cmake/stm32cubemx/CMakeFiles/STM32_Drivers.dir/__/__/Drivers/STM32F1xx_HAL_Driver/Src/stm32f1xx_hal_rcc_ex.c.obj
LOAD cmake/stm32cubemx/CMakeFiles/STM32_Drivers.dir/__/__/Drivers/STM32F1xx_HAL_Driver/Src/stm32f1xx_hal_gpio.c.obj
LOAD cmake/stm32cubemx/CMakeFiles/STM32_Drivers.dir/__/__/Drivers/STM32F1xx_HAL_Driver/Src/stm32f1xx_hal_dma.c.obj
LOAD cmake/stm32cubemx/CMakeFiles/STM32_Drivers.dir/__/__/Drivers/STM32F1xx_HAL_Driver/Src/stm32f1xx_hal_cortex.c.obj
LOAD cmake/stm32cubemx/CMakeFiles/STM32_Drivers.dir/__/__/Drivers/STM32F1xx_HAL_Driver/Src/stm32f1xx_hal_pwr.c.obj
LOAD cmake/stm32cubemx/CMakeFiles/STM32_Drivers.dir/__/__/Drivers/STM32F1xx_HAL_Driver/Src/stm32f1xx_hal_flash.c.obj
LOAD cmake/stm32cubemx/CMakeFiles/STM32_Drivers.dir/__/__/Drivers/STM32F1xx_HAL_Driver/Src/stm32f1xx_hal_flash_ex.c.obj
LOAD cmake/stm32cubemx/CMakeFiles/STM32_Drivers.dir/__/__/Drivers/STM32F1xx_HAL_Driver/Src/stm32f1xx_hal_exti.c.obj
LOAD cmake/stm32cubemx/CMakeFiles/STM32_Drivers.dir/__/__/Drivers/STM32F1xx_HAL_Driver/Src/stm32f1xx_hal_tim.c.obj
LOAD cmake/stm32cubemx/CMakeFiles/STM32_Drivers.dir/__/__/Drivers/STM32F1xx_HAL_Driver/Src/stm32f1xx_hal_tim_ex.c.obj
LOAD cmake/stm32cubemx/CMakeFiles/STM32_Drivers.dir/__/__/Drivers/STM32F1xx_HAL_Driver/Src/stm32f1xx_hal_uart.c.obj
LOAD CMakeFiles/funcionando_23-05_002.dir/Core/Src/main.c.obj
LOAD CMakeFiles/funcionando_23-05_002.dir/Core/Src/gpio.c.obj
LOAD CMakeFiles/funcionando_23-05_002.dir/Core/Src/crc.c.obj
LOAD CMakeFiles/funcionando_23-05_002.dir/Core/Src/tim.c.obj
LOAD CMakeFiles/funcionando_23-05_002.dir/Core/Src/usart.c.obj
LOAD CMakeFiles/funcionando_23-05_002.dir/Core/Src/stm32f1xx_it.c.obj
LOAD CMakeFiles/funcionando_23-05_002.dir/Core/Src/stm32f1xx_hal_msp.c.obj
LOAD CMakeFiles/funcionando_23-05_002.dir/Core/Src/sysmem.c.obj
LOAD CMakeFiles/funcionando_23-05_002.dir/Core/Src/syscalls.c.obj
LOAD CMakeFiles/funcionando_23-05_002.dir/startup_stm32f103xb.s.obj
LOAD CMakeFiles/funcionando_23-05_002.dir/Core/Src/callbacks.c.obj
LOAD CMakeFiles/funcionando_23-05_002.dir/Core/Src/comm.c.obj
LOAD CMakeFiles/funcionando_23-05_002.dir/Core/Src/flash_config.c.obj
LOAD CMakeFiles/funcionando_23-05_002.dir/Core/Src/hard_config.c.obj
LOAD CMakeFiles/funcionando_23-05_002.dir/Core/Src/motor_control.c.obj
LOAD CMakeFiles/funcionando_23-05_002.dir/Core/Src/state_machine.c.obj
LOAD CMakeFiles/funcionando_23-05_002.dir/Core/Src/startup.c.obj
START GROUP
LOAD /opt/st/stm32cubeclt_1.18.0/GNU-tools-for-STM32/bin/../lib/gcc/arm-none-eabi/13.3.1/thumb/v7-m/nofp/libgcc.a
LOAD /opt/st/stm32cubeclt_1.18.0/GNU-tools-for-STM32/bin/../lib/gcc/arm-none-eabi/13.3.1/../../../../arm-none-eabi/lib/thumb/v7-m/nofp/libg_nano.a
LOAD /opt/st/stm32cubeclt_1.18.0/GNU-tools-for-STM32/bin/../lib/gcc/arm-none-eabi/13.3.1/../../../../arm-none-eabi/lib/thumb/v7-m/nofp/libc_nano.a
END GROUP
START GROUP
LOAD /opt/st/stm32cubeclt_1.18.0/GNU-tools-for-STM32/bin/../lib/gcc/arm-none-eabi/13.3.1/thumb/v7-m/nofp/libgcc.a
LOAD /opt/st/stm32cubeclt_1.18.0/GNU-tools-for-STM32/bin/../lib/gcc/arm-none-eabi/13.3.1/../../../../arm-none-eabi/lib/thumb/v7-m/nofp/libc_nano.a
END GROUP
LOAD /opt/st/stm32cubeclt_1.18.0/GNU-tools-for-STM32/bin/../lib/gcc/arm-none-eabi/13.3.1/thumb/v7-m/nofp/crtend.o
LOAD /opt/st/stm32cubeclt_1.18.0/GNU-tools-for-STM32/bin/../lib/gcc/arm-none-eabi/13.3.1/thumb/v7-m/nofp/crtn.o
                0x20005000                        _estack = (ORIGIN (RAM) + LENGTH (RAM))
                0x00000200                        _Min_Heap_Size = 0x200
                0x00000400                        _Min_Stack_Size = 0x400

.isr_vector     0x08000000      0x10c
                0x08000000                        . = ALIGN (0x4)
 *(.isr_vector)
 .isr_vector    0x08000000      0x10c CMakeFiles/funcionando_23-05_002.dir/startup_stm32f103xb.s.obj
                0x08000000                g_pfnVectors
                0x0800010c                        . = ALIGN (0x4)

.text           0x08000110     0xd2f0
                0x08000110                        . = ALIGN (0x4)
 *(.text)
 .text          0x08000110       0x40 /opt/st/stm32cubeclt_1.18.0/GNU-tools-for-STM32/bin/../lib/gcc/arm-none-eabi/13.3.1/thumb/v7-m/nofp/crtbegin.o
 .text          0x08000150      0x378 /opt/st/stm32cubeclt_1.18.0/GNU-tools-for-STM32/bin/../lib/gcc/arm-none-eabi/13.3.1/thumb/v7-m/nofp/libgcc.a(_arm_addsubdf3.o)
                0x08000150                __aeabi_drsub
                0x08000158                __aeabi_dsub
                0x08000158                __subdf3
                0x0800015c                __adddf3
                0x0800015c                __aeabi_dadd
                0x080003d4                __aeabi_ui2d
                0x080003d4                __floatunsidf
                0x080003f4                __floatsidf
                0x080003f4                __aeabi_i2d
                0x08000418                __extendsfdf2
                0x08000418                __aeabi_f2d
                0x0800045c                __aeabi_ul2d
                0x0800045c                __floatundidf
                0x0800046c                __floatdidf
                0x0800046c                __aeabi_l2d
 .text          0x080004c8      0x424 /opt/st/stm32cubeclt_1.18.0/GNU-tools-for-STM32/bin/../lib/gcc/arm-none-eabi/13.3.1/thumb/v7-m/nofp/libgcc.a(_arm_muldivdf3.o)
                0x080004c8                __aeabi_dmul
                0x080004c8                __muldf3
                0x0800071c                __aeabi_ddiv
                0x0800071c                __divdf3
 .text          0x080008ec      0x110 /opt/st/stm32cubeclt_1.18.0/GNU-tools-for-STM32/bin/../lib/gcc/arm-none-eabi/13.3.1/thumb/v7-m/nofp/libgcc.a(_arm_cmpdf2.o)
                0x080008ec                __gtdf2
                0x080008ec                __gedf2
                0x080008f4                __ltdf2
                0x080008f4                __ledf2
                0x080008fc                __cmpdf2
                0x080008fc                __eqdf2
                0x080008fc                __nedf2
                0x08000978                __aeabi_cdrcmple
                0x08000988                __aeabi_cdcmple
                0x08000988                __aeabi_cdcmpeq
                0x08000998                __aeabi_dcmpeq
                0x080009ac                __aeabi_dcmplt
                0x080009c0                __aeabi_dcmple
                0x080009d4                __aeabi_dcmpge
                0x080009e8                __aeabi_dcmpgt
 .text          0x080009fc       0x40 /opt/st/stm32cubeclt_1.18.0/GNU-tools-for-STM32/bin/../lib/gcc/arm-none-eabi/13.3.1/thumb/v7-m/nofp/libgcc.a(_arm_fixunsdfsi.o)
                0x080009fc                __fixunsdfsi
                0x080009fc                __aeabi_d2uiz
 .text          0x08000a3c       0xa0 /opt/st/stm32cubeclt_1.18.0/GNU-tools-for-STM32/bin/../lib/gcc/arm-none-eabi/13.3.1/thumb/v7-m/nofp/libgcc.a(_arm_truncdfsf2.o)
                0x08000a3c                __aeabi_d2f
                0x08000a3c                __truncdfsf2
 .text          0x08000adc      0x21c /opt/st/stm32cubeclt_1.18.0/GNU-tools-for-STM32/bin/../lib/gcc/arm-none-eabi/13.3.1/thumb/v7-m/nofp/libgcc.a(_arm_addsubsf3.o)
                0x08000adc                __aeabi_frsub
                0x08000ae4                __subsf3
                0x08000ae4                __aeabi_fsub
                0x08000ae8                __aeabi_fadd
                0x08000ae8                __addsf3
                0x08000c48                __aeabi_ui2f
                0x08000c48                __floatunsisf
                0x08000c50                __aeabi_i2f
                0x08000c50                __floatsisf
                0x08000c6c                __floatundisf
                0x08000c6c                __aeabi_ul2f
                0x08000c7c                __floatdisf
                0x08000c7c                __aeabi_l2f
 .text          0x08000cf8      0x2a0 /opt/st/stm32cubeclt_1.18.0/GNU-tools-for-STM32/bin/../lib/gcc/arm-none-eabi/13.3.1/thumb/v7-m/nofp/libgcc.a(_arm_muldivsf3.o)
                0x08000cf8                __mulsf3
                0x08000cf8                __aeabi_fmul
                0x08000e60                __divsf3
                0x08000e60                __aeabi_fdiv
 .text          0x08000f98       0xec /opt/st/stm32cubeclt_1.18.0/GNU-tools-for-STM32/bin/../lib/gcc/arm-none-eabi/13.3.1/thumb/v7-m/nofp/libgcc.a(_arm_cmpsf2.o)
                0x08000f98                __gtsf2
                0x08000f98                __gesf2
                0x08000fa0                __lesf2
                0x08000fa0                __ltsf2
                0x08000fa8                __nesf2
                0x08000fa8                __eqsf2
                0x08000fa8                __cmpsf2
                0x08001008                __aeabi_cfrcmple
                0x08001010                __aeabi_cfcmple
                0x08001010                __aeabi_cfcmpeq
                0x08001020                __aeabi_fcmpeq
                0x08001034                __aeabi_fcmplt
                0x08001048                __aeabi_fcmple
                0x0800105c                __aeabi_fcmpge
                0x08001070                __aeabi_fcmpgt
 .text          0x08001084       0x4c /opt/st/stm32cubeclt_1.18.0/GNU-tools-for-STM32/bin/../lib/gcc/arm-none-eabi/13.3.1/thumb/v7-m/nofp/libgcc.a(_arm_fixsfsi.o)
                0x08001084                __fixsfsi
                0x08001084                __aeabi_f2iz
 .text          0x080010d0       0x40 /opt/st/stm32cubeclt_1.18.0/GNU-tools-for-STM32/bin/../lib/gcc/arm-none-eabi/13.3.1/thumb/v7-m/nofp/libgcc.a(_arm_fixunssfsi.o)
                0x080010d0                __aeabi_f2uiz
                0x080010d0                __fixunssfsi
 .text          0x08001110       0x14 /opt/st/stm32cubeclt_1.18.0/GNU-tools-for-STM32/bin/../lib/gcc/arm-none-eabi/13.3.1/../../../../arm-none-eabi/lib/thumb/v7-m/nofp/libg_nano.a(libc_a-strcmp.o)
                0x08001110                strcmp
 .text          0x08001124       0x10 /opt/st/stm32cubeclt_1.18.0/GNU-tools-for-STM32/bin/../lib/gcc/arm-none-eabi/13.3.1/../../../../arm-none-eabi/lib/thumb/v7-m/nofp/libg_nano.a(libc_a-strlen.o)
                0x08001124                strlen
 .text          0x08001134       0x30 /opt/st/stm32cubeclt_1.18.0/GNU-tools-for-STM32/bin/../lib/gcc/arm-none-eabi/13.3.1/thumb/v7-m/nofp/libgcc.a(_fixdfdi.o)
                0x08001134                __aeabi_d2lz
                0x08001134                __fixdfdi
 .text          0x08001164       0x3c /opt/st/stm32cubeclt_1.18.0/GNU-tools-for-STM32/bin/../lib/gcc/arm-none-eabi/13.3.1/thumb/v7-m/nofp/libgcc.a(_fixunsdfdi.o)
                0x08001164                __aeabi_d2ulz
                0x08001164                __fixunsdfdi
 *(.text*)
 .text.std      0x080011a0       0x6c /opt/st/stm32cubeclt_1.18.0/GNU-tools-for-STM32/bin/../lib/gcc/arm-none-eabi/13.3.1/../../../../arm-none-eabi/lib/thumb/v7-m/nofp/libc_nano.a(libc_a-findfp.o)
 .text.stdio_exit_handler
                0x0800120c       0x18 /opt/st/stm32cubeclt_1.18.0/GNU-tools-for-STM32/bin/../lib/gcc/arm-none-eabi/13.3.1/../../../../arm-none-eabi/lib/thumb/v7-m/nofp/libc_nano.a(libc_a-findfp.o)
 .text.cleanup_stdio
                0x08001224       0x40 /opt/st/stm32cubeclt_1.18.0/GNU-tools-for-STM32/bin/../lib/gcc/arm-none-eabi/13.3.1/../../../../arm-none-eabi/lib/thumb/v7-m/nofp/libc_nano.a(libc_a-findfp.o)
 .text.global_stdio_init.part.0
                0x08001264       0x3c /opt/st/stm32cubeclt_1.18.0/GNU-tools-for-STM32/bin/../lib/gcc/arm-none-eabi/13.3.1/../../../../arm-none-eabi/lib/thumb/v7-m/nofp/libc_nano.a(libc_a-findfp.o)
 .text.__sfp_lock_acquire
                0x080012a0        0xc /opt/st/stm32cubeclt_1.18.0/GNU-tools-for-STM32/bin/../lib/gcc/arm-none-eabi/13.3.1/../../../../arm-none-eabi/lib/thumb/v7-m/nofp/libc_nano.a(libc_a-findfp.o)
                0x080012a0                __sfp_lock_acquire
 .text.__sfp_lock_release
                0x080012ac        0xc /opt/st/stm32cubeclt_1.18.0/GNU-tools-for-STM32/bin/../lib/gcc/arm-none-eabi/13.3.1/../../../../arm-none-eabi/lib/thumb/v7-m/nofp/libc_nano.a(libc_a-findfp.o)
                0x080012ac                __sfp_lock_release
 .text.__sinit  0x080012b8       0x30 /opt/st/stm32cubeclt_1.18.0/GNU-tools-for-STM32/bin/../lib/gcc/arm-none-eabi/13.3.1/../../../../arm-none-eabi/lib/thumb/v7-m/nofp/libc_nano.a(libc_a-findfp.o)
                0x080012b8                __sinit
 .text._fwalk_sglue
                0x080012e8       0x3c /opt/st/stm32cubeclt_1.18.0/GNU-tools-for-STM32/bin/../lib/gcc/arm-none-eabi/13.3.1/../../../../arm-none-eabi/lib/thumb/v7-m/nofp/libc_nano.a(libc_a-fwalk.o)
                0x080012e8                _fwalk_sglue
 .text.__sread  0x08001324       0x22 /opt/st/stm32cubeclt_1.18.0/GNU-tools-for-STM32/bin/../lib/gcc/arm-none-eabi/13.3.1/../../../../arm-none-eabi/lib/thumb/v7-m/nofp/libc_nano.a(libc_a-stdio.o)
                0x08001324                __sread
 .text.__seofread
                0x08001346        0x4 /opt/st/stm32cubeclt_1.18.0/GNU-tools-for-STM32/bin/../lib/gcc/arm-none-eabi/13.3.1/../../../../arm-none-eabi/lib/thumb/v7-m/nofp/libc_nano.a(libc_a-stdio.o)
                0x08001346                __seofread
 .text.__swrite
                0x0800134a       0x38 /opt/st/stm32cubeclt_1.18.0/GNU-tools-for-STM32/bin/../lib/gcc/arm-none-eabi/13.3.1/../../../../arm-none-eabi/lib/thumb/v7-m/nofp/libc_nano.a(libc_a-stdio.o)
                0x0800134a                __swrite
 .text.__sseek  0x08001382       0x24 /opt/st/stm32cubeclt_1.18.0/GNU-tools-for-STM32/bin/../lib/gcc/arm-none-eabi/13.3.1/../../../../arm-none-eabi/lib/thumb/v7-m/nofp/libc_nano.a(libc_a-stdio.o)
                0x08001382                __sseek
 .text.__sclose
                0x080013a6        0x8 /opt/st/stm32cubeclt_1.18.0/GNU-tools-for-STM32/bin/../lib/gcc/arm-none-eabi/13.3.1/../../../../arm-none-eabi/lib/thumb/v7-m/nofp/libc_nano.a(libc_a-stdio.o)
                0x080013a6                __sclose
 .text.memset   0x080013ae       0x10 /opt/st/stm32cubeclt_1.18.0/GNU-tools-for-STM32/bin/../lib/gcc/arm-none-eabi/13.3.1/../../../../arm-none-eabi/lib/thumb/v7-m/nofp/libc_nano.a(libc_a-memset.o)
                0x080013ae                memset
 *fill*         0x080013be        0x2 
 .text._close_r
                0x080013c0       0x20 /opt/st/stm32cubeclt_1.18.0/GNU-tools-for-STM32/bin/../lib/gcc/arm-none-eabi/13.3.1/../../../../arm-none-eabi/lib/thumb/v7-m/nofp/libc_nano.a(libc_a-closer.o)
                0x080013c0                _close_r
 .text._lseek_r
                0x080013e0       0x24 /opt/st/stm32cubeclt_1.18.0/GNU-tools-for-STM32/bin/../lib/gcc/arm-none-eabi/13.3.1/../../../../arm-none-eabi/lib/thumb/v7-m/nofp/libc_nano.a(libc_a-lseekr.o)
                0x080013e0                _lseek_r
 .text._read_r  0x08001404       0x24 /opt/st/stm32cubeclt_1.18.0/GNU-tools-for-STM32/bin/../lib/gcc/arm-none-eabi/13.3.1/../../../../arm-none-eabi/lib/thumb/v7-m/nofp/libc_nano.a(libc_a-readr.o)
                0x08001404                _read_r
 .text._write_r
                0x08001428       0x24 /opt/st/stm32cubeclt_1.18.0/GNU-tools-for-STM32/bin/../lib/gcc/arm-none-eabi/13.3.1/../../../../arm-none-eabi/lib/thumb/v7-m/nofp/libc_nano.a(libc_a-writer.o)
                0x08001428                _write_r
 .text.__libc_init_array
                0x0800144c       0x48 /opt/st/stm32cubeclt_1.18.0/GNU-tools-for-STM32/bin/../lib/gcc/arm-none-eabi/13.3.1/../../../../arm-none-eabi/lib/thumb/v7-m/nofp/libc_nano.a(libc_a-init.o)
                0x0800144c                __libc_init_array
 .text.__retarget_lock_init_recursive
                0x08001494        0x2 /opt/st/stm32cubeclt_1.18.0/GNU-tools-for-STM32/bin/../lib/gcc/arm-none-eabi/13.3.1/../../../../arm-none-eabi/lib/thumb/v7-m/nofp/libc_nano.a(libc_a-lock.o)
                0x08001494                __retarget_lock_init_recursive
 .text.__retarget_lock_acquire_recursive
                0x08001496        0x2 /opt/st/stm32cubeclt_1.18.0/GNU-tools-for-STM32/bin/../lib/gcc/arm-none-eabi/13.3.1/../../../../arm-none-eabi/lib/thumb/v7-m/nofp/libc_nano.a(libc_a-lock.o)
                0x08001496                __retarget_lock_acquire_recursive
 .text.__retarget_lock_release_recursive
                0x08001498        0x2 /opt/st/stm32cubeclt_1.18.0/GNU-tools-for-STM32/bin/../lib/gcc/arm-none-eabi/13.3.1/../../../../arm-none-eabi/lib/thumb/v7-m/nofp/libc_nano.a(libc_a-lock.o)
                0x08001498                __retarget_lock_release_recursive
 *fill*         0x0800149a        0x2 
 .text._free_r  0x0800149c       0x90 /opt/st/stm32cubeclt_1.18.0/GNU-tools-for-STM32/bin/../lib/gcc/arm-none-eabi/13.3.1/../../../../arm-none-eabi/lib/thumb/v7-m/nofp/libc_nano.a(libc_a-freer.o)
                0x0800149c                _free_r
 .text.sbrk_aligned
                0x0800152c       0x44 /opt/st/stm32cubeclt_1.18.0/GNU-tools-for-STM32/bin/../lib/gcc/arm-none-eabi/13.3.1/../../../../arm-none-eabi/lib/thumb/v7-m/nofp/libc_nano.a(libc_a-mallocr.o)
 .text._malloc_r
                0x08001570      0x100 /opt/st/stm32cubeclt_1.18.0/GNU-tools-for-STM32/bin/../lib/gcc/arm-none-eabi/13.3.1/../../../../arm-none-eabi/lib/thumb/v7-m/nofp/libc_nano.a(libc_a-mallocr.o)
                0x08001570                _malloc_r
 .text.__malloc_lock
                0x08001670        0xc /opt/st/stm32cubeclt_1.18.0/GNU-tools-for-STM32/bin/../lib/gcc/arm-none-eabi/13.3.1/../../../../arm-none-eabi/lib/thumb/v7-m/nofp/libc_nano.a(libc_a-mlock.o)
                0x08001670                __malloc_lock
 .text.__malloc_unlock
                0x0800167c        0xc /opt/st/stm32cubeclt_1.18.0/GNU-tools-for-STM32/bin/../lib/gcc/arm-none-eabi/13.3.1/../../../../arm-none-eabi/lib/thumb/v7-m/nofp/libc_nano.a(libc_a-mlock.o)
                0x0800167c                __malloc_unlock
 .text.__sflush_r
                0x08001688      0x100 /opt/st/stm32cubeclt_1.18.0/GNU-tools-for-STM32/bin/../lib/gcc/arm-none-eabi/13.3.1/../../../../arm-none-eabi/lib/thumb/v7-m/nofp/libc_nano.a(libc_a-fflush.o)
                0x08001688                __sflush_r
 .text._fflush_r
                0x08001788       0x50 /opt/st/stm32cubeclt_1.18.0/GNU-tools-for-STM32/bin/../lib/gcc/arm-none-eabi/13.3.1/../../../../arm-none-eabi/lib/thumb/v7-m/nofp/libc_nano.a(libc_a-fflush.o)
                0x08001788                _fflush_r
 .text._sbrk_r  0x080017d8       0x20 /opt/st/stm32cubeclt_1.18.0/GNU-tools-for-STM32/bin/../lib/gcc/arm-none-eabi/13.3.1/../../../../arm-none-eabi/lib/thumb/v7-m/nofp/libc_nano.a(libc_a-sbrkr.o)
                0x080017d8                _sbrk_r
 .text.SystemInit
                0x080017f8        0xc cmake/stm32cubemx/CMakeFiles/STM32_Drivers.dir/__/__/Core/Src/system_stm32f1xx.c.obj
                0x080017f8                SystemInit
 .text.HAL_CRC_Init
                0x08001804       0x38 cmake/stm32cubemx/CMakeFiles/STM32_Drivers.dir/__/__/Drivers/STM32F1xx_HAL_Driver/Src/stm32f1xx_hal_crc.c.obj
                0x08001804                HAL_CRC_Init
 .text.HAL_CRC_Calculate
                0x0800183c       0x64 cmake/stm32cubemx/CMakeFiles/STM32_Drivers.dir/__/__/Drivers/STM32F1xx_HAL_Driver/Src/stm32f1xx_hal_crc.c.obj
                0x0800183c                HAL_CRC_Calculate
 .text.HAL_Init
                0x080018a0       0x2c cmake/stm32cubemx/CMakeFiles/STM32_Drivers.dir/__/__/Drivers/STM32F1xx_HAL_Driver/Src/stm32f1xx_hal.c.obj
                0x080018a0                HAL_Init
 .text.HAL_InitTick
                0x080018cc       0x60 cmake/stm32cubemx/CMakeFiles/STM32_Drivers.dir/__/__/Drivers/STM32F1xx_HAL_Driver/Src/stm32f1xx_hal.c.obj
                0x080018cc                HAL_InitTick
 .text.HAL_IncTick
                0x0800192c       0x24 cmake/stm32cubemx/CMakeFiles/STM32_Drivers.dir/__/__/Drivers/STM32F1xx_HAL_Driver/Src/stm32f1xx_hal.c.obj
                0x0800192c                HAL_IncTick
 .text.HAL_GetTick
                0x08001950       0x14 cmake/stm32cubemx/CMakeFiles/STM32_Drivers.dir/__/__/Drivers/STM32F1xx_HAL_Driver/Src/stm32f1xx_hal.c.obj
                0x08001950                HAL_GetTick
 .text.HAL_Delay
                0x08001964       0x48 cmake/stm32cubemx/CMakeFiles/STM32_Drivers.dir/__/__/Drivers/STM32F1xx_HAL_Driver/Src/stm32f1xx_hal.c.obj
                0x08001964                HAL_Delay
 .text.HAL_RCC_OscConfig
                0x080019ac      0x504 cmake/stm32cubemx/CMakeFiles/STM32_Drivers.dir/__/__/Drivers/STM32F1xx_HAL_Driver/Src/stm32f1xx_hal_rcc.c.obj
                0x080019ac                HAL_RCC_OscConfig
 .text.HAL_RCC_ClockConfig
                0x08001eb0      0x1d4 cmake/stm32cubemx/CMakeFiles/STM32_Drivers.dir/__/__/Drivers/STM32F1xx_HAL_Driver/Src/stm32f1xx_hal_rcc.c.obj
                0x08001eb0                HAL_RCC_ClockConfig
 .text.HAL_RCC_GetSysClockFreq
                0x08002084       0xa8 cmake/stm32cubemx/CMakeFiles/STM32_Drivers.dir/__/__/Drivers/STM32F1xx_HAL_Driver/Src/stm32f1xx_hal_rcc.c.obj
                0x08002084                HAL_RCC_GetSysClockFreq
 .text.HAL_RCC_GetHCLKFreq
                0x0800212c       0x14 cmake/stm32cubemx/CMakeFiles/STM32_Drivers.dir/__/__/Drivers/STM32F1xx_HAL_Driver/Src/stm32f1xx_hal_rcc.c.obj
                0x0800212c                HAL_RCC_GetHCLKFreq
 .text.HAL_RCC_GetPCLK1Freq
                0x08002140       0x28 cmake/stm32cubemx/CMakeFiles/STM32_Drivers.dir/__/__/Drivers/STM32F1xx_HAL_Driver/Src/stm32f1xx_hal_rcc.c.obj
                0x08002140                HAL_RCC_GetPCLK1Freq
 .text.HAL_RCC_GetPCLK2Freq
                0x08002168       0x28 cmake/stm32cubemx/CMakeFiles/STM32_Drivers.dir/__/__/Drivers/STM32F1xx_HAL_Driver/Src/stm32f1xx_hal_rcc.c.obj
                0x08002168                HAL_RCC_GetPCLK2Freq
 .text.RCC_Delay
                0x08002190       0x3c cmake/stm32cubemx/CMakeFiles/STM32_Drivers.dir/__/__/Drivers/STM32F1xx_HAL_Driver/Src/stm32f1xx_hal_rcc.c.obj
 .text.HAL_GPIO_Init
                0x080021cc      0x308 cmake/stm32cubemx/CMakeFiles/STM32_Drivers.dir/__/__/Drivers/STM32F1xx_HAL_Driver/Src/stm32f1xx_hal_gpio.c.obj
                0x080021cc                HAL_GPIO_Init
 .text.HAL_GPIO_WritePin
                0x080024d4       0x30 cmake/stm32cubemx/CMakeFiles/STM32_Drivers.dir/__/__/Drivers/STM32F1xx_HAL_Driver/Src/stm32f1xx_hal_gpio.c.obj
                0x080024d4                HAL_GPIO_WritePin
 .text.HAL_GPIO_TogglePin
                0x08002504       0x32 cmake/stm32cubemx/CMakeFiles/STM32_Drivers.dir/__/__/Drivers/STM32F1xx_HAL_Driver/Src/stm32f1xx_hal_gpio.c.obj
                0x08002504                HAL_GPIO_TogglePin
 .text.HAL_DMA_Abort
                0x08002536       0x76 cmake/stm32cubemx/CMakeFiles/STM32_Drivers.dir/__/__/Drivers/STM32F1xx_HAL_Driver/Src/stm32f1xx_hal_dma.c.obj
                0x08002536                HAL_DMA_Abort
 .text.HAL_DMA_Abort_IT
                0x080025ac       0xf0 cmake/stm32cubemx/CMakeFiles/STM32_Drivers.dir/__/__/Drivers/STM32F1xx_HAL_Driver/Src/stm32f1xx_hal_dma.c.obj
                0x080025ac                HAL_DMA_Abort_IT
 .text.__NVIC_SetPriorityGrouping
                0x0800269c       0x48 cmake/stm32cubemx/CMakeFiles/STM32_Drivers.dir/__/__/Drivers/STM32F1xx_HAL_Driver/Src/stm32f1xx_hal_cortex.c.obj
 .text.__NVIC_GetPriorityGrouping
                0x080026e4       0x1c cmake/stm32cubemx/CMakeFiles/STM32_Drivers.dir/__/__/Drivers/STM32F1xx_HAL_Driver/Src/stm32f1xx_hal_cortex.c.obj
 .text.__NVIC_EnableIRQ
                0x08002700       0x38 cmake/stm32cubemx/CMakeFiles/STM32_Drivers.dir/__/__/Drivers/STM32F1xx_HAL_Driver/Src/stm32f1xx_hal_cortex.c.obj
 .text.__NVIC_SetPriority
                0x08002738       0x54 cmake/stm32cubemx/CMakeFiles/STM32_Drivers.dir/__/__/Drivers/STM32F1xx_HAL_Driver/Src/stm32f1xx_hal_cortex.c.obj
 .text.NVIC_EncodePriority
                0x0800278c       0x64 cmake/stm32cubemx/CMakeFiles/STM32_Drivers.dir/__/__/Drivers/STM32F1xx_HAL_Driver/Src/stm32f1xx_hal_cortex.c.obj
 .text.SysTick_Config
                0x080027f0       0x44 cmake/stm32cubemx/CMakeFiles/STM32_Drivers.dir/__/__/Drivers/STM32F1xx_HAL_Driver/Src/stm32f1xx_hal_cortex.c.obj
 .text.HAL_NVIC_SetPriorityGrouping
                0x08002834       0x16 cmake/stm32cubemx/CMakeFiles/STM32_Drivers.dir/__/__/Drivers/STM32F1xx_HAL_Driver/Src/stm32f1xx_hal_cortex.c.obj
                0x08002834                HAL_NVIC_SetPriorityGrouping
 .text.HAL_NVIC_SetPriority
                0x0800284a       0x38 cmake/stm32cubemx/CMakeFiles/STM32_Drivers.dir/__/__/Drivers/STM32F1xx_HAL_Driver/Src/stm32f1xx_hal_cortex.c.obj
                0x0800284a                HAL_NVIC_SetPriority
 .text.HAL_NVIC_EnableIRQ
                0x08002882       0x1c cmake/stm32cubemx/CMakeFiles/STM32_Drivers.dir/__/__/Drivers/STM32F1xx_HAL_Driver/Src/stm32f1xx_hal_cortex.c.obj
                0x08002882                HAL_NVIC_EnableIRQ
 .text.HAL_SYSTICK_Config
                0x0800289e       0x18 cmake/stm32cubemx/CMakeFiles/STM32_Drivers.dir/__/__/Drivers/STM32F1xx_HAL_Driver/Src/stm32f1xx_hal_cortex.c.obj
                0x0800289e                HAL_SYSTICK_Config
 *fill*         0x080028b6        0x2 
 .text.HAL_FLASH_Program
                0x080028b8       0xe0 cmake/stm32cubemx/CMakeFiles/STM32_Drivers.dir/__/__/Drivers/STM32F1xx_HAL_Driver/Src/stm32f1xx_hal_flash.c.obj
                0x080028b8                HAL_FLASH_Program
 .text.HAL_FLASH_Unlock
                0x08002998       0x4c cmake/stm32cubemx/CMakeFiles/STM32_Drivers.dir/__/__/Drivers/STM32F1xx_HAL_Driver/Src/stm32f1xx_hal_flash.c.obj
                0x08002998                HAL_FLASH_Unlock
 .text.HAL_FLASH_Lock
                0x080029e4       0x20 cmake/stm32cubemx/CMakeFiles/STM32_Drivers.dir/__/__/Drivers/STM32F1xx_HAL_Driver/Src/stm32f1xx_hal_flash.c.obj
                0x080029e4                HAL_FLASH_Lock
 .text.FLASH_Program_HalfWord
                0x08002a04       0x38 cmake/stm32cubemx/CMakeFiles/STM32_Drivers.dir/__/__/Drivers/STM32F1xx_HAL_Driver/Src/stm32f1xx_hal_flash.c.obj
 .text.FLASH_WaitForLastOperation
                0x08002a3c       0x8c cmake/stm32cubemx/CMakeFiles/STM32_Drivers.dir/__/__/Drivers/STM32F1xx_HAL_Driver/Src/stm32f1xx_hal_flash.c.obj
                0x08002a3c                FLASH_WaitForLastOperation
 .text.FLASH_SetErrorCode
                0x08002ac8       0xa0 cmake/stm32cubemx/CMakeFiles/STM32_Drivers.dir/__/__/Drivers/STM32F1xx_HAL_Driver/Src/stm32f1xx_hal_flash.c.obj
 .text.HAL_FLASHEx_Erase
                0x08002b68       0xd8 cmake/stm32cubemx/CMakeFiles/STM32_Drivers.dir/__/__/Drivers/STM32F1xx_HAL_Driver/Src/stm32f1xx_hal_flash_ex.c.obj
                0x08002b68                HAL_FLASHEx_Erase
 .text.FLASH_MassErase
                0x08002c40       0x38 cmake/stm32cubemx/CMakeFiles/STM32_Drivers.dir/__/__/Drivers/STM32F1xx_HAL_Driver/Src/stm32f1xx_hal_flash_ex.c.obj
 .text.FLASH_PageErase
                0x08002c78       0x40 cmake/stm32cubemx/CMakeFiles/STM32_Drivers.dir/__/__/Drivers/STM32F1xx_HAL_Driver/Src/stm32f1xx_hal_flash_ex.c.obj
                0x08002c78                FLASH_PageErase
 .text.HAL_TIM_Base_Init
                0x08002cb8       0x9e cmake/stm32cubemx/CMakeFiles/STM32_Drivers.dir/__/__/Drivers/STM32F1xx_HAL_Driver/Src/stm32f1xx_hal_tim.c.obj
                0x08002cb8                HAL_TIM_Base_Init
 *fill*         0x08002d56        0x2 
 .text.HAL_TIM_Base_Start_IT
                0x08002d58       0xa4 cmake/stm32cubemx/CMakeFiles/STM32_Drivers.dir/__/__/Drivers/STM32F1xx_HAL_Driver/Src/stm32f1xx_hal_tim.c.obj
                0x08002d58                HAL_TIM_Base_Start_IT
 .text.HAL_TIM_Base_Stop_IT
                0x08002dfc       0x5c cmake/stm32cubemx/CMakeFiles/STM32_Drivers.dir/__/__/Drivers/STM32F1xx_HAL_Driver/Src/stm32f1xx_hal_tim.c.obj
                0x08002dfc                HAL_TIM_Base_Stop_IT
 .text.HAL_TIM_OC_Init
                0x08002e58       0x9e cmake/stm32cubemx/CMakeFiles/STM32_Drivers.dir/__/__/Drivers/STM32F1xx_HAL_Driver/Src/stm32f1xx_hal_tim.c.obj
                0x08002e58                HAL_TIM_OC_Init
 .text.HAL_TIM_OC_MspInit
                0x08002ef6       0x12 cmake/stm32cubemx/CMakeFiles/STM32_Drivers.dir/__/__/Drivers/STM32F1xx_HAL_Driver/Src/stm32f1xx_hal_tim.c.obj
                0x08002ef6                HAL_TIM_OC_MspInit
 .text.HAL_TIM_OC_Start_IT
                0x08002f08      0x1e0 cmake/stm32cubemx/CMakeFiles/STM32_Drivers.dir/__/__/Drivers/STM32F1xx_HAL_Driver/Src/stm32f1xx_hal_tim.c.obj
                0x08002f08                HAL_TIM_OC_Start_IT
 .text.HAL_TIM_OC_Stop_IT
                0x080030e8      0x164 cmake/stm32cubemx/CMakeFiles/STM32_Drivers.dir/__/__/Drivers/STM32F1xx_HAL_Driver/Src/stm32f1xx_hal_tim.c.obj
                0x080030e8                HAL_TIM_OC_Stop_IT
 .text.HAL_TIM_PWM_Init
                0x0800324c       0x9e cmake/stm32cubemx/CMakeFiles/STM32_Drivers.dir/__/__/Drivers/STM32F1xx_HAL_Driver/Src/stm32f1xx_hal_tim.c.obj
                0x0800324c                HAL_TIM_PWM_Init
 .text.HAL_TIM_PWM_MspInit
                0x080032ea       0x12 cmake/stm32cubemx/CMakeFiles/STM32_Drivers.dir/__/__/Drivers/STM32F1xx_HAL_Driver/Src/stm32f1xx_hal_tim.c.obj
                0x080032ea                HAL_TIM_PWM_MspInit
 .text.HAL_TIM_PWM_Start
                0x080032fc      0x144 cmake/stm32cubemx/CMakeFiles/STM32_Drivers.dir/__/__/Drivers/STM32F1xx_HAL_Driver/Src/stm32f1xx_hal_tim.c.obj
                0x080032fc                HAL_TIM_PWM_Start
 .text.HAL_TIM_IC_Init
                0x08003440       0x9e cmake/stm32cubemx/CMakeFiles/STM32_Drivers.dir/__/__/Drivers/STM32F1xx_HAL_Driver/Src/stm32f1xx_hal_tim.c.obj
                0x08003440                HAL_TIM_IC_Init
 .text.HAL_TIM_IC_MspInit
                0x080034de       0x12 cmake/stm32cubemx/CMakeFiles/STM32_Drivers.dir/__/__/Drivers/STM32F1xx_HAL_Driver/Src/stm32f1xx_hal_tim.c.obj
                0x080034de                HAL_TIM_IC_MspInit
 .text.HAL_TIM_IC_Start_IT
                0x080034f0      0x218 cmake/stm32cubemx/CMakeFiles/STM32_Drivers.dir/__/__/Drivers/STM32F1xx_HAL_Driver/Src/stm32f1xx_hal_tim.c.obj
                0x080034f0                HAL_TIM_IC_Start_IT
 .text.HAL_TIM_IRQHandler
                0x08003708      0x1e0 cmake/stm32cubemx/CMakeFiles/STM32_Drivers.dir/__/__/Drivers/STM32F1xx_HAL_Driver/Src/stm32f1xx_hal_tim.c.obj
                0x08003708                HAL_TIM_IRQHandler
 .text.HAL_TIM_OC_ConfigChannel
                0x080038e8       0xb8 cmake/stm32cubemx/CMakeFiles/STM32_Drivers.dir/__/__/Drivers/STM32F1xx_HAL_Driver/Src/stm32f1xx_hal_tim.c.obj
                0x080038e8                HAL_TIM_OC_ConfigChannel
 .text.HAL_TIM_IC_ConfigChannel
                0x080039a0      0x138 cmake/stm32cubemx/CMakeFiles/STM32_Drivers.dir/__/__/Drivers/STM32F1xx_HAL_Driver/Src/stm32f1xx_hal_tim.c.obj
                0x080039a0                HAL_TIM_IC_ConfigChannel
 .text.HAL_TIM_PWM_ConfigChannel
                0x08003ad8      0x184 cmake/stm32cubemx/CMakeFiles/STM32_Drivers.dir/__/__/Drivers/STM32F1xx_HAL_Driver/Src/stm32f1xx_hal_tim.c.obj
                0x08003ad8                HAL_TIM_PWM_ConfigChannel
 .text.HAL_TIM_ConfigClockSource
                0x08003c5c      0x18e cmake/stm32cubemx/CMakeFiles/STM32_Drivers.dir/__/__/Drivers/STM32F1xx_HAL_Driver/Src/stm32f1xx_hal_tim.c.obj
                0x08003c5c                HAL_TIM_ConfigClockSource
 *fill*         0x08003dea        0x2 
 .text.HAL_TIM_ReadCapturedValue
                0x08003dec       0x88 cmake/stm32cubemx/CMakeFiles/STM32_Drivers.dir/__/__/Drivers/STM32F1xx_HAL_Driver/Src/stm32f1xx_hal_tim.c.obj
                0x08003dec                HAL_TIM_ReadCapturedValue
 .text.HAL_TIM_PWM_PulseFinishedCallback
                0x08003e74       0x12 cmake/stm32cubemx/CMakeFiles/STM32_Drivers.dir/__/__/Drivers/STM32F1xx_HAL_Driver/Src/stm32f1xx_hal_tim.c.obj
                0x08003e74                HAL_TIM_PWM_PulseFinishedCallback
 .text.HAL_TIM_TriggerCallback
                0x08003e86       0x12 cmake/stm32cubemx/CMakeFiles/STM32_Drivers.dir/__/__/Drivers/STM32F1xx_HAL_Driver/Src/stm32f1xx_hal_tim.c.obj
                0x08003e86                HAL_TIM_TriggerCallback
 .text.TIM_Base_SetConfig
                0x08003e98       0xdc cmake/stm32cubemx/CMakeFiles/STM32_Drivers.dir/__/__/Drivers/STM32F1xx_HAL_Driver/Src/stm32f1xx_hal_tim.c.obj
                0x08003e98                TIM_Base_SetConfig
 .text.TIM_OC1_SetConfig
                0x08003f74       0xcc cmake/stm32cubemx/CMakeFiles/STM32_Drivers.dir/__/__/Drivers/STM32F1xx_HAL_Driver/Src/stm32f1xx_hal_tim.c.obj
 .text.TIM_OC2_SetConfig
                0x08004040       0xd4 cmake/stm32cubemx/CMakeFiles/STM32_Drivers.dir/__/__/Drivers/STM32F1xx_HAL_Driver/Src/stm32f1xx_hal_tim.c.obj
                0x08004040                TIM_OC2_SetConfig
 .text.TIM_OC3_SetConfig
                0x08004114       0xd4 cmake/stm32cubemx/CMakeFiles/STM32_Drivers.dir/__/__/Drivers/STM32F1xx_HAL_Driver/Src/stm32f1xx_hal_tim.c.obj
 .text.TIM_OC4_SetConfig
                0x080041e8       0x9c cmake/stm32cubemx/CMakeFiles/STM32_Drivers.dir/__/__/Drivers/STM32F1xx_HAL_Driver/Src/stm32f1xx_hal_tim.c.obj
 .text.TIM_TI1_SetConfig
                0x08004284       0xb4 cmake/stm32cubemx/CMakeFiles/STM32_Drivers.dir/__/__/Drivers/STM32F1xx_HAL_Driver/Src/stm32f1xx_hal_tim.c.obj
                0x08004284                TIM_TI1_SetConfig
 .text.TIM_TI1_ConfigInputStage
                0x08004338       0x5c cmake/stm32cubemx/CMakeFiles/STM32_Drivers.dir/__/__/Drivers/STM32F1xx_HAL_Driver/Src/stm32f1xx_hal_tim.c.obj
 .text.TIM_TI2_SetConfig
                0x08004394       0x78 cmake/stm32cubemx/CMakeFiles/STM32_Drivers.dir/__/__/Drivers/STM32F1xx_HAL_Driver/Src/stm32f1xx_hal_tim.c.obj
 .text.TIM_TI2_ConfigInputStage
                0x0800440c       0x5e cmake/stm32cubemx/CMakeFiles/STM32_Drivers.dir/__/__/Drivers/STM32F1xx_HAL_Driver/Src/stm32f1xx_hal_tim.c.obj
 .text.TIM_TI3_SetConfig
                0x0800446a       0x76 cmake/stm32cubemx/CMakeFiles/STM32_Drivers.dir/__/__/Drivers/STM32F1xx_HAL_Driver/Src/stm32f1xx_hal_tim.c.obj
 .text.TIM_TI4_SetConfig
                0x080044e0       0x78 cmake/stm32cubemx/CMakeFiles/STM32_Drivers.dir/__/__/Drivers/STM32F1xx_HAL_Driver/Src/stm32f1xx_hal_tim.c.obj
 .text.TIM_ITRx_SetConfig
                0x08004558       0x34 cmake/stm32cubemx/CMakeFiles/STM32_Drivers.dir/__/__/Drivers/STM32F1xx_HAL_Driver/Src/stm32f1xx_hal_tim.c.obj
 .text.TIM_ETR_SetConfig
                0x0800458c       0x3e cmake/stm32cubemx/CMakeFiles/STM32_Drivers.dir/__/__/Drivers/STM32F1xx_HAL_Driver/Src/stm32f1xx_hal_tim.c.obj
                0x0800458c                TIM_ETR_SetConfig
 .text.TIM_CCxChannelCmd
                0x080045ca       0x48 cmake/stm32cubemx/CMakeFiles/STM32_Drivers.dir/__/__/Drivers/STM32F1xx_HAL_Driver/Src/stm32f1xx_hal_tim.c.obj
                0x080045ca                TIM_CCxChannelCmd
 *fill*         0x08004612        0x2 
 .text.HAL_TIMEx_MasterConfigSynchronization
                0x08004614       0xbc cmake/stm32cubemx/CMakeFiles/STM32_Drivers.dir/__/__/Drivers/STM32F1xx_HAL_Driver/Src/stm32f1xx_hal_tim_ex.c.obj
                0x08004614                HAL_TIMEx_MasterConfigSynchronization
 .text.HAL_TIMEx_ConfigBreakDeadTime
                0x080046d0       0xa2 cmake/stm32cubemx/CMakeFiles/STM32_Drivers.dir/__/__/Drivers/STM32F1xx_HAL_Driver/Src/stm32f1xx_hal_tim_ex.c.obj
                0x080046d0                HAL_TIMEx_ConfigBreakDeadTime
 .text.HAL_TIMEx_CommutCallback
                0x08004772       0x12 cmake/stm32cubemx/CMakeFiles/STM32_Drivers.dir/__/__/Drivers/STM32F1xx_HAL_Driver/Src/stm32f1xx_hal_tim_ex.c.obj
                0x08004772                HAL_TIMEx_CommutCallback
 .text.HAL_TIMEx_BreakCallback
                0x08004784       0x12 cmake/stm32cubemx/CMakeFiles/STM32_Drivers.dir/__/__/Drivers/STM32F1xx_HAL_Driver/Src/stm32f1xx_hal_tim_ex.c.obj
                0x08004784                HAL_TIMEx_BreakCallback
 .text.HAL_UART_Init
                0x08004796       0xa0 cmake/stm32cubemx/CMakeFiles/STM32_Drivers.dir/__/__/Drivers/STM32F1xx_HAL_Driver/Src/stm32f1xx_hal_uart.c.obj
                0x08004796                HAL_UART_Init
 .text.HAL_UART_Transmit_IT
                0x08004836       0x6a cmake/stm32cubemx/CMakeFiles/STM32_Drivers.dir/__/__/Drivers/STM32F1xx_HAL_Driver/Src/stm32f1xx_hal_uart.c.obj
                0x08004836                HAL_UART_Transmit_IT
 .text.HAL_UART_Receive_IT
                0x080048a0       0x4a cmake/stm32cubemx/CMakeFiles/STM32_Drivers.dir/__/__/Drivers/STM32F1xx_HAL_Driver/Src/stm32f1xx_hal_uart.c.obj
                0x080048a0                HAL_UART_Receive_IT
 *fill*         0x080048ea        0x2 
 .text.HAL_UART_IRQHandler
                0x080048ec      0x524 cmake/stm32cubemx/CMakeFiles/STM32_Drivers.dir/__/__/Drivers/STM32F1xx_HAL_Driver/Src/stm32f1xx_hal_uart.c.obj
                0x080048ec                HAL_UART_IRQHandler
 .text.HAL_UART_ErrorCallback
                0x08004e10       0x12 cmake/stm32cubemx/CMakeFiles/STM32_Drivers.dir/__/__/Drivers/STM32F1xx_HAL_Driver/Src/stm32f1xx_hal_uart.c.obj
                0x08004e10                HAL_UART_ErrorCallback
 .text.HAL_UARTEx_RxEventCallback
                0x08004e22       0x16 cmake/stm32cubemx/CMakeFiles/STM32_Drivers.dir/__/__/Drivers/STM32F1xx_HAL_Driver/Src/stm32f1xx_hal_uart.c.obj
                0x08004e22                HAL_UARTEx_RxEventCallback
 .text.UART_Start_Receive_IT
                0x08004e38       0x72 cmake/stm32cubemx/CMakeFiles/STM32_Drivers.dir/__/__/Drivers/STM32F1xx_HAL_Driver/Src/stm32f1xx_hal_uart.c.obj
                0x08004e38                UART_Start_Receive_IT
 .text.UART_EndRxTransfer
                0x08004eaa       0xc4 cmake/stm32cubemx/CMakeFiles/STM32_Drivers.dir/__/__/Drivers/STM32F1xx_HAL_Driver/Src/stm32f1xx_hal_uart.c.obj
 .text.UART_DMAAbortOnError
                0x08004f6e       0x28 cmake/stm32cubemx/CMakeFiles/STM32_Drivers.dir/__/__/Drivers/STM32F1xx_HAL_Driver/Src/stm32f1xx_hal_uart.c.obj
 .text.UART_Transmit_IT
                0x08004f96       0x9e cmake/stm32cubemx/CMakeFiles/STM32_Drivers.dir/__/__/Drivers/STM32F1xx_HAL_Driver/Src/stm32f1xx_hal_uart.c.obj
 .text.UART_EndTransmit_IT
                0x08005034       0x30 cmake/stm32cubemx/CMakeFiles/STM32_Drivers.dir/__/__/Drivers/STM32F1xx_HAL_Driver/Src/stm32f1xx_hal_uart.c.obj
 .text.UART_Receive_IT
                0x08005064      0x17c cmake/stm32cubemx/CMakeFiles/STM32_Drivers.dir/__/__/Drivers/STM32F1xx_HAL_Driver/Src/stm32f1xx_hal_uart.c.obj
 .text.UART_SetConfig
                0x080051e0      0x11c cmake/stm32cubemx/CMakeFiles/STM32_Drivers.dir/__/__/Drivers/STM32F1xx_HAL_Driver/Src/stm32f1xx_hal_uart.c.obj
 .text.main     0x080052fc       0xec CMakeFiles/funcionando_23-05_002.dir/Core/Src/main.c.obj
                0x080052fc                main
 .text.SystemClock_Config
                0x080053e8       0x8a CMakeFiles/funcionando_23-05_002.dir/Core/Src/main.c.obj
                0x080053e8                SystemClock_Config
 .text.Error_Handler
                0x08005472        0xc CMakeFiles/funcionando_23-05_002.dir/Core/Src/main.c.obj
                0x08005472                Error_Handler
 *fill*         0x0800547e        0x2 
 .text.MX_GPIO_Init
                0x08005480      0x108 CMakeFiles/funcionando_23-05_002.dir/Core/Src/gpio.c.obj
                0x08005480                MX_GPIO_Init
 .text.MX_CRC_Init
                0x08005588       0x28 CMakeFiles/funcionando_23-05_002.dir/Core/Src/crc.c.obj
                0x08005588                MX_CRC_Init
 .text.HAL_CRC_MspInit
                0x080055b0       0x3c CMakeFiles/funcionando_23-05_002.dir/Core/Src/crc.c.obj
                0x080055b0                HAL_CRC_MspInit
 .text.MX_TIM1_Init
                0x080055ec      0x170 CMakeFiles/funcionando_23-05_002.dir/Core/Src/tim.c.obj
                0x080055ec                MX_TIM1_Init
 .text.MX_TIM2_Init
                0x0800575c      0x10c CMakeFiles/funcionando_23-05_002.dir/Core/Src/tim.c.obj
                0x0800575c                MX_TIM2_Init
 .text.MX_TIM3_Init
                0x08005868       0xe8 CMakeFiles/funcionando_23-05_002.dir/Core/Src/tim.c.obj
                0x08005868                MX_TIM3_Init
 .text.MX_TIM4_Init
                0x08005950      0x124 CMakeFiles/funcionando_23-05_002.dir/Core/Src/tim.c.obj
                0x08005950                MX_TIM4_Init
 .text.HAL_TIM_Base_MspInit
                0x08005a74      0x180 CMakeFiles/funcionando_23-05_002.dir/Core/Src/tim.c.obj
                0x08005a74                HAL_TIM_Base_MspInit
 .text.HAL_TIM_MspPostInit
                0x08005bf4       0x68 CMakeFiles/funcionando_23-05_002.dir/Core/Src/tim.c.obj
                0x08005bf4                HAL_TIM_MspPostInit
 .text.MX_USART1_UART_Init
                0x08005c5c       0x54 CMakeFiles/funcionando_23-05_002.dir/Core/Src/usart.c.obj
                0x08005c5c                MX_USART1_UART_Init
 .text.HAL_UART_MspInit
                0x08005cb0       0xc4 CMakeFiles/funcionando_23-05_002.dir/Core/Src/usart.c.obj
                0x08005cb0                HAL_UART_MspInit
 .text.NMI_Handler
                0x08005d74        0x8 CMakeFiles/funcionando_23-05_002.dir/Core/Src/stm32f1xx_it.c.obj
                0x08005d74                NMI_Handler
 .text.HardFault_Handler
                0x08005d7c        0x8 CMakeFiles/funcionando_23-05_002.dir/Core/Src/stm32f1xx_it.c.obj
                0x08005d7c                HardFault_Handler
 .text.MemManage_Handler
                0x08005d84        0x8 CMakeFiles/funcionando_23-05_002.dir/Core/Src/stm32f1xx_it.c.obj
                0x08005d84                MemManage_Handler
 .text.BusFault_Handler
                0x08005d8c        0x8 CMakeFiles/funcionando_23-05_002.dir/Core/Src/stm32f1xx_it.c.obj
                0x08005d8c                BusFault_Handler
 .text.UsageFault_Handler
                0x08005d94        0x8 CMakeFiles/funcionando_23-05_002.dir/Core/Src/stm32f1xx_it.c.obj
                0x08005d94                UsageFault_Handler
 .text.SVC_Handler
                0x08005d9c        0xc CMakeFiles/funcionando_23-05_002.dir/Core/Src/stm32f1xx_it.c.obj
                0x08005d9c                SVC_Handler
 .text.DebugMon_Handler
                0x08005da8        0xc CMakeFiles/funcionando_23-05_002.dir/Core/Src/stm32f1xx_it.c.obj
                0x08005da8                DebugMon_Handler
 .text.PendSV_Handler
                0x08005db4        0xc CMakeFiles/funcionando_23-05_002.dir/Core/Src/stm32f1xx_it.c.obj
                0x08005db4                PendSV_Handler
 .text.SysTick_Handler
                0x08005dc0       0x1c CMakeFiles/funcionando_23-05_002.dir/Core/Src/stm32f1xx_it.c.obj
                0x08005dc0                SysTick_Handler
 .text.TIM2_IRQHandler
                0x08005ddc       0x14 CMakeFiles/funcionando_23-05_002.dir/Core/Src/stm32f1xx_it.c.obj
                0x08005ddc                TIM2_IRQHandler
 .text.TIM3_IRQHandler
                0x08005df0       0x14 CMakeFiles/funcionando_23-05_002.dir/Core/Src/stm32f1xx_it.c.obj
                0x08005df0                TIM3_IRQHandler
 .text.TIM4_IRQHandler
                0x08005e04       0x14 CMakeFiles/funcionando_23-05_002.dir/Core/Src/stm32f1xx_it.c.obj
                0x08005e04                TIM4_IRQHandler
 .text.USART1_IRQHandler
                0x08005e18       0x14 CMakeFiles/funcionando_23-05_002.dir/Core/Src/stm32f1xx_it.c.obj
                0x08005e18                USART1_IRQHandler
 .text.HAL_MspInit
                0x08005e2c       0x44 CMakeFiles/funcionando_23-05_002.dir/Core/Src/stm32f1xx_hal_msp.c.obj
                0x08005e2c                HAL_MspInit
 .text._sbrk    0x08005e70       0x6c CMakeFiles/funcionando_23-05_002.dir/Core/Src/sysmem.c.obj
                0x08005e70                _sbrk
 .text._getpid  0x08005edc        0xe CMakeFiles/funcionando_23-05_002.dir/Core/Src/syscalls.c.obj
                0x08005edc                _getpid
 .text._kill    0x08005eea       0x20 CMakeFiles/funcionando_23-05_002.dir/Core/Src/syscalls.c.obj
                0x08005eea                _kill
 .text._exit    0x08005f0a       0x16 CMakeFiles/funcionando_23-05_002.dir/Core/Src/syscalls.c.obj
                0x08005f0a                _exit
 .text._read    0x08005f20       0x3a CMakeFiles/funcionando_23-05_002.dir/Core/Src/syscalls.c.obj
                0x08005f20                _read
 .text._write   0x08005f5a       0x38 CMakeFiles/funcionando_23-05_002.dir/Core/Src/syscalls.c.obj
                0x08005f5a                _write
 .text._close   0x08005f92       0x16 CMakeFiles/funcionando_23-05_002.dir/Core/Src/syscalls.c.obj
                0x08005f92                _close
 .text._fstat   0x08005fa8       0x1e CMakeFiles/funcionando_23-05_002.dir/Core/Src/syscalls.c.obj
                0x08005fa8                _fstat
 .text._isatty  0x08005fc6       0x14 CMakeFiles/funcionando_23-05_002.dir/Core/Src/syscalls.c.obj
                0x08005fc6                _isatty
 .text._lseek   0x08005fda       0x18 CMakeFiles/funcionando_23-05_002.dir/Core/Src/syscalls.c.obj
                0x08005fda                _lseek
 *fill*         0x08005ff2        0x2 
 .text.Reset_Handler
                0x08005ff4       0x48 CMakeFiles/funcionando_23-05_002.dir/startup_stm32f103xb.s.obj
                0x08005ff4                Reset_Handler
 .text.Default_Handler
                0x0800603c        0x2 CMakeFiles/funcionando_23-05_002.dir/startup_stm32f103xb.s.obj
                0x0800603c                RTC_Alarm_IRQHandler
                0x0800603c                EXTI2_IRQHandler
                0x0800603c                TIM1_CC_IRQHandler
                0x0800603c                PVD_IRQHandler
                0x0800603c                EXTI3_IRQHandler
                0x0800603c                EXTI0_IRQHandler
                0x0800603c                I2C2_EV_IRQHandler
                0x0800603c                ADC1_2_IRQHandler
                0x0800603c                SPI1_IRQHandler
                0x0800603c                TAMPER_IRQHandler
                0x0800603c                DMA1_Channel4_IRQHandler
                0x0800603c                USART3_IRQHandler
                0x0800603c                RTC_IRQHandler
                0x0800603c                DMA1_Channel7_IRQHandler
                0x0800603c                CAN1_RX1_IRQHandler
                0x0800603c                I2C1_EV_IRQHandler
                0x0800603c                DMA1_Channel6_IRQHandler
                0x0800603c                RCC_IRQHandler
                0x0800603c                TIM1_TRG_COM_IRQHandler
                0x0800603c                DMA1_Channel1_IRQHandler
                0x0800603c                Default_Handler
                0x0800603c                EXTI15_10_IRQHandler
                0x0800603c                EXTI9_5_IRQHandler
                0x0800603c                SPI2_IRQHandler
                0x0800603c                DMA1_Channel5_IRQHandler
                0x0800603c                EXTI4_IRQHandler
                0x0800603c                USB_LP_CAN1_RX0_IRQHandler
                0x0800603c                USB_HP_CAN1_TX_IRQHandler
                0x0800603c                DMA1_Channel3_IRQHandler
                0x0800603c                TIM1_UP_IRQHandler
                0x0800603c                WWDG_IRQHandler
                0x0800603c                TIM1_BRK_IRQHandler
                0x0800603c                EXTI1_IRQHandler
                0x0800603c                USART2_IRQHandler
                0x0800603c                I2C2_ER_IRQHandler
                0x0800603c                DMA1_Channel2_IRQHandler
                0x0800603c                CAN1_SCE_IRQHandler
                0x0800603c                FLASH_IRQHandler
                0x0800603c                I2C1_ER_IRQHandler
                0x0800603c                USBWakeUp_IRQHandler
 *fill*         0x0800603e        0x2 
 .text.HAL_TIM_IC_CaptureCallback
                0x08006040       0x8c CMakeFiles/funcionando_23-05_002.dir/Core/Src/callbacks.c.obj
                0x08006040                HAL_TIM_IC_CaptureCallback
 .text.HAL_TIM_OC_DelayElapsedCallback
                0x080060cc       0x40 CMakeFiles/funcionando_23-05_002.dir/Core/Src/callbacks.c.obj
                0x080060cc                HAL_TIM_OC_DelayElapsedCallback
 .text.HAL_TIM_PeriodElapsedCallback
                0x0800610c       0x24 CMakeFiles/funcionando_23-05_002.dir/Core/Src/callbacks.c.obj
                0x0800610c                HAL_TIM_PeriodElapsedCallback
 .text.commInit
                0x08006130       0x50 CMakeFiles/funcionando_23-05_002.dir/Core/Src/comm.c.obj
                0x08006130                commInit
 .text.processCurrentCommand
                0x08006180       0x14 CMakeFiles/funcionando_23-05_002.dir/Core/Src/comm.c.obj
                0x08006180                processCurrentCommand
 .text.processUartData
                0x08006194       0xe4 CMakeFiles/funcionando_23-05_002.dir/Core/Src/comm.c.obj
                0x08006194                processUartData
 .text.processCommand
                0x08006278      0x210 CMakeFiles/funcionando_23-05_002.dir/Core/Src/comm.c.obj
                0x08006278                processCommand
 .text.handleCommandEffects
                0x08006488       0x98 CMakeFiles/funcionando_23-05_002.dir/Core/Src/comm.c.obj
                0x08006488                handleCommandEffects
 .text.configStatusToString
                0x08006520       0x30 CMakeFiles/funcionando_23-05_002.dir/Core/Src/comm.c.obj
                0x08006520                configStatusToString
 .text.printHelp
                0x08006550       0x50 CMakeFiles/funcionando_23-05_002.dir/Core/Src/comm.c.obj
 .text.executeCommand
                0x080065a0      0x574 CMakeFiles/funcionando_23-05_002.dir/Core/Src/comm.c.obj
                0x080065a0                executeCommand
 .text.processLoggingQueue
                0x08006b14      0x120 CMakeFiles/funcionando_23-05_002.dir/Core/Src/comm.c.obj
                0x08006b14                processLoggingQueue
 .text.loggeableVarToString
                0x08006c34       0x48 CMakeFiles/funcionando_23-05_002.dir/Core/Src/comm.c.obj
 .text.startLoggingParam
                0x08006c7c       0x7c CMakeFiles/funcionando_23-05_002.dir/Core/Src/comm.c.obj
                0x08006c7c                startLoggingParam
 .text.stopLoggingParam
                0x08006cf8       0x94 CMakeFiles/funcionando_23-05_002.dir/Core/Src/comm.c.obj
                0x08006cf8                stopLoggingParam
 .text.parseParameter
                0x08006d8c      0x174 CMakeFiles/funcionando_23-05_002.dir/Core/Src/comm.c.obj
                0x08006d8c                parseParameter
 .text.parseAction
                0x08006f00       0xc4 CMakeFiles/funcionando_23-05_002.dir/Core/Src/comm.c.obj
                0x08006f00                parseAction
 .text.transmitirUART
                0x08006fc4       0xe0 CMakeFiles/funcionando_23-05_002.dir/Core/Src/comm.c.obj
                0x08006fc4                transmitirUART
 .text.processSpeedCommand
                0x080070a4       0x78 CMakeFiles/funcionando_23-05_002.dir/Core/Src/comm.c.obj
                0x080070a4                processSpeedCommand
 .text.HAL_UART_TxCpltCallback
                0x0800711c       0xa0 CMakeFiles/funcionando_23-05_002.dir/Core/Src/comm.c.obj
                0x0800711c                HAL_UART_TxCpltCallback
 .text.HAL_UART_RxCpltCallback
                0x080071bc       0x5c CMakeFiles/funcionando_23-05_002.dir/Core/Src/comm.c.obj
                0x080071bc                HAL_UART_RxCpltCallback
 .text.calculate_block_crc
                0x08007218       0x94 CMakeFiles/funcionando_23-05_002.dir/Core/Src/flash_config.c.obj
 .text.write_page
                0x080072ac       0x4c CMakeFiles/funcionando_23-05_002.dir/Core/Src/flash_config.c.obj
 .text.find_active_page
                0x080072f8       0xe4 CMakeFiles/funcionando_23-05_002.dir/Core/Src/flash_config.c.obj
 .text.erase_flash_page
                0x080073dc       0x48 CMakeFiles/funcionando_23-05_002.dir/Core/Src/flash_config.c.obj
 .text.write_flash_block
                0x08007424       0x68 CMakeFiles/funcionando_23-05_002.dir/Core/Src/flash_config.c.obj
 .text.flash_config_init
                0x0800748c       0x7c CMakeFiles/funcionando_23-05_002.dir/Core/Src/flash_config.c.obj
                0x0800748c                flash_config_init
 .text.flash_config_save
                0x08007508      0x148 CMakeFiles/funcionando_23-05_002.dir/Core/Src/flash_config.c.obj
                0x08007508                flash_config_save
 .text.flash_config_has_pending_changes
                0x08007650       0x40 CMakeFiles/funcionando_23-05_002.dir/Core/Src/flash_config.c.obj
                0x08007650                flash_config_has_pending_changes
 .text.flash_config_parameter_changed
                0x08007690       0x18 CMakeFiles/funcionando_23-05_002.dir/Core/Src/flash_config.c.obj
                0x08007690                flash_config_parameter_changed
 .text.set_default_esc_params
                0x080076a8       0x6c CMakeFiles/funcionando_23-05_002.dir/Core/Src/hard_config.c.obj
                0x080076a8                set_default_esc_params
 .text.update_all_esc
                0x08007714       0x60 CMakeFiles/funcionando_23-05_002.dir/Core/Src/hard_config.c.obj
                0x08007714                update_all_esc
 .text.compute_crc32
                0x08007774       0xc8 CMakeFiles/funcionando_23-05_002.dir/Core/Src/hard_config.c.obj
                0x08007774                compute_crc32
 .text.get_pwm_freq
                0x0800783c       0x14 CMakeFiles/funcionando_23-05_002.dir/Core/Src/hard_config.c.obj
                0x0800783c                get_pwm_freq
 .text.set_pwm_freq
                0x08007850       0x40 CMakeFiles/funcionando_23-05_002.dir/Core/Src/hard_config.c.obj
                0x08007850                set_pwm_freq
 .text.setPolePairs
                0x08007890       0x38 CMakeFiles/funcionando_23-05_002.dir/Core/Src/hard_config.c.obj
                0x08007890                setPolePairs
 .text.getPolePairs
                0x080078c8       0x18 CMakeFiles/funcionando_23-05_002.dir/Core/Src/hard_config.c.obj
                0x080078c8                getPolePairs
 .text.setKP    0x080078e0       0x4c CMakeFiles/funcionando_23-05_002.dir/Core/Src/hard_config.c.obj
                0x080078e0                setKP
 .text.getKP    0x0800792c       0x14 CMakeFiles/funcionando_23-05_002.dir/Core/Src/hard_config.c.obj
                0x0800792c                getKP
 .text.setKI    0x08007940       0x4c CMakeFiles/funcionando_23-05_002.dir/Core/Src/hard_config.c.obj
                0x08007940                setKI
 .text.getKI    0x0800798c       0x14 CMakeFiles/funcionando_23-05_002.dir/Core/Src/hard_config.c.obj
                0x0800798c                getKI
 .text.setKD    0x080079a0       0x4c CMakeFiles/funcionando_23-05_002.dir/Core/Src/hard_config.c.obj
                0x080079a0                setKD
 .text.getKD    0x080079ec       0x14 CMakeFiles/funcionando_23-05_002.dir/Core/Src/hard_config.c.obj
                0x080079ec                getKD
 .text.safeMod  0x08007a00       0x42 CMakeFiles/funcionando_23-05_002.dir/Core/Src/motor_control.c.obj
                0x08007a00                safeMod
 *fill*         0x08007a42        0x2 
 .text.commutation
                0x08007a44      0x424 CMakeFiles/funcionando_23-05_002.dir/Core/Src/motor_control.c.obj
 .text.updateAllMotorControl
                0x08007e68       0xc8 CMakeFiles/funcionando_23-05_002.dir/Core/Src/motor_control.c.obj
                0x08007e68                updateAllMotorControl
 .text.filtroMediaMovil
                0x08007f30       0xe8 CMakeFiles/funcionando_23-05_002.dir/Core/Src/motor_control.c.obj
                0x08007f30                filtroMediaMovil
 .text.zeroCrossing
                0x08008018      0x43c CMakeFiles/funcionando_23-05_002.dir/Core/Src/motor_control.c.obj
                0x08008018                zeroCrossing
 .text.motorDetection
                0x08008454       0xf8 CMakeFiles/funcionando_23-05_002.dir/Core/Src/motor_control.c.obj
                0x08008454                motorDetection
 .text.checkMotorStatus
                0x0800854c       0xcc CMakeFiles/funcionando_23-05_002.dir/Core/Src/motor_control.c.obj
                0x0800854c                checkMotorStatus
 .text.mapSpeed
                0x08008618       0x88 CMakeFiles/funcionando_23-05_002.dir/Core/Src/motor_control.c.obj
 .text.PIcontrol
                0x080086a0      0x260 CMakeFiles/funcionando_23-05_002.dir/Core/Src/motor_control.c.obj
                0x080086a0                PIcontrol
 .text.stopMotor
                0x08008900       0xe0 CMakeFiles/funcionando_23-05_002.dir/Core/Src/motor_control.c.obj
                0x08008900                stopMotor
 .text.processPhaseMeasurement
                0x080089e0      0x12c CMakeFiles/funcionando_23-05_002.dir/Core/Src/motor_control.c.obj
 .text.calculateConsensusSpeed
                0x08008b0c      0x164 CMakeFiles/funcionando_23-05_002.dir/Core/Src/motor_control.c.obj
 .text.getActualSpeed
                0x08008c70       0x18 CMakeFiles/funcionando_23-05_002.dir/Core/Src/motor_control.c.obj
                0x08008c70                getActualSpeed
 .text.rpmToPeriod
                0x08008c88       0xe4 CMakeFiles/funcionando_23-05_002.dir/Core/Src/motor_control.c.obj
                0x08008c88                rpmToPeriod
 *fill*         0x08008d6c        0x4 
 .text.periodToRpm
                0x08008d70      0x10c CMakeFiles/funcionando_23-05_002.dir/Core/Src/motor_control.c.obj
                0x08008d70                periodToRpm
 .text.periodToPwm
                0x08008e7c       0x1c CMakeFiles/funcionando_23-05_002.dir/Core/Src/motor_control.c.obj
                0x08008e7c                periodToPwm
 .text.handleState
                0x08008e98      0x274 CMakeFiles/funcionando_23-05_002.dir/Core/Src/state_machine.c.obj
                0x08008e98                handleState
 .text.generate_sine_tables
                0x0800910c      0x164 CMakeFiles/funcionando_23-05_002.dir/Core/Src/startup.c.obj
 .text.foc_startup
                0x08009270       0xe4 CMakeFiles/funcionando_23-05_002.dir/Core/Src/startup.c.obj
                0x08009270                foc_startup
 .text.update_pwm_startup_foc
                0x08009354      0x170 CMakeFiles/funcionando_23-05_002.dir/Core/Src/startup.c.obj
                0x08009354                update_pwm_startup_foc
 .text.executeTransition
                0x080094c4       0xd8 CMakeFiles/funcionando_23-05_002.dir/Core/Src/startup.c.obj
 .text.atof     0x0800959c        0x6 /opt/st/stm32cubeclt_1.18.0/GNU-tools-for-STM32/bin/../lib/gcc/arm-none-eabi/13.3.1/../../../../arm-none-eabi/lib/thumb/v7-m/nofp/libg_nano.a(libc_a-atof.o)
                0x0800959c                atof
 .text.atoi     0x080095a2        0x8 /opt/st/stm32cubeclt_1.18.0/GNU-tools-for-STM32/bin/../lib/gcc/arm-none-eabi/13.3.1/../../../../arm-none-eabi/lib/thumb/v7-m/nofp/libg_nano.a(libc_a-atoi.o)
                0x080095a2                atoi
 .text.sulp     0x080095aa       0x42 /opt/st/stm32cubeclt_1.18.0/GNU-tools-for-STM32/bin/../lib/gcc/arm-none-eabi/13.3.1/../../../../arm-none-eabi/lib/thumb/v7-m/nofp/libg_nano.a(libc_a-strtod.o)
 *fill*         0x080095ec        0x4 
 .text._strtod_l
                0x080095f0      0xbb0 /opt/st/stm32cubeclt_1.18.0/GNU-tools-for-STM32/bin/../lib/gcc/arm-none-eabi/13.3.1/../../../../arm-none-eabi/lib/thumb/v7-m/nofp/libg_nano.a(libc_a-strtod.o)
                0x080095f0                _strtod_l
 .text.strtod   0x0800a1a0       0x18 /opt/st/stm32cubeclt_1.18.0/GNU-tools-for-STM32/bin/../lib/gcc/arm-none-eabi/13.3.1/../../../../arm-none-eabi/lib/thumb/v7-m/nofp/libg_nano.a(libc_a-strtod.o)
                0x0800a1a0                strtod
 .text._strtol_l.isra.0
                0x0800a1b8       0xf4 /opt/st/stm32cubeclt_1.18.0/GNU-tools-for-STM32/bin/../lib/gcc/arm-none-eabi/13.3.1/../../../../arm-none-eabi/lib/thumb/v7-m/nofp/libg_nano.a(libc_a-strtol.o)
 .text._strtol_r
                0x0800a2ac        0x4 /opt/st/stm32cubeclt_1.18.0/GNU-tools-for-STM32/bin/../lib/gcc/arm-none-eabi/13.3.1/../../../../arm-none-eabi/lib/thumb/v7-m/nofp/libg_nano.a(libc_a-strtol.o)
                0x0800a2ac                _strtol_r
 .text.strtol   0x0800a2b0       0x14 /opt/st/stm32cubeclt_1.18.0/GNU-tools-for-STM32/bin/../lib/gcc/arm-none-eabi/13.3.1/../../../../arm-none-eabi/lib/thumb/v7-m/nofp/libg_nano.a(libc_a-strtol.o)
                0x0800a2b0                strtol
 .text.sscanf   0x0800a2c4       0x58 /opt/st/stm32cubeclt_1.18.0/GNU-tools-for-STM32/bin/../lib/gcc/arm-none-eabi/13.3.1/../../../../arm-none-eabi/lib/thumb/v7-m/nofp/libg_nano.a(libc_a-sscanf.o)
                0x0800a2c4                sscanf
                0x0800a2c4                siscanf
 .text._vsnprintf_r
                0x0800a31c       0x5c /opt/st/stm32cubeclt_1.18.0/GNU-tools-for-STM32/bin/../lib/gcc/arm-none-eabi/13.3.1/../../../../arm-none-eabi/lib/thumb/v7-m/nofp/libg_nano.a(libc_a-vsnprintf.o)
                0x0800a31c                _vsnprintf_r
                0x0800a31c                _vsniprintf_r
 .text.vsnprintf
                0x0800a378       0x1c /opt/st/stm32cubeclt_1.18.0/GNU-tools-for-STM32/bin/../lib/gcc/arm-none-eabi/13.3.1/../../../../arm-none-eabi/lib/thumb/v7-m/nofp/libg_nano.a(libc_a-vsnprintf.o)
                0x0800a378                vsnprintf
                0x0800a378                vsniprintf
 .text.memcmp   0x0800a394       0x20 /opt/st/stm32cubeclt_1.18.0/GNU-tools-for-STM32/bin/../lib/gcc/arm-none-eabi/13.3.1/../../../../arm-none-eabi/lib/thumb/v7-m/nofp/libg_nano.a(libc_a-memcmp.o)
                0x0800a394                memcmp
 .text.strncmp  0x0800a3b4       0x24 /opt/st/stm32cubeclt_1.18.0/GNU-tools-for-STM32/bin/../lib/gcc/arm-none-eabi/13.3.1/../../../../arm-none-eabi/lib/thumb/v7-m/nofp/libg_nano.a(libc_a-strncmp.o)
                0x0800a3b4                strncmp
 .text.__errno  0x0800a3d8        0xc /opt/st/stm32cubeclt_1.18.0/GNU-tools-for-STM32/bin/../lib/gcc/arm-none-eabi/13.3.1/../../../../arm-none-eabi/lib/thumb/v7-m/nofp/libg_nano.a(libc_a-errno.o)
                0x0800a3d8                __errno
 .text.memcpy   0x0800a3e4       0x1c /opt/st/stm32cubeclt_1.18.0/GNU-tools-for-STM32/bin/../lib/gcc/arm-none-eabi/13.3.1/../../../../arm-none-eabi/lib/thumb/v7-m/nofp/libg_nano.a(libc_a-memcpy-stub.o)
                0x0800a3e4                memcpy
 .text.nan      0x0800a400        0xc /opt/st/stm32cubeclt_1.18.0/GNU-tools-for-STM32/bin/../lib/gcc/arm-none-eabi/13.3.1/../../../../arm-none-eabi/lib/thumb/v7-m/nofp/libg_nano.a(libm_a-s_nan.o)
                0x0800a400                nan
 .text.rshift   0x0800a40c       0xa6 /opt/st/stm32cubeclt_1.18.0/GNU-tools-for-STM32/bin/../lib/gcc/arm-none-eabi/13.3.1/../../../../arm-none-eabi/lib/thumb/v7-m/nofp/libg_nano.a(libc_a-gdtoa-gethex.o)
 .text.__hexdig_fun
                0x0800a4b2       0x2a /opt/st/stm32cubeclt_1.18.0/GNU-tools-for-STM32/bin/../lib/gcc/arm-none-eabi/13.3.1/../../../../arm-none-eabi/lib/thumb/v7-m/nofp/libg_nano.a(libc_a-gdtoa-gethex.o)
                0x0800a4b2                __hexdig_fun
 .text.__gethex
                0x0800a4dc      0x420 /opt/st/stm32cubeclt_1.18.0/GNU-tools-for-STM32/bin/../lib/gcc/arm-none-eabi/13.3.1/../../../../arm-none-eabi/lib/thumb/v7-m/nofp/libg_nano.a(libc_a-gdtoa-gethex.o)
                0x0800a4dc                __gethex
 .text.L_shift  0x0800a8fc       0x24 /opt/st/stm32cubeclt_1.18.0/GNU-tools-for-STM32/bin/../lib/gcc/arm-none-eabi/13.3.1/../../../../arm-none-eabi/lib/thumb/v7-m/nofp/libg_nano.a(libc_a-gdtoa-hexnan.o)
 .text.__match  0x0800a920       0x28 /opt/st/stm32cubeclt_1.18.0/GNU-tools-for-STM32/bin/../lib/gcc/arm-none-eabi/13.3.1/../../../../arm-none-eabi/lib/thumb/v7-m/nofp/libg_nano.a(libc_a-gdtoa-hexnan.o)
                0x0800a920                __match
 .text.__hexnan
                0x0800a948      0x136 /opt/st/stm32cubeclt_1.18.0/GNU-tools-for-STM32/bin/../lib/gcc/arm-none-eabi/13.3.1/../../../../arm-none-eabi/lib/thumb/v7-m/nofp/libg_nano.a(libc_a-gdtoa-hexnan.o)
                0x0800a948                __hexnan
 .text.__ascii_mbtowc
                0x0800aa7e       0x24 /opt/st/stm32cubeclt_1.18.0/GNU-tools-for-STM32/bin/../lib/gcc/arm-none-eabi/13.3.1/../../../../arm-none-eabi/lib/thumb/v7-m/nofp/libg_nano.a(libc_a-mbtowc_r.o)
                0x0800aa7e                __ascii_mbtowc
 *fill*         0x0800aaa2        0x2 
 .text._Balloc  0x0800aaa4       0x80 /opt/st/stm32cubeclt_1.18.0/GNU-tools-for-STM32/bin/../lib/gcc/arm-none-eabi/13.3.1/../../../../arm-none-eabi/lib/thumb/v7-m/nofp/libg_nano.a(libc_a-mprec.o)
                0x0800aaa4                _Balloc
 .text._Bfree   0x0800ab24       0x44 /opt/st/stm32cubeclt_1.18.0/GNU-tools-for-STM32/bin/../lib/gcc/arm-none-eabi/13.3.1/../../../../arm-none-eabi/lib/thumb/v7-m/nofp/libg_nano.a(libc_a-mprec.o)
                0x0800ab24                _Bfree
 .text.__multadd
                0x0800ab68       0x8c /opt/st/stm32cubeclt_1.18.0/GNU-tools-for-STM32/bin/../lib/gcc/arm-none-eabi/13.3.1/../../../../arm-none-eabi/lib/thumb/v7-m/nofp/libg_nano.a(libc_a-mprec.o)
                0x0800ab68                __multadd
 .text.__s2b    0x0800abf4       0x94 /opt/st/stm32cubeclt_1.18.0/GNU-tools-for-STM32/bin/../lib/gcc/arm-none-eabi/13.3.1/../../../../arm-none-eabi/lib/thumb/v7-m/nofp/libg_nano.a(libc_a-mprec.o)
                0x0800abf4                __s2b
 .text.__hi0bits
                0x0800ac88       0x3e /opt/st/stm32cubeclt_1.18.0/GNU-tools-for-STM32/bin/../lib/gcc/arm-none-eabi/13.3.1/../../../../arm-none-eabi/lib/thumb/v7-m/nofp/libg_nano.a(libc_a-mprec.o)
                0x0800ac88                __hi0bits
 .text.__lo0bits
                0x0800acc6       0x5a /opt/st/stm32cubeclt_1.18.0/GNU-tools-for-STM32/bin/../lib/gcc/arm-none-eabi/13.3.1/../../../../arm-none-eabi/lib/thumb/v7-m/nofp/libg_nano.a(libc_a-mprec.o)
                0x0800acc6                __lo0bits
 .text.__i2b    0x0800ad20       0x2c /opt/st/stm32cubeclt_1.18.0/GNU-tools-for-STM32/bin/../lib/gcc/arm-none-eabi/13.3.1/../../../../arm-none-eabi/lib/thumb/v7-m/nofp/libg_nano.a(libc_a-mprec.o)
                0x0800ad20                __i2b
 .text.__multiply
                0x0800ad4c      0x144 /opt/st/stm32cubeclt_1.18.0/GNU-tools-for-STM32/bin/../lib/gcc/arm-none-eabi/13.3.1/../../../../arm-none-eabi/lib/thumb/v7-m/nofp/libg_nano.a(libc_a-mprec.o)
                0x0800ad4c                __multiply
 .text.__pow5mult
                0x0800ae90       0xb4 /opt/st/stm32cubeclt_1.18.0/GNU-tools-for-STM32/bin/../lib/gcc/arm-none-eabi/13.3.1/../../../../arm-none-eabi/lib/thumb/v7-m/nofp/libg_nano.a(libc_a-mprec.o)
                0x0800ae90                __pow5mult
 .text.__lshift
                0x0800af44       0xd8 /opt/st/stm32cubeclt_1.18.0/GNU-tools-for-STM32/bin/../lib/gcc/arm-none-eabi/13.3.1/../../../../arm-none-eabi/lib/thumb/v7-m/nofp/libg_nano.a(libc_a-mprec.o)
                0x0800af44                __lshift
 .text.__mcmp   0x0800b01c       0x36 /opt/st/stm32cubeclt_1.18.0/GNU-tools-for-STM32/bin/../lib/gcc/arm-none-eabi/13.3.1/../../../../arm-none-eabi/lib/thumb/v7-m/nofp/libg_nano.a(libc_a-mprec.o)
                0x0800b01c                __mcmp
 *fill*         0x0800b052        0x2 
 .text.__mdiff  0x0800b054      0x128 /opt/st/stm32cubeclt_1.18.0/GNU-tools-for-STM32/bin/../lib/gcc/arm-none-eabi/13.3.1/../../../../arm-none-eabi/lib/thumb/v7-m/nofp/libg_nano.a(libc_a-mprec.o)
                0x0800b054                __mdiff
 .text.__ulp    0x0800b17c       0x40 /opt/st/stm32cubeclt_1.18.0/GNU-tools-for-STM32/bin/../lib/gcc/arm-none-eabi/13.3.1/../../../../arm-none-eabi/lib/thumb/v7-m/nofp/libg_nano.a(libc_a-mprec.o)
                0x0800b17c                __ulp
 .text.__b2d    0x0800b1bc       0x90 /opt/st/stm32cubeclt_1.18.0/GNU-tools-for-STM32/bin/../lib/gcc/arm-none-eabi/13.3.1/../../../../arm-none-eabi/lib/thumb/v7-m/nofp/libg_nano.a(libc_a-mprec.o)
                0x0800b1bc                __b2d
 .text.__d2b    0x0800b24c       0xb0 /opt/st/stm32cubeclt_1.18.0/GNU-tools-for-STM32/bin/../lib/gcc/arm-none-eabi/13.3.1/../../../../arm-none-eabi/lib/thumb/v7-m/nofp/libg_nano.a(libc_a-mprec.o)
                0x0800b24c                __d2b
 .text.__ratio  0x0800b2fc       0x60 /opt/st/stm32cubeclt_1.18.0/GNU-tools-for-STM32/bin/../lib/gcc/arm-none-eabi/13.3.1/../../../../arm-none-eabi/lib/thumb/v7-m/nofp/libg_nano.a(libc_a-mprec.o)
                0x0800b2fc                __ratio
 .text.__copybits
                0x0800b35c       0x46 /opt/st/stm32cubeclt_1.18.0/GNU-tools-for-STM32/bin/../lib/gcc/arm-none-eabi/13.3.1/../../../../arm-none-eabi/lib/thumb/v7-m/nofp/libg_nano.a(libc_a-mprec.o)
                0x0800b35c                __copybits
 .text.__any_on
                0x0800b3a2       0x42 /opt/st/stm32cubeclt_1.18.0/GNU-tools-for-STM32/bin/../lib/gcc/arm-none-eabi/13.3.1/../../../../arm-none-eabi/lib/thumb/v7-m/nofp/libg_nano.a(libc_a-mprec.o)
                0x0800b3a2                __any_on
 .text.__ascii_wctomb
                0x0800b3e4       0x1a /opt/st/stm32cubeclt_1.18.0/GNU-tools-for-STM32/bin/../lib/gcc/arm-none-eabi/13.3.1/../../../../arm-none-eabi/lib/thumb/v7-m/nofp/libg_nano.a(libc_a-wctomb_r.o)
                0x0800b3e4                __ascii_wctomb
 .text.__ssputs_r
                0x0800b3fe       0xb6 /opt/st/stm32cubeclt_1.18.0/GNU-tools-for-STM32/bin/../lib/gcc/arm-none-eabi/13.3.1/../../../../arm-none-eabi/lib/thumb/v7-m/nofp/libg_nano.a(libc_a-nano-svfprintf.o)
                0x0800b3fe                __ssputs_r
 .text._svfprintf_r
                0x0800b4b4      0x1f8 /opt/st/stm32cubeclt_1.18.0/GNU-tools-for-STM32/bin/../lib/gcc/arm-none-eabi/13.3.1/../../../../arm-none-eabi/lib/thumb/v7-m/nofp/libg_nano.a(libc_a-nano-svfprintf.o)
                0x0800b4b4                _svfprintf_r
                0x0800b4b4                _svfiprintf_r
 .text._sungetc_r
                0x0800b6ac       0x7a /opt/st/stm32cubeclt_1.18.0/GNU-tools-for-STM32/bin/../lib/gcc/arm-none-eabi/13.3.1/../../../../arm-none-eabi/lib/thumb/v7-m/nofp/libg_nano.a(libc_a-nano-svfscanf.o)
                0x0800b6ac                _sungetc_r
 .text.__ssrefill_r
                0x0800b726       0x3a /opt/st/stm32cubeclt_1.18.0/GNU-tools-for-STM32/bin/../lib/gcc/arm-none-eabi/13.3.1/../../../../arm-none-eabi/lib/thumb/v7-m/nofp/libg_nano.a(libc_a-nano-svfscanf.o)
                0x0800b726                __ssrefill_r
 .text.__ssvfscanf_r
                0x0800b760      0x2e8 /opt/st/stm32cubeclt_1.18.0/GNU-tools-for-STM32/bin/../lib/gcc/arm-none-eabi/13.3.1/../../../../arm-none-eabi/lib/thumb/v7-m/nofp/libg_nano.a(libc_a-nano-svfscanf.o)
                0x0800b760                __ssvfscanf_r
                0x0800b760                __ssvfiscanf_r
 .text._printf_common
                0x0800ba48       0xe4 /opt/st/stm32cubeclt_1.18.0/GNU-tools-for-STM32/bin/../lib/gcc/arm-none-eabi/13.3.1/../../../../arm-none-eabi/lib/thumb/v7-m/nofp/libg_nano.a(libc_a-nano-vfprintf_i.o)
                0x0800ba48                _printf_common
 .text._printf_i
                0x0800bb2c      0x23c /opt/st/stm32cubeclt_1.18.0/GNU-tools-for-STM32/bin/../lib/gcc/arm-none-eabi/13.3.1/../../../../arm-none-eabi/lib/thumb/v7-m/nofp/libg_nano.a(libc_a-nano-vfprintf_i.o)
                0x0800bb2c                _printf_i
 .text._scanf_chars
                0x0800bd68       0xb4 /opt/st/stm32cubeclt_1.18.0/GNU-tools-for-STM32/bin/../lib/gcc/arm-none-eabi/13.3.1/../../../../arm-none-eabi/lib/thumb/v7-m/nofp/libg_nano.a(libc_a-nano-vfscanf_i.o)
                0x0800bd68                _scanf_chars
 .text._scanf_i
                0x0800be1c      0x1e4 /opt/st/stm32cubeclt_1.18.0/GNU-tools-for-STM32/bin/../lib/gcc/arm-none-eabi/13.3.1/../../../../arm-none-eabi/lib/thumb/v7-m/nofp/libg_nano.a(libc_a-nano-vfscanf_i.o)
                0x0800be1c                _scanf_i
 .text.__sccl   0x0800c000       0x72 /opt/st/stm32cubeclt_1.18.0/GNU-tools-for-STM32/bin/../lib/gcc/arm-none-eabi/13.3.1/../../../../arm-none-eabi/lib/thumb/v7-m/nofp/libg_nano.a(libc_a-sccl.o)
                0x0800c000                __sccl
 .text.__submore
                0x0800c072       0x70 /opt/st/stm32cubeclt_1.18.0/GNU-tools-for-STM32/bin/../lib/gcc/arm-none-eabi/13.3.1/../../../../arm-none-eabi/lib/thumb/v7-m/nofp/libg_nano.a(libc_a-ungetc.o)
                0x0800c072                __submore
 .text.memmove  0x0800c0e2       0x34 /opt/st/stm32cubeclt_1.18.0/GNU-tools-for-STM32/bin/../lib/gcc/arm-none-eabi/13.3.1/../../../../arm-none-eabi/lib/thumb/v7-m/nofp/libg_nano.a(libc_a-memmove.o)
                0x0800c0e2                memmove
 .text.memchr   0x0800c116       0x1c /opt/st/stm32cubeclt_1.18.0/GNU-tools-for-STM32/bin/../lib/gcc/arm-none-eabi/13.3.1/../../../../arm-none-eabi/lib/thumb/v7-m/nofp/libg_nano.a(libc_a-memchr-stub.o)
                0x0800c116                memchr
 *fill*         0x0800c132        0x2 
 .text.__assert_func
                0x0800c134       0x3c /opt/st/stm32cubeclt_1.18.0/GNU-tools-for-STM32/bin/../lib/gcc/arm-none-eabi/13.3.1/../../../../arm-none-eabi/lib/thumb/v7-m/nofp/libg_nano.a(libc_a-assert.o)
                0x0800c134                __assert_func
 .text._calloc_r
                0x0800c170       0x28 /opt/st/stm32cubeclt_1.18.0/GNU-tools-for-STM32/bin/../lib/gcc/arm-none-eabi/13.3.1/../../../../arm-none-eabi/lib/thumb/v7-m/nofp/libg_nano.a(libc_a-callocr.o)
                0x0800c170                _calloc_r
 .text.malloc   0x0800c198       0x10 /opt/st/stm32cubeclt_1.18.0/GNU-tools-for-STM32/bin/../lib/gcc/arm-none-eabi/13.3.1/../../../../arm-none-eabi/lib/thumb/v7-m/nofp/libg_nano.a(libc_a-malloc.o)
                0x0800c198                malloc
 .text._realloc_r
                0x0800c1a8       0x5c /opt/st/stm32cubeclt_1.18.0/GNU-tools-for-STM32/bin/../lib/gcc/arm-none-eabi/13.3.1/../../../../arm-none-eabi/lib/thumb/v7-m/nofp/libg_nano.a(libc_a-reallocr.o)
                0x0800c1a8                _realloc_r
 .text._strtoul_l.isra.0
                0x0800c204       0xdc /opt/st/stm32cubeclt_1.18.0/GNU-tools-for-STM32/bin/../lib/gcc/arm-none-eabi/13.3.1/../../../../arm-none-eabi/lib/thumb/v7-m/nofp/libg_nano.a(libc_a-strtoul.o)
 .text._strtoul_r
                0x0800c2e0        0x4 /opt/st/stm32cubeclt_1.18.0/GNU-tools-for-STM32/bin/../lib/gcc/arm-none-eabi/13.3.1/../../../../arm-none-eabi/lib/thumb/v7-m/nofp/libg_nano.a(libc_a-strtoul.o)
                0x0800c2e0                _strtoul_r
 .text.fprintf  0x0800c2e4       0x24 /opt/st/stm32cubeclt_1.18.0/GNU-tools-for-STM32/bin/../lib/gcc/arm-none-eabi/13.3.1/../../../../arm-none-eabi/lib/thumb/v7-m/nofp/libg_nano.a(libc_a-fprintf.o)
                0x0800c2e4                fprintf
                0x0800c2e4                fiprintf
 .text.abort    0x0800c308        0xe /opt/st/stm32cubeclt_1.18.0/GNU-tools-for-STM32/bin/../lib/gcc/arm-none-eabi/13.3.1/../../../../arm-none-eabi/lib/thumb/v7-m/nofp/libg_nano.a(libc_a-abort.o)
                0x0800c308                abort
 .text._malloc_usable_size_r
                0x0800c316       0x10 /opt/st/stm32cubeclt_1.18.0/GNU-tools-for-STM32/bin/../lib/gcc/arm-none-eabi/13.3.1/../../../../arm-none-eabi/lib/thumb/v7-m/nofp/libg_nano.a(libc_a-msizer.o)
                0x0800c316                _malloc_usable_size_r
 .text.__sfputc_r
                0x0800c326       0x2a /opt/st/stm32cubeclt_1.18.0/GNU-tools-for-STM32/bin/../lib/gcc/arm-none-eabi/13.3.1/../../../../arm-none-eabi/lib/thumb/v7-m/nofp/libg_nano.a(libc_a-nano-vfprintf.o)
 .text.__sfputs_r
                0x0800c350       0x24 /opt/st/stm32cubeclt_1.18.0/GNU-tools-for-STM32/bin/../lib/gcc/arm-none-eabi/13.3.1/../../../../arm-none-eabi/lib/thumb/v7-m/nofp/libg_nano.a(libc_a-nano-vfprintf.o)
                0x0800c350                __sfputs_r
 .text._vfprintf_r
                0x0800c374      0x230 /opt/st/stm32cubeclt_1.18.0/GNU-tools-for-STM32/bin/../lib/gcc/arm-none-eabi/13.3.1/../../../../arm-none-eabi/lib/thumb/v7-m/nofp/libg_nano.a(libc_a-nano-vfprintf.o)
                0x0800c374                _vfiprintf_r
                0x0800c374                _vfprintf_r
 .text.__swbuf_r
                0x0800c5a4       0x7c /opt/st/stm32cubeclt_1.18.0/GNU-tools-for-STM32/bin/../lib/gcc/arm-none-eabi/13.3.1/../../../../arm-none-eabi/lib/thumb/v7-m/nofp/libg_nano.a(libc_a-wbuf.o)
                0x0800c5a4                __swbuf_r
 .text.__swsetup_r
                0x0800c620       0xac /opt/st/stm32cubeclt_1.18.0/GNU-tools-for-STM32/bin/../lib/gcc/arm-none-eabi/13.3.1/../../../../arm-none-eabi/lib/thumb/v7-m/nofp/libg_nano.a(libc_a-wsetup.o)
                0x0800c620                __swsetup_r
 .text._raise_r
                0x0800c6cc       0x50 /opt/st/stm32cubeclt_1.18.0/GNU-tools-for-STM32/bin/../lib/gcc/arm-none-eabi/13.3.1/../../../../arm-none-eabi/lib/thumb/v7-m/nofp/libg_nano.a(libc_a-signal.o)
                0x0800c6cc                _raise_r
 .text.raise    0x0800c71c       0x10 /opt/st/stm32cubeclt_1.18.0/GNU-tools-for-STM32/bin/../lib/gcc/arm-none-eabi/13.3.1/../../../../arm-none-eabi/lib/thumb/v7-m/nofp/libg_nano.a(libc_a-signal.o)
                0x0800c71c                raise
 .text._kill_r  0x0800c72c       0x24 /opt/st/stm32cubeclt_1.18.0/GNU-tools-for-STM32/bin/../lib/gcc/arm-none-eabi/13.3.1/../../../../arm-none-eabi/lib/thumb/v7-m/nofp/libg_nano.a(libc_a-signalr.o)
                0x0800c72c                _kill_r
 .text._getpid_r
                0x0800c750        0x4 /opt/st/stm32cubeclt_1.18.0/GNU-tools-for-STM32/bin/../lib/gcc/arm-none-eabi/13.3.1/../../../../arm-none-eabi/lib/thumb/v7-m/nofp/libg_nano.a(libc_a-signalr.o)
                0x0800c750                _getpid_r
 .text.__swhatbuf_r
                0x0800c754       0x4a /opt/st/stm32cubeclt_1.18.0/GNU-tools-for-STM32/bin/../lib/gcc/arm-none-eabi/13.3.1/../../../../arm-none-eabi/lib/thumb/v7-m/nofp/libg_nano.a(libc_a-makebuf.o)
                0x0800c754                __swhatbuf_r
 .text.__smakebuf_r
                0x0800c79e       0x78 /opt/st/stm32cubeclt_1.18.0/GNU-tools-for-STM32/bin/../lib/gcc/arm-none-eabi/13.3.1/../../../../arm-none-eabi/lib/thumb/v7-m/nofp/libg_nano.a(libc_a-makebuf.o)
                0x0800c79e                __smakebuf_r
 *fill*         0x0800c816        0x2 
 .text._fstat_r
                0x0800c818       0x24 /opt/st/stm32cubeclt_1.18.0/GNU-tools-for-STM32/bin/../lib/gcc/arm-none-eabi/13.3.1/../../../../arm-none-eabi/lib/thumb/v7-m/nofp/libg_nano.a(libc_a-fstatr.o)
                0x0800c818                _fstat_r
 .text._isatty_r
                0x0800c83c       0x20 /opt/st/stm32cubeclt_1.18.0/GNU-tools-for-STM32/bin/../lib/gcc/arm-none-eabi/13.3.1/../../../../arm-none-eabi/lib/thumb/v7-m/nofp/libg_nano.a(libc_a-isattyr.o)
                0x0800c83c                _isatty_r
 .text.sinf     0x0800c85c       0x74 /opt/st/stm32cubeclt_1.18.0/GNU-tools-for-STM32/bin/../lib/gcc/arm-none-eabi/13.3.1/../../../../arm-none-eabi/lib/thumb/v7-m/nofp/libm.a(libm_a-sf_sin.o)
                0x0800c85c                sinf
 .text.__kernel_cosf
                0x0800c8d0      0x100 /opt/st/stm32cubeclt_1.18.0/GNU-tools-for-STM32/bin/../lib/gcc/arm-none-eabi/13.3.1/../../../../arm-none-eabi/lib/thumb/v7-m/nofp/libm.a(libm_a-kf_cos.o)
                0x0800c8d0                __kernel_cosf
 .text.__kernel_sinf
                0x0800c9d0       0xec /opt/st/stm32cubeclt_1.18.0/GNU-tools-for-STM32/bin/../lib/gcc/arm-none-eabi/13.3.1/../../../../arm-none-eabi/lib/thumb/v7-m/nofp/libm.a(libm_a-kf_sin.o)
                0x0800c9d0                __kernel_sinf
 .text.__ieee754_rem_pio2f
                0x0800cabc      0x2cc /opt/st/stm32cubeclt_1.18.0/GNU-tools-for-STM32/bin/../lib/gcc/arm-none-eabi/13.3.1/../../../../arm-none-eabi/lib/thumb/v7-m/nofp/libm.a(libm_a-ef_rem_pio2.o)
                0x0800cabc                __ieee754_rem_pio2f
 .text.fabsf    0x0800cd88        0x6 /opt/st/stm32cubeclt_1.18.0/GNU-tools-for-STM32/bin/../lib/gcc/arm-none-eabi/13.3.1/../../../../arm-none-eabi/lib/thumb/v7-m/nofp/libm.a(libm_a-sf_fabs.o)
                0x0800cd88                fabsf
 *fill*         0x0800cd8e        0x2 
 .text.__kernel_rem_pio2f
                0x0800cd90      0x53c /opt/st/stm32cubeclt_1.18.0/GNU-tools-for-STM32/bin/../lib/gcc/arm-none-eabi/13.3.1/../../../../arm-none-eabi/lib/thumb/v7-m/nofp/libm.a(libm_a-kf_rem_pio2.o)
                0x0800cd90                __kernel_rem_pio2f
 .text.scalbnf  0x0800d2cc       0x98 /opt/st/stm32cubeclt_1.18.0/GNU-tools-for-STM32/bin/../lib/gcc/arm-none-eabi/13.3.1/../../../../arm-none-eabi/lib/thumb/v7-m/nofp/libm.a(libm_a-sf_scalbn.o)
                0x0800d2cc                scalbnf
 .text.floorf   0x0800d364       0x84 /opt/st/stm32cubeclt_1.18.0/GNU-tools-for-STM32/bin/../lib/gcc/arm-none-eabi/13.3.1/../../../../arm-none-eabi/lib/thumb/v7-m/nofp/libm.a(libm_a-sf_floor.o)
                0x0800d364                floorf
 *(.glue_7)
 .glue_7        0x0800d3e8        0x0 linker stubs
 *(.glue_7t)
 .glue_7t       0x0800d3e8        0x0 linker stubs
 *(.eh_frame)
 .eh_frame      0x0800d3e8        0x0 /opt/st/stm32cubeclt_1.18.0/GNU-tools-for-STM32/bin/../lib/gcc/arm-none-eabi/13.3.1/thumb/v7-m/nofp/crtbegin.o
 *(.init)
 .init          0x0800d3e8        0x4 /opt/st/stm32cubeclt_1.18.0/GNU-tools-for-STM32/bin/../lib/gcc/arm-none-eabi/13.3.1/thumb/v7-m/nofp/crti.o
                0x0800d3e8                _init
 .init          0x0800d3ec        0x8 /opt/st/stm32cubeclt_1.18.0/GNU-tools-for-STM32/bin/../lib/gcc/arm-none-eabi/13.3.1/thumb/v7-m/nofp/crtn.o
 *(.fini)
 .fini          0x0800d3f4        0x4 /opt/st/stm32cubeclt_1.18.0/GNU-tools-for-STM32/bin/../lib/gcc/arm-none-eabi/13.3.1/thumb/v7-m/nofp/crti.o
                0x0800d3f4                _fini
 .fini          0x0800d3f8        0x8 /opt/st/stm32cubeclt_1.18.0/GNU-tools-for-STM32/bin/../lib/gcc/arm-none-eabi/13.3.1/thumb/v7-m/nofp/crtn.o
                0x0800d400                        . = ALIGN (0x4)
                0x0800d400                        _etext = .

.vfp11_veneer   0x0800d400        0x0
 .vfp11_veneer  0x0800d400        0x0 linker stubs

.v4_bx          0x0800d400        0x0
 .v4_bx         0x0800d400        0x0 linker stubs

.iplt           0x0800d400        0x0
 .iplt          0x0800d400        0x0 /opt/st/stm32cubeclt_1.18.0/GNU-tools-for-STM32/bin/../lib/gcc/arm-none-eabi/13.3.1/thumb/v7-m/nofp/crtbegin.o

.rodata         0x0800d400     0x1410
                0x0800d400                        . = ALIGN (0x4)
 *(.rodata)
 .rodata        0x0800d400      0xc2f CMakeFiles/funcionando_23-05_002.dir/Core/Src/comm.c.obj
 *fill*         0x0800e02f        0x1 
 .rodata        0x0800e030        0xc /opt/st/stm32cubeclt_1.18.0/GNU-tools-for-STM32/bin/../lib/gcc/arm-none-eabi/13.3.1/../../../../arm-none-eabi/lib/thumb/v7-m/nofp/libg_nano.a(libc_a-nano-vfscanf_i.o)
 *(.rodata*)
 .rodata.AHBPrescTable
                0x0800e03c       0x10 cmake/stm32cubemx/CMakeFiles/STM32_Drivers.dir/__/__/Core/Src/system_stm32f1xx.c.obj
                0x0800e03c                AHBPrescTable
 .rodata.APBPrescTable
                0x0800e04c        0x8 cmake/stm32cubemx/CMakeFiles/STM32_Drivers.dir/__/__/Core/Src/system_stm32f1xx.c.obj
                0x0800e04c                APBPrescTable
 .rodata.aPLLMULFactorTable.1
                0x0800e054       0x10 cmake/stm32cubemx/CMakeFiles/STM32_Drivers.dir/__/__/Drivers/STM32F1xx_HAL_Driver/Src/stm32f1xx_hal_rcc.c.obj
 .rodata.aPredivFactorTable.0
                0x0800e064        0x2 cmake/stm32cubemx/CMakeFiles/STM32_Drivers.dir/__/__/Drivers/STM32F1xx_HAL_Driver/Src/stm32f1xx_hal_rcc.c.obj
 *fill*         0x0800e066        0x2 
 .rodata.CPU_clock
                0x0800e068        0x4 CMakeFiles/funcionando_23-05_002.dir/Core/Src/main.c.obj
                0x0800e068                CPU_clock
 .rodata._strtod_l.str1.1
                0x0800e06c      0x181 /opt/st/stm32cubeclt_1.18.0/GNU-tools-for-STM32/bin/../lib/gcc/arm-none-eabi/13.3.1/../../../../arm-none-eabi/lib/thumb/v7-m/nofp/libg_nano.a(libc_a-strtod.o)
                                  0xf (size before relaxing)
 *fill*         0x0800e1ed        0x3 
 .rodata.fpinan.0
                0x0800e1f0       0x14 /opt/st/stm32cubeclt_1.18.0/GNU-tools-for-STM32/bin/../lib/gcc/arm-none-eabi/13.3.1/../../../../arm-none-eabi/lib/thumb/v7-m/nofp/libg_nano.a(libc_a-strtod.o)
 .rodata.fpi.1  0x0800e204       0x14 /opt/st/stm32cubeclt_1.18.0/GNU-tools-for-STM32/bin/../lib/gcc/arm-none-eabi/13.3.1/../../../../arm-none-eabi/lib/thumb/v7-m/nofp/libg_nano.a(libc_a-strtod.o)
 .rodata.tinytens
                0x0800e218       0x28 /opt/st/stm32cubeclt_1.18.0/GNU-tools-for-STM32/bin/../lib/gcc/arm-none-eabi/13.3.1/../../../../arm-none-eabi/lib/thumb/v7-m/nofp/libg_nano.a(libc_a-strtod.o)
 .rodata._ctype_
                0x0800e240      0x101 /opt/st/stm32cubeclt_1.18.0/GNU-tools-for-STM32/bin/../lib/gcc/arm-none-eabi/13.3.1/../../../../arm-none-eabi/lib/thumb/v7-m/nofp/libg_nano.a(libc_a-ctype_.o)
                0x0800e240                _ctype_
 .rodata._setlocale_r.str1.1
                0x0800e341        0x9 /opt/st/stm32cubeclt_1.18.0/GNU-tools-for-STM32/bin/../lib/gcc/arm-none-eabi/13.3.1/../../../../arm-none-eabi/lib/thumb/v7-m/nofp/libg_nano.a(libc_a-locale.o)
 .rodata.str1.1
                0x0800e341        0x2 /opt/st/stm32cubeclt_1.18.0/GNU-tools-for-STM32/bin/../lib/gcc/arm-none-eabi/13.3.1/../../../../arm-none-eabi/lib/thumb/v7-m/nofp/libg_nano.a(libc_a-locale.o)
 .rodata.__gethex.str1.1
                0x0800e341       0x73 /opt/st/stm32cubeclt_1.18.0/GNU-tools-for-STM32/bin/../lib/gcc/arm-none-eabi/13.3.1/../../../../arm-none-eabi/lib/thumb/v7-m/nofp/libg_nano.a(libc_a-gdtoa-gethex.o)
 .rodata._Balloc.str1.1
                0x0800e341       0x70 /opt/st/stm32cubeclt_1.18.0/GNU-tools-for-STM32/bin/../lib/gcc/arm-none-eabi/13.3.1/../../../../arm-none-eabi/lib/thumb/v7-m/nofp/libg_nano.a(libc_a-mprec.o)
 .rodata.__multadd.str1.1
                0x0800e341       0x11 /opt/st/stm32cubeclt_1.18.0/GNU-tools-for-STM32/bin/../lib/gcc/arm-none-eabi/13.3.1/../../../../arm-none-eabi/lib/thumb/v7-m/nofp/libg_nano.a(libc_a-mprec.o)
 *fill*         0x0800e341        0x3 
 .rodata.p05.0  0x0800e344        0xc /opt/st/stm32cubeclt_1.18.0/GNU-tools-for-STM32/bin/../lib/gcc/arm-none-eabi/13.3.1/../../../../arm-none-eabi/lib/thumb/v7-m/nofp/libg_nano.a(libc_a-mprec.o)
 .rodata.__mprec_bigtens
                0x0800e350       0x28 /opt/st/stm32cubeclt_1.18.0/GNU-tools-for-STM32/bin/../lib/gcc/arm-none-eabi/13.3.1/../../../../arm-none-eabi/lib/thumb/v7-m/nofp/libg_nano.a(libc_a-mprec.o)
                0x0800e350                __mprec_bigtens
 .rodata.__mprec_tens
                0x0800e378       0xc8 /opt/st/stm32cubeclt_1.18.0/GNU-tools-for-STM32/bin/../lib/gcc/arm-none-eabi/13.3.1/../../../../arm-none-eabi/lib/thumb/v7-m/nofp/libg_nano.a(libc_a-mprec.o)
                0x0800e378                __mprec_tens
 .rodata._svfprintf_r.str1.1
                0x0800e440       0x11 /opt/st/stm32cubeclt_1.18.0/GNU-tools-for-STM32/bin/../lib/gcc/arm-none-eabi/13.3.1/../../../../arm-none-eabi/lib/thumb/v7-m/nofp/libg_nano.a(libc_a-nano-svfprintf.o)
 .rodata.__ssvfscanf_r.str1.1
                0x0800e440        0x4 /opt/st/stm32cubeclt_1.18.0/GNU-tools-for-STM32/bin/../lib/gcc/arm-none-eabi/13.3.1/../../../../arm-none-eabi/lib/thumb/v7-m/nofp/libg_nano.a(libc_a-nano-svfscanf.o)
 .rodata._printf_i.str1.1
                0x0800e440       0x22 /opt/st/stm32cubeclt_1.18.0/GNU-tools-for-STM32/bin/../lib/gcc/arm-none-eabi/13.3.1/../../../../arm-none-eabi/lib/thumb/v7-m/nofp/libg_nano.a(libc_a-nano-vfprintf_i.o)
 .rodata._scanf_i.str1.1
                0x0800e440       0x12 /opt/st/stm32cubeclt_1.18.0/GNU-tools-for-STM32/bin/../lib/gcc/arm-none-eabi/13.3.1/../../../../arm-none-eabi/lib/thumb/v7-m/nofp/libg_nano.a(libc_a-nano-vfscanf_i.o)
 .rodata.str1.1
                0x0800e440        0x9 /opt/st/stm32cubeclt_1.18.0/GNU-tools-for-STM32/bin/../lib/gcc/arm-none-eabi/13.3.1/../../../../arm-none-eabi/lib/thumb/v7-m/nofp/libg_nano.a(libc_a-nano-vfscanf_i.o)
 .rodata.__assert_func.str1.1
                0x0800e440       0x3d /opt/st/stm32cubeclt_1.18.0/GNU-tools-for-STM32/bin/../lib/gcc/arm-none-eabi/13.3.1/../../../../arm-none-eabi/lib/thumb/v7-m/nofp/libg_nano.a(libc_a-assert.o)
 .rodata._vfprintf_r.str1.1
                0x0800e440       0x11 /opt/st/stm32cubeclt_1.18.0/GNU-tools-for-STM32/bin/../lib/gcc/arm-none-eabi/13.3.1/../../../../arm-none-eabi/lib/thumb/v7-m/nofp/libg_nano.a(libc_a-nano-vfprintf.o)
 .rodata.npio2_hw
                0x0800e440       0x80 /opt/st/stm32cubeclt_1.18.0/GNU-tools-for-STM32/bin/../lib/gcc/arm-none-eabi/13.3.1/../../../../arm-none-eabi/lib/thumb/v7-m/nofp/libm.a(libm_a-ef_rem_pio2.o)
 .rodata.two_over_pi
                0x0800e4c0      0x318 /opt/st/stm32cubeclt_1.18.0/GNU-tools-for-STM32/bin/../lib/gcc/arm-none-eabi/13.3.1/../../../../arm-none-eabi/lib/thumb/v7-m/nofp/libm.a(libm_a-ef_rem_pio2.o)
 .rodata.PIo2   0x0800e7d8       0x2c /opt/st/stm32cubeclt_1.18.0/GNU-tools-for-STM32/bin/../lib/gcc/arm-none-eabi/13.3.1/../../../../arm-none-eabi/lib/thumb/v7-m/nofp/libm.a(libm_a-kf_rem_pio2.o)
 .rodata.init_jk
                0x0800e804        0xc /opt/st/stm32cubeclt_1.18.0/GNU-tools-for-STM32/bin/../lib/gcc/arm-none-eabi/13.3.1/../../../../arm-none-eabi/lib/thumb/v7-m/nofp/libm.a(libm_a-kf_rem_pio2.o)
                0x0800e810                        . = ALIGN (0x4)

.ARM.extab      0x0800e810        0x0
                0x0800e810                        . = ALIGN (0x4)
 *(.ARM.extab* .gnu.linkonce.armextab.*)
                0x0800e810                        . = ALIGN (0x4)

.ARM            0x0800e810        0x8
                0x0800e810                        . = ALIGN (0x4)
                0x0800e810                        __exidx_start = .
 *(.ARM.exidx*)
 .ARM.exidx     0x0800e810        0x8 /opt/st/stm32cubeclt_1.18.0/GNU-tools-for-STM32/bin/../lib/gcc/arm-none-eabi/13.3.1/../../../../arm-none-eabi/lib/thumb/v7-m/nofp/libg_nano.a(libc_a-strcmp.o)
 .ARM.exidx     0x0800e818        0x0 /opt/st/stm32cubeclt_1.18.0/GNU-tools-for-STM32/bin/../lib/gcc/arm-none-eabi/13.3.1/../../../../arm-none-eabi/lib/thumb/v7-m/nofp/libg_nano.a(libc_a-strlen.o)
                                  0x8 (size before relaxing)
                0x0800e818                        __exidx_end = .
                0x0800e818                        . = ALIGN (0x4)

.preinit_array  0x0800e818        0x0
                0x0800e818                        . = ALIGN (0x4)
                0x0800e818                        PROVIDE (__preinit_array_start = .)
 *(.preinit_array*)
                0x0800e818                        PROVIDE (__preinit_array_end = .)
                0x0800e818                        . = ALIGN (0x4)

.init_array     0x0800e818        0x4
                0x0800e818                        . = ALIGN (0x4)
                0x0800e818                        PROVIDE (__init_array_start = .)
 *(SORT_BY_NAME(.init_array.*))
 *(.init_array*)
 .init_array    0x0800e818        0x4 /opt/st/stm32cubeclt_1.18.0/GNU-tools-for-STM32/bin/../lib/gcc/arm-none-eabi/13.3.1/thumb/v7-m/nofp/crtbegin.o
                0x0800e81c                        PROVIDE (__init_array_end = .)
                0x0800e81c                        . = ALIGN (0x4)

.fini_array     0x0800e81c        0x4
                0x0800e81c                        . = ALIGN (0x4)
                [!provide]                        PROVIDE (__fini_array_start = .)
 *(SORT_BY_NAME(.fini_array.*))
 *(.fini_array*)
 .fini_array    0x0800e81c        0x4 /opt/st/stm32cubeclt_1.18.0/GNU-tools-for-STM32/bin/../lib/gcc/arm-none-eabi/13.3.1/thumb/v7-m/nofp/crtbegin.o
                [!provide]                        PROVIDE (__fini_array_end = .)
                0x0800e820                        . = ALIGN (0x4)
                0x0800e820                        _sidata = LOADADDR (.data)

.rel.dyn        0x0800e820        0x0
 .rel.iplt      0x0800e820        0x0 /opt/st/stm32cubeclt_1.18.0/GNU-tools-for-STM32/bin/../lib/gcc/arm-none-eabi/13.3.1/thumb/v7-m/nofp/crtbegin.o

.data           0x20000000      0x20c load address 0x0800e820
                0x20000000                        . = ALIGN (0x4)
                0x20000000                        _sdata = .
 *(.data)
 *(.data*)
 .data.__sglue  0x20000000        0xc /opt/st/stm32cubeclt_1.18.0/GNU-tools-for-STM32/bin/../lib/gcc/arm-none-eabi/13.3.1/../../../../arm-none-eabi/lib/thumb/v7-m/nofp/libc_nano.a(libc_a-findfp.o)
                0x20000000                __sglue
 .data._impure_ptr