../Core/Src/main.c:77:7:map	24	static
../Core/Src/main.c:156:6:enableZCP	16	static,ignoring_inline_asm
../Core/Src/main.c:192:6:pwm_stop	4	static
../Core/Src/main.c:200:6:pwm_init	8	static
../Core/Src/main.c:211:6:alignment	8	static
../Core/Src/main.c:230:6:startup	16	static
../Core/Src/main.c:288:6:ledON	8	static
../Core/Src/main.c:298:6:processCommand	24	static
../Core/Src/main.c:317:6:clearRxBuffer	8	static
../Core/Src/main.c:322:6:HAL_UART_RxCpltCallback	16	static
../Core/Src/main.c:354:7:handleState	8	static
../Core/Src/main.c:405:6:HAL_GPIO_EXTI_Callback	16	static
../Core/Src/main.c:413:6:HAL_GPIO_EXT0_Callback	16	static
../Core/Src/main.c:422:6:HAL_GPIO_EXT15_10_Callback	16	static
../Core/Src/main.c:430:6:commutation	16	static,ignoring_inline_asm
../Core/Src/main.c:549:6:HAL_TIM_OC_DelayElapsedCallback	24	static
../Core/Src/main.c:598:6:HAL_ADC_ConvCpltCallback	24	static
../Core/Src/main.c:609:5:main	16	static
../Core/Src/main.c:667:6:SystemClock_Config	88	static
../Core/Src/main.c:714:13:MX_ADC1_Init	24	static
../Core/Src/main.c:761:13:MX_TIM1_Init	112	static
../Core/Src/main.c:842:13:MX_TIM3_Init	64	static
../Core/Src/main.c:912:13:MX_TIM4_Init	96	static
../Core/Src/main.c:975:13:MX_USART2_UART_Init	8	static
../Core/Src/main.c:1006:13:MX_DMA_Init	16	static
../Core/Src/main.c:1024:13:MX_GPIO_Init	40	static
../Core/Src/main.c:1090:6:Error_Handler	4	static,ignoring_inline_asm
