../Drivers/CMSIS/Include/core_cm3.h:1876:26:ITM_SendChar	16	static,ignoring_inline_asm
../Core/Src/main.c:53:7:map	24	static
../Core/Src/main.c:80:5:_write	32	static
../Core/Src/main.c:94:5:main	8	static
../Core/Src/main.c:155:6:SystemClock_Config	72	static
../Core/Src/main.c:195:13:MX_CRC_Init	8	static
../Core/Src/main.c:221:13:MX_TIM1_Init	96	static
../Core/Src/main.c:304:13:MX_TIM2_Init	48	static
../Core/Src/main.c:370:13:MX_TIM4_Init	64	static
../Core/Src/main.c:436:13:MX_USART2_UART_Init	8	static
../Core/Src/main.c:467:13:MX_DMA_Init	16	static
../Core/Src/main.c:485:13:MX_GPIO_Init	40	static
../Core/Src/main.c:539:6:Error_Handler	4	static,ignoring_inline_asm
