../Core/Src/motor_control.c:90:8:safe_mod	16	static
../Core/Src/motor_control.c:94:6:commutation	16	static
../Core/Src/motor_control.c:202:6:update_all_motor_control	8	static
../Core/Src/motor_control.c:212:10:filtro_media_movil	24	static
../Core/Src/motor_control.c:226:6:zero_crossing	40	static
../Core/Src/motor_control.c:317:6:motor_detection	24	static
../Core/Src/motor_control.c:341:6:check_motor_status	16	static
../Core/Src/motor_control.c:374:24:map_speed	32	static
../Core/Src/motor_control.c:391:6:pi_control	16	static,ignoring_inline_asm
