Archive member included to satisfy reference by file (symbol)

C:/ST/STM32CubeCLT_1.18.0/GNU-tools-for-STM32/bin/../lib/gcc/arm-none-eabi/13.3.1/../../../../arm-none-eabi/lib/thumb/v7-m/nofp\libc_nano.a(libc_a-exit.o)
                              C:/ST/STM32CubeCLT_1.18.0/GNU-tools-for-STM32/bin/../lib/gcc/arm-none-eabi/13.3.1/../../../../arm-none-eabi/lib/thumb/v7-m/nofp/crt0.o (exit)
C:/ST/STM32CubeCLT_1.18.0/GNU-tools-for-STM32/bin/../lib/gcc/arm-none-eabi/13.3.1/../../../../arm-none-eabi/lib/thumb/v7-m/nofp\libc_nano.a(libc_a-findfp.o)
                              C:/ST/STM32CubeCLT_1.18.0/GNU-tools-for-STM32/bin/../lib/gcc/arm-none-eabi/13.3.1/../../../../arm-none-eabi/lib/thumb/v7-m/nofp\libc_nano.a(libc_a-exit.o) (__stdio_exit_handler)
C:/ST/STM32CubeCLT_1.18.0/GNU-tools-for-STM32/bin/../lib/gcc/arm-none-eabi/13.3.1/../../../../arm-none-eabi/lib/thumb/v7-m/nofp\libc_nano.a(libc_a-fwalk.o)
                              C:/ST/STM32CubeCLT_1.18.0/GNU-tools-for-STM32/bin/../lib/gcc/arm-none-eabi/13.3.1/../../../../arm-none-eabi/lib/thumb/v7-m/nofp\libc_nano.a(libc_a-findfp.o) (_fwalk_sglue)
C:/ST/STM32CubeCLT_1.18.0/GNU-tools-for-STM32/bin/../lib/gcc/arm-none-eabi/13.3.1/../../../../arm-none-eabi/lib/thumb/v7-m/nofp\libc_nano.a(libc_a-stdio.o)
                              C:/ST/STM32CubeCLT_1.18.0/GNU-tools-for-STM32/bin/../lib/gcc/arm-none-eabi/13.3.1/../../../../arm-none-eabi/lib/thumb/v7-m/nofp\libc_nano.a(libc_a-findfp.o) (__sread)
C:/ST/STM32CubeCLT_1.18.0/GNU-tools-for-STM32/bin/../lib/gcc/arm-none-eabi/13.3.1/../../../../arm-none-eabi/lib/thumb/v7-m/nofp\libc_nano.a(libc_a-memset.o)
                              C:/ST/STM32CubeCLT_1.18.0/GNU-tools-for-STM32/bin/../lib/gcc/arm-none-eabi/13.3.1/../../../../arm-none-eabi/lib/thumb/v7-m/nofp/crt0.o (memset)
C:/ST/STM32CubeCLT_1.18.0/GNU-tools-for-STM32/bin/../lib/gcc/arm-none-eabi/13.3.1/../../../../arm-none-eabi/lib/thumb/v7-m/nofp\libc_nano.a(libc_a-closer.o)
                              C:/ST/STM32CubeCLT_1.18.0/GNU-tools-for-STM32/bin/../lib/gcc/arm-none-eabi/13.3.1/../../../../arm-none-eabi/lib/thumb/v7-m/nofp\libc_nano.a(libc_a-stdio.o) (_close_r)
C:/ST/STM32CubeCLT_1.18.0/GNU-tools-for-STM32/bin/../lib/gcc/arm-none-eabi/13.3.1/../../../../arm-none-eabi/lib/thumb/v7-m/nofp\libc_nano.a(libc_a-reent.o)
                              C:/ST/STM32CubeCLT_1.18.0/GNU-tools-for-STM32/bin/../lib/gcc/arm-none-eabi/13.3.1/../../../../arm-none-eabi/lib/thumb/v7-m/nofp\libc_nano.a(libc_a-closer.o) (errno)
C:/ST/STM32CubeCLT_1.18.0/GNU-tools-for-STM32/bin/../lib/gcc/arm-none-eabi/13.3.1/../../../../arm-none-eabi/lib/thumb/v7-m/nofp\libc_nano.a(libc_a-impure.o)
                              C:/ST/STM32CubeCLT_1.18.0/GNU-tools-for-STM32/bin/../lib/gcc/arm-none-eabi/13.3.1/../../../../arm-none-eabi/lib/thumb/v7-m/nofp\libc_nano.a(libc_a-reent.o) (_impure_ptr)
C:/ST/STM32CubeCLT_1.18.0/GNU-tools-for-STM32/bin/../lib/gcc/arm-none-eabi/13.3.1/../../../../arm-none-eabi/lib/thumb/v7-m/nofp\libc_nano.a(libc_a-lseekr.o)
                              C:/ST/STM32CubeCLT_1.18.0/GNU-tools-for-STM32/bin/../lib/gcc/arm-none-eabi/13.3.1/../../../../arm-none-eabi/lib/thumb/v7-m/nofp\libc_nano.a(libc_a-stdio.o) (_lseek_r)
C:/ST/STM32CubeCLT_1.18.0/GNU-tools-for-STM32/bin/../lib/gcc/arm-none-eabi/13.3.1/../../../../arm-none-eabi/lib/thumb/v7-m/nofp\libc_nano.a(libc_a-readr.o)
                              C:/ST/STM32CubeCLT_1.18.0/GNU-tools-for-STM32/bin/../lib/gcc/arm-none-eabi/13.3.1/../../../../arm-none-eabi/lib/thumb/v7-m/nofp\libc_nano.a(libc_a-stdio.o) (_read_r)
C:/ST/STM32CubeCLT_1.18.0/GNU-tools-for-STM32/bin/../lib/gcc/arm-none-eabi/13.3.1/../../../../arm-none-eabi/lib/thumb/v7-m/nofp\libc_nano.a(libc_a-writer.o)
                              C:/ST/STM32CubeCLT_1.18.0/GNU-tools-for-STM32/bin/../lib/gcc/arm-none-eabi/13.3.1/../../../../arm-none-eabi/lib/thumb/v7-m/nofp\libc_nano.a(libc_a-stdio.o) (_write_r)
C:/ST/STM32CubeCLT_1.18.0/GNU-tools-for-STM32/bin/../lib/gcc/arm-none-eabi/13.3.1/../../../../arm-none-eabi/lib/thumb/v7-m/nofp\libc_nano.a(libc_a-init.o)
                              C:/ST/STM32CubeCLT_1.18.0/GNU-tools-for-STM32/bin/../lib/gcc/arm-none-eabi/13.3.1/../../../../arm-none-eabi/lib/thumb/v7-m/nofp/crt0.o (__libc_init_array)
C:/ST/STM32CubeCLT_1.18.0/GNU-tools-for-STM32/bin/../lib/gcc/arm-none-eabi/13.3.1/../../../../arm-none-eabi/lib/thumb/v7-m/nofp\libc_nano.a(libc_a-lock.o)
                              C:/ST/STM32CubeCLT_1.18.0/GNU-tools-for-STM32/bin/../lib/gcc/arm-none-eabi/13.3.1/../../../../arm-none-eabi/lib/thumb/v7-m/nofp\libc_nano.a(libc_a-findfp.o) (__retarget_lock_init_recursive)
C:/ST/STM32CubeCLT_1.18.0/GNU-tools-for-STM32/bin/../lib/gcc/arm-none-eabi/13.3.1/../../../../arm-none-eabi/lib/thumb/v7-m/nofp\libc_nano.a(libc_a-freer.o)
                              C:/ST/STM32CubeCLT_1.18.0/GNU-tools-for-STM32/bin/../lib/gcc/arm-none-eabi/13.3.1/../../../../arm-none-eabi/lib/thumb/v7-m/nofp\libc_nano.a(libc_a-reent.o) (_free_r)
[...]
Memory Configuration

Name             Origin             Length             Attributes
RAM              0x20000000         0x00005000         xrw
FLASH            0x08000000         0x00010000         xr
*default*        0x00000000         0xffffffff

Linker script and memory map

LOAD C:/ST/STM32CubeCLT_1.18.0/GNU-tools-for-STM32/bin/../lib/gcc/arm-none-eabi/13.3.1/thumb/v7-m/nofp/crti.o
LOAD C:/ST/STM32CubeCLT_1.18.0/GNU-tools-for-STM32/bin/../lib/gcc/arm-none-eabi/13.3.1/thumb/v7-m/nofp/crtbegin.o
LOAD C:/ST/STM32CubeCLT_1.18.0/GNU-tools-for-STM32/bin/../lib/gcc/arm-none-eabi/13.3.1/../../../../arm-none-eabi/lib/thumb/v7-m/nofp/crt0.o
START GROUP
LOAD C:/ST/STM32CubeCLT_1.18.0/GNU-tools-for-STM32/bin/../lib/gcc/arm-none-eabi/13.3.1/../../../../arm-none-eabi/lib/thumb/v7-m/nofp\libc_nano.a
LOAD C:/ST/STM32CubeCLT_1.18.0/GNU-tools-for-STM32/bin/../lib/gcc/arm-none-eabi/13.3.1/../../../../arm-none-eabi/lib/thumb/v7-m/nofp\libm.a
END GROUP
LOAD cmake/stm32cubemx/CMakeFiles/STM32_Drivers.dir/__/__/Core/Src/system_stm32f1xx.c.obj
LOAD cmake/stm32cubemx/CMakeFiles/STM32_Drivers.dir/__/__/Drivers/STM32F1xx_HAL_Driver/Src/stm32f1xx_hal_gpio_ex.c.obj
LOAD cmake/stm32cubemx/CMakeFiles/STM32_Drivers.dir/__/__/Drivers/STM32F1xx_HAL_Driver/Src/stm32f1xx_hal_crc.c.obj
LOAD cmake/stm32cubemx/CMakeFiles/STM32_Drivers.dir/__/__/Drivers/STM32F1xx_HAL_Driver/Src/stm32f1xx_hal.c.obj
LOAD cmake/stm32cubemx/CMakeFiles/STM32_Drivers.dir/__/__/Drivers/STM32F1xx_HAL_Driver/Src/stm32f1xx_hal_rcc.c.obj
LOAD cmake/stm32cubemx/CMakeFiles/STM32_Drivers.dir/__/__/Drivers/STM32F1xx_HAL_Driver/Src/stm32f1xx_hal_rcc_ex.c.obj
LOAD cmake/stm32cubemx/CMakeFiles/STM32_Drivers.dir/__/__/Drivers/STM32F1xx_HAL_Driver/Src/stm32f1xx_hal_gpio.c.obj
LOAD cmake/stm32cubemx/CMakeFiles/STM32_Drivers.dir/__/__/Drivers/STM32F1xx_HAL_Driver/Src/stm32f1xx_hal_dma.c.obj
LOAD cmake/stm32cubemx/CMakeFiles/STM32_Drivers.dir/__/__/Drivers/STM32F1xx_HAL_Driver/Src/stm32f1xx_hal_cortex.c.obj
LOAD cmake/stm32cubemx/CMakeFiles/STM32_Drivers.dir/__/__/Drivers/STM32F1xx_HAL_Driver/Src/stm32f1xx_hal_pwr.c.obj
LOAD cmake/stm32cubemx/CMakeFiles/STM32_Drivers.dir/__/__/Drivers/STM32F1xx_HAL_Driver/Src/stm32f1xx_hal_flash.c.obj
LOAD cmake/stm32cubemx/CMakeFiles/STM32_Drivers.dir/__/__/Drivers/STM32F1xx_HAL_Driver/Src/stm32f1xx_hal_flash_ex.c.obj
LOAD cmake/stm32cubemx/CMakeFiles/STM32_Drivers.dir/__/__/Drivers/STM32F1xx_HAL_Driver/Src/stm32f1xx_hal_exti.c.obj
LOAD cmake/stm32cubemx/CMakeFiles/STM32_Drivers.dir/__/__/Drivers/STM32F1xx_HAL_Driver/Src/stm32f1xx_hal_tim.c.obj
LOAD cmake/stm32cubemx/CMakeFiles/STM32_Drivers.dir/__/__/Drivers/STM32F1xx_HAL_Driver/Src/stm32f1xx_hal_tim_ex.c.obj
LOAD cmake/stm32cubemx/CMakeFiles/STM32_Drivers.dir/__/__/Drivers/STM32F1xx_HAL_Driver/Src/stm32f1xx_hal_uart.c.obj
LOAD CMakeFiles/funcionando_conmutacion_sincrona2.dir/Core/Src/main.c.obj
LOAD CMakeFiles/funcionando_conmutacion_sincrona2.dir/Core/Src/stm32f1xx_it.c.obj
LOAD CMakeFiles/funcionando_conmutacion_sincrona2.dir/Core/Src/stm32f1xx_hal_msp.c.obj
LOAD CMakeFiles/funcionando_conmutacion_sincrona2.dir/Core/Src/sysmem.c.obj
LOAD CMakeFiles/funcionando_conmutacion_sincrona2.dir/Core/Src/syscalls.c.obj
LOAD CMakeFiles/funcionando_conmutacion_sincrona2.dir/startup_stm32f103xb.s.obj
LOAD CMakeFiles/funcionando_conmutacion_sincrona2.dir/Core/Src/callbacks.c.obj
LOAD CMakeFiles/funcionando_conmutacion_sincrona2.dir/Core/Src/flash_config.c.obj
LOAD CMakeFiles/funcionando_conmutacion_sincrona2.dir/Core/Src/hard_config.c.obj
LOAD CMakeFiles/funcionando_conmutacion_sincrona2.dir/Core/Src/motor_control.c.obj
LOAD CMakeFiles/funcionando_conmutacion_sincrona2.dir/Core/Src/startup.c.obj
LOAD CMakeFiles/funcionando_conmutacion_sincrona2.dir/Core/Src/comm.c.obj
LOAD CMakeFiles/funcionando_conmutacion_sincrona2.dir/Core/Src/state_machine.c.obj
START GROUP
LOAD C:/ST/STM32CubeCLT_1.18.0/GNU-tools-for-STM32/bin/../lib/gcc/arm-none-eabi/13.3.1/thumb/v7-m/nofp\libgcc.a
LOAD C:/ST/STM32CubeCLT_1.18.0/GNU-tools-for-STM32/bin/../lib/gcc/arm-none-eabi/13.3.1/../../../../arm-none-eabi/lib/thumb/v7-m/nofp\libg_nano.a
LOAD C:/ST/STM32CubeCLT_1.18.0/GNU-tools-for-STM32/bin/../lib/gcc/arm-none-eabi/13.3.1/../../../../arm-none-eabi/lib/thumb/v7-m/nofp\libc_nano.a
END GROUP
START GROUP
LOAD C:/ST/STM32CubeCLT_1.18.0/GNU-tools-for-STM32/bin/../lib/gcc/arm-none-eabi/13.3.1/thumb/v7-m/nofp\libgcc.a
LOAD C:/ST/STM32CubeCLT_1.18.0/GNU-tools-for-STM32/bin/../lib/gcc/arm-none-eabi/13.3.1/../../../../arm-none-eabi/lib/thumb/v7-m/nofp\libc_nano.a
END GROUP
LOAD C:/ST/STM32CubeCLT_1.18.0/GNU-tools-for-STM32/bin/../lib/gcc/arm-none-eabi/13.3.1/thumb/v7-m/nofp/crtend.o
LOAD C:/ST/STM32CubeCLT_1.18.0/GNU-tools-for-STM32/bin/../lib/gcc/arm-none-eabi/13.3.1/thumb/v7-m/nofp/crtn.o
                0x20005000                        _estack = (ORIGIN (RAM) + LENGTH (RAM))
                0x00000200                        _Min_Heap_Size = 0x200
                0x00000400                        _Min_Stack_Size = 0x400

.isr_vector     0x08000000      0x10c
                0x08000000                        . = ALIGN (0x4)
 *(.isr_vector)
 .isr_vector    0x08000000      0x10c CMakeFiles/funcionando_conmutacion_sincrona2.dir/startup_stm32f103xb.s.obj
                0x08000000                g_pfnVectors
                0x0800010c                        . = ALIGN (0x4)

.text           0x08000110     0x9f00
                0x08000110                        . = ALIGN (0x4)
 *(.text)
 .text          0x08000110       0x40 C:/ST/STM32CubeCLT_1.18.0/GNU-tools-for-STM32/bin/../lib/gcc/arm-none-eabi/13.3.1/thumb/v7-m/nofp/crtbegin.o
 .text          0x08000150      0x378 C:/ST/STM32CubeCLT_1.18.0/GNU-tools-for-STM32/bin/../lib/gcc/arm-none-eabi/13.3.1/thumb/v7-m/nofp\libgcc.a(_arm_addsubdf3.o)
                0x08000150                __aeabi_drsub
                0x08000158                __aeabi_dsub
                0x08000158                __subdf3
                0x0800015c                __aeabi_dadd
                0x0800015c                __adddf3
                0x080003d4                __floatunsidf
                0x080003d4                __aeabi_ui2d
                0x080003f4                __floatsidf
                0x080003f4                __aeabi_i2d
                0x08000418                __aeabi_f2d
                0x08000418                __extendsfdf2
                0x0800045c                __floatundidf
                0x0800045c                __aeabi_ul2d
                0x0800046c                __floatdidf
                0x0800046c                __aeabi_l2d
 .text          0x080004c8      0x424 C:/ST/STM32CubeCLT_1.18.0/GNU-tools-for-STM32/bin/../lib/gcc/arm-none-eabi/13.3.1/thumb/v7-m/nofp\libgcc.a(_arm_muldivdf3.o)
                0x080004c8                __aeabi_dmul
                0x080004c8                __muldf3
                0x0800071c                __divdf3
                0x0800071c                __aeabi_ddiv
 .text          0x080008ec      0x110 C:/ST/STM32CubeCLT_1.18.0/GNU-tools-for-STM32/bin/../lib/gcc/arm-none-eabi/13.3.1/thumb/v7-m/nofp\libgcc.a(_arm_cmpdf2.o)
                0x080008ec                __gtdf2
                0x080008ec                __gedf2
                0x080008f4                __ltdf2
                0x080008f4                __ledf2
                0x080008fc                __nedf2
                0x080008fc                __eqdf2
                0x080008fc                __cmpdf2
                0x08000978                __aeabi_cdrcmple
                0x08000988                __aeabi_cdcmpeq
                0x08000988                __aeabi_cdcmple
                0x08000998                __aeabi_dcmpeq
                0x080009ac                __aeabi_dcmplt
                0x080009c0                __aeabi_dcmple
                0x080009d4                __aeabi_dcmpge
                0x080009e8                __aeabi_dcmpgt
 .text          0x080009fc       0xa0 C:/ST/STM32CubeCLT_1.18.0/GNU-tools-for-STM32/bin/../lib/gcc/arm-none-eabi/13.3.1/thumb/v7-m/nofp\libgcc.a(_arm_truncdfsf2.o)
                0x080009fc                __truncdfsf2
                0x080009fc                __aeabi_d2f
 .text          0x08000a9c      0x21c C:/ST/STM32CubeCLT_1.18.0/GNU-tools-for-STM32/bin/../lib/gcc/arm-none-eabi/13.3.1/thumb/v7-m/nofp\libgcc.a(_arm_addsubsf3.o)
                0x08000a9c                __aeabi_frsub
                0x08000aa4                __subsf3
                0x08000aa4                __aeabi_fsub
                0x08000aa8                __aeabi_fadd
                0x08000aa8                __addsf3
                0x08000c08                __aeabi_ui2f
                0x08000c08                __floatunsisf
                0x08000c10                __aeabi_i2f
                0x08000c10                __floatsisf
                0x08000c2c                __aeabi_ul2f
                0x08000c2c                __floatundisf
                0x08000c3c                __aeabi_l2f
                0x08000c3c                __floatdisf
 .text          0x08000cb8      0x2a0 C:/ST/STM32CubeCLT_1.18.0/GNU-tools-for-STM32/bin/../lib/gcc/arm-none-eabi/13.3.1/thumb/v7-m/nofp\libgcc.a(_arm_muldivsf3.o)
                0x08000cb8                __mulsf3
                0x08000cb8                __aeabi_fmul
                0x08000e20                __aeabi_fdiv
                0x08000e20                __divsf3
 .text          0x08000f58       0xec C:/ST/STM32CubeCLT_1.18.0/GNU-tools-for-STM32/bin/../lib/gcc/arm-none-eabi/13.3.1/thumb/v7-m/nofp\libgcc.a(_arm_cmpsf2.o)
                0x08000f58                __gesf2
                0x08000f58                __gtsf2
                0x08000f60                __lesf2
                0x08000f60                __ltsf2
                0x08000f68                __nesf2
                0x08000f68                __eqsf2
                0x08000f68                __cmpsf2
                0x08000fc8                __aeabi_cfrcmple
                0x08000fd0                __aeabi_cfcmpeq
                0x08000fd0                __aeabi_cfcmple
                0x08000fe0                __aeabi_fcmpeq
                0x08000ff4                __aeabi_fcmplt
                0x08001008                __aeabi_fcmple
                0x0800101c                __aeabi_fcmpge
                0x08001030                __aeabi_fcmpgt
 .text          0x08001044       0x4c C:/ST/STM32CubeCLT_1.18.0/GNU-tools-for-STM32/bin/../lib/gcc/arm-none-eabi/13.3.1/thumb/v7-m/nofp\libgcc.a(_arm_fixsfsi.o)
                0x08001044                __aeabi_f2iz
                0x08001044                __fixsfsi
 .text          0x08001090       0x40 C:/ST/STM32CubeCLT_1.18.0/GNU-tools-for-STM32/bin/../lib/gcc/arm-none-eabi/13.3.1/thumb/v7-m/nofp\libgcc.a(_arm_fixunssfsi.o)
                0x08001090                __fixunssfsi
                0x08001090                __aeabi_f2uiz
 .text          0x080010d0       0x14 C:/ST/STM32CubeCLT_1.18.0/GNU-tools-for-STM32/bin/../lib/gcc/arm-none-eabi/13.3.1/../../../../arm-none-eabi/lib/thumb/v7-m/nofp\libg_nano.a(libc_a-strcmp.o)
                0x080010d0                strcmp
 .text          0x080010e4       0x10 C:/ST/STM32CubeCLT_1.18.0/GNU-tools-for-STM32/bin/../lib/gcc/arm-none-eabi/13.3.1/../../../../arm-none-eabi/lib/thumb/v7-m/nofp\libg_nano.a(libc_a-strlen.o)
                0x080010e4                strlen
 *(.text*)
 .text.__seofread
                0x080010f4        0x4 C:/ST/STM32CubeCLT_1.18.0/GNU-tools-for-STM32/bin/../lib/gcc/arm-none-eabi/13.3.1/../../../../arm-none-eabi/lib/thumb/v7-m/nofp\libc_nano.a(libc_a-stdio.o)
                0x080010f4                __seofread
 .text.memset   0x080010f8       0x10 C:/ST/STM32CubeCLT_1.18.0/GNU-tools-for-STM32/bin/../lib/gcc/arm-none-eabi/13.3.1/../../../../arm-none-eabi/lib/thumb/v7-m/nofp\libc_nano.a(libc_a-memset.o)
                0x080010f8                memset
 .text.__libc_init_array
                0x08001108       0x48 C:/ST/STM32CubeCLT_1.18.0/GNU-tools-for-STM32/bin/../lib/gcc/arm-none-eabi/13.3.1/../../../../arm-none-eabi/lib/thumb/v7-m/nofp\libc_nano.a(libc_a-init.o)
                0x08001108                __libc_init_array
 .text.__retarget_lock_acquire_recursive
                0x08001150        0x2 C:/ST/STM32CubeCLT_1.18.0/GNU-tools-for-STM32/bin/../lib/gcc/arm-none-eabi/13.3.1/../../../../arm-none-eabi/lib/thumb/v7-m/nofp\libc_nano.a(libc_a-lock.o)
                0x08001150                __retarget_lock_acquire_recursive
 .text.__retarget_lock_release_recursive
                0x08001152        0x2 C:/ST/STM32CubeCLT_1.18.0/GNU-tools-for-STM32/bin/../lib/gcc/arm-none-eabi/13.3.1/../../../../arm-none-eabi/lib/thumb/v7-m/nofp\libc_nano.a(libc_a-lock.o)
                0x08001152                __retarget_lock_release_recursive
 .text._free_r  0x08001154       0x90 C:/ST/STM32CubeCLT_1.18.0/GNU-tools-for-STM32/bin/../lib/gcc/arm-none-eabi/13.3.1/../../../../arm-none-eabi/lib/thumb/v7-m/nofp\libc_nano.a(libc_a-freer.o)
                0x08001154                _free_r
 .text.sbrk_aligned
                0x080011e4       0x44 C:/ST/STM32CubeCLT_1.18.0/GNU-tools-for-STM32/bin/../lib/gcc/arm-none-eabi/13.3.1/../../../../arm-none-eabi/lib/thumb/v7-m/nofp\libc_nano.a(libc_a-mallocr.o)
 .text._malloc_r
                0x08001228      0x100 C:/ST/STM32CubeCLT_1.18.0/GNU-tools-for-STM32/bin/../lib/gcc/arm-none-eabi/13.3.1/../../../../arm-none-eabi/lib/thumb/v7-m/nofp\libc_nano.a(libc_a-mallocr.o)
                0x08001228                _malloc_r
 .text.__malloc_lock
                0x08001328        0xc C:/ST/STM32CubeCLT_1.18.0/GNU-tools-for-STM32/bin/../lib/gcc/arm-none-eabi/13.3.1/../../../../arm-none-eabi/lib/thumb/v7-m/nofp\libc_nano.a(libc_a-mlock.o)
                0x08001328                __malloc_lock
 .text.__malloc_unlock
                0x08001334        0xc C:/ST/STM32CubeCLT_1.18.0/GNU-tools-for-STM32/bin/../lib/gcc/arm-none-eabi/13.3.1/../../../../arm-none-eabi/lib/thumb/v7-m/nofp\libc_nano.a(libc_a-mlock.o)
                0x08001334                __malloc_unlock
 .text._sbrk_r  0x08001340       0x20 C:/ST/STM32CubeCLT_1.18.0/GNU-tools-for-STM32/bin/../lib/gcc/arm-none-eabi/13.3.1/../../../../arm-none-eabi/lib/thumb/v7-m/nofp\libc_nano.a(libc_a-sbrkr.o)
                0x08001340                _sbrk_r
 .text.SystemInit
                0x08001360        0xc cmake/stm32cubemx/CMakeFiles/STM32_Drivers.dir/__/__/Core/Src/system_stm32f1xx.c.obj
                0x08001360                SystemInit
 .text.HAL_CRC_Init
                0x0800136c       0x38 cmake/stm32cubemx/CMakeFiles/STM32_Drivers.dir/__/__/Drivers/STM32F1xx_HAL_Driver/Src/stm32f1xx_hal_crc.c.obj
                0x0800136c                HAL_CRC_Init
 .text.HAL_CRC_Calculate
                0x080013a4       0x64 cmake/stm32cubemx/CMakeFiles/STM32_Drivers.dir/__/__/Drivers/STM32F1xx_HAL_Driver/Src/stm32f1xx_hal_crc.c.obj
                0x080013a4                HAL_CRC_Calculate
 .text.HAL_Init
                0x08001408       0x2c cmake/stm32cubemx/CMakeFiles/STM32_Drivers.dir/__/__/Drivers/STM32F1xx_HAL_Driver/Src/stm32f1xx_hal.c.obj
                0x08001408                HAL_Init
 .text.HAL_InitTick
                0x08001434       0x60 cmake/stm32cubemx/CMakeFiles/STM32_Drivers.dir/__/__/Drivers/STM32F1xx_HAL_Driver/Src/stm32f1xx_hal.c.obj
                0x08001434                HAL_InitTick
 .text.HAL_IncTick
                0x08001494       0x24 cmake/stm32cubemx/CMakeFiles/STM32_Drivers.dir/__/__/Drivers/STM32F1xx_HAL_Driver/Src/stm32f1xx_hal.c.obj
                0x08001494                HAL_IncTick
 .text.HAL_GetTick
                0x080014b8       0x14 cmake/stm32cubemx/CMakeFiles/STM32_Drivers.dir/__/__/Drivers/STM32F1xx_HAL_Driver/Src/stm32f1xx_hal.c.obj
                0x080014b8                HAL_GetTick
 .text.HAL_Delay
                0x080014cc       0x48 cmake/stm32cubemx/CMakeFiles/STM32_Drivers.dir/__/__/Drivers/STM32F1xx_HAL_Driver/Src/stm32f1xx_hal.c.obj
                0x080014cc                HAL_Delay
 .text.HAL_RCC_OscConfig
                0x08001514      0x504 cmake/stm32cubemx/CMakeFiles/STM32_Drivers.dir/__/__/Drivers/STM32F1xx_HAL_Driver/Src/stm32f1xx_hal_rcc.c.obj
                0x08001514                HAL_RCC_OscConfig
 .text.HAL_RCC_ClockConfig
                0x08001a18      0x1d4 cmake/stm32cubemx/CMakeFiles/STM32_Drivers.dir/__/__/Drivers/STM32F1xx_HAL_Driver/Src/stm32f1xx_hal_rcc.c.obj
                0x08001a18                HAL_RCC_ClockConfig
 .text.HAL_RCC_GetSysClockFreq
                0x08001bec       0xa8 cmake/stm32cubemx/CMakeFiles/STM32_Drivers.dir/__/__/Drivers/STM32F1xx_HAL_Driver/Src/stm32f1xx_hal_rcc.c.obj
                0x08001bec                HAL_RCC_GetSysClockFreq
 .text.HAL_RCC_GetHCLKFreq
                0x08001c94       0x14 cmake/stm32cubemx/CMakeFiles/STM32_Drivers.dir/__/__/Drivers/STM32F1xx_HAL_Driver/Src/stm32f1xx_hal_rcc.c.obj
                0x08001c94                HAL_RCC_GetHCLKFreq
 .text.HAL_RCC_GetPCLK1Freq
                0x08001ca8       0x28 cmake/stm32cubemx/CMakeFiles/STM32_Drivers.dir/__/__/Drivers/STM32F1xx_HAL_Driver/Src/stm32f1xx_hal_rcc.c.obj
                0x08001ca8                HAL_RCC_GetPCLK1Freq
 .text.HAL_RCC_GetPCLK2Freq
                0x08001cd0       0x28 cmake/stm32cubemx/CMakeFiles/STM32_Drivers.dir/__/__/Drivers/STM32F1xx_HAL_Driver/Src/stm32f1xx_hal_rcc.c.obj
                0x08001cd0                HAL_RCC_GetPCLK2Freq
 .text.RCC_Delay
                0x08001cf8       0x3c cmake/stm32cubemx/CMakeFiles/STM32_Drivers.dir/__/__/Drivers/STM32F1xx_HAL_Driver/Src/stm32f1xx_hal_rcc.c.obj
 .text.HAL_GPIO_Init
                0x08001d34      0x308 cmake/stm32cubemx/CMakeFiles/STM32_Drivers.dir/__/__/Drivers/STM32F1xx_HAL_Driver/Src/stm32f1xx_hal_gpio.c.obj
                0x08001d34                HAL_GPIO_Init
 .text.HAL_GPIO_WritePin
                0x0800203c       0x30 cmake/stm32cubemx/CMakeFiles/STM32_Drivers.dir/__/__/Drivers/STM32F1xx_HAL_Driver/Src/stm32f1xx_hal_gpio.c.obj
                0x0800203c                HAL_GPIO_WritePin
 .text.HAL_DMA_Init
                0x0800206c       0xb4 cmake/stm32cubemx/CMakeFiles/STM32_Drivers.dir/__/__/Drivers/STM32F1xx_HAL_Driver/Src/stm32f1xx_hal_dma.c.obj
                0x0800206c                HAL_DMA_Init
 .text.HAL_DMA_Abort
                0x08002120       0x76 cmake/stm32cubemx/CMakeFiles/STM32_Drivers.dir/__/__/Drivers/STM32F1xx_HAL_Driver/Src/stm32f1xx_hal_dma.c.obj
                0x08002120                HAL_DMA_Abort
 *fill*         0x08002196        0x2 
 .text.HAL_DMA_Abort_IT
                0x08002198       0xf0 cmake/stm32cubemx/CMakeFiles/STM32_Drivers.dir/__/__/Drivers/STM32F1xx_HAL_Driver/Src/stm32f1xx_hal_dma.c.obj
                0x08002198                HAL_DMA_Abort_IT
 .text.HAL_DMA_IRQHandler
                0x08002288      0x20c cmake/stm32cubemx/CMakeFiles/STM32_Drivers.dir/__/__/Drivers/STM32F1xx_HAL_Driver/Src/stm32f1xx_hal_dma.c.obj
                0x08002288                HAL_DMA_IRQHandler
 .text.__NVIC_SetPriorityGrouping
                0x08002494       0x48 cmake/stm32cubemx/CMakeFiles/STM32_Drivers.dir/__/__/Drivers/STM32F1xx_HAL_Driver/Src/stm32f1xx_hal_cortex.c.obj
 .text.__NVIC_GetPriorityGrouping
                0x080024dc       0x1c cmake/stm32cubemx/CMakeFiles/STM32_Drivers.dir/__/__/Drivers/STM32F1xx_HAL_Driver/Src/stm32f1xx_hal_cortex.c.obj
 .text.__NVIC_EnableIRQ
                0x080024f8       0x38 cmake/stm32cubemx/CMakeFiles/STM32_Drivers.dir/__/__/Drivers/STM32F1xx_HAL_Driver/Src/stm32f1xx_hal_cortex.c.obj
 .text.__NVIC_SetPriority
                0x08002530       0x54 cmake/stm32cubemx/CMakeFiles/STM32_Drivers.dir/__/__/Drivers/STM32F1xx_HAL_Driver/Src/stm32f1xx_hal_cortex.c.obj
 .text.NVIC_EncodePriority
                0x08002584       0x64 cmake/stm32cubemx/CMakeFiles/STM32_Drivers.dir/__/__/Drivers/STM32F1xx_HAL_Driver/Src/stm32f1xx_hal_cortex.c.obj
 .text.SysTick_Config
                0x080025e8       0x44 cmake/stm32cubemx/CMakeFiles/STM32_Drivers.dir/__/__/Drivers/STM32F1xx_HAL_Driver/Src/stm32f1xx_hal_cortex.c.obj
 .text.HAL_NVIC_SetPriorityGrouping
                0x0800262c       0x16 cmake/stm32cubemx/CMakeFiles/STM32_Drivers.dir/__/__/Drivers/STM32F1xx_HAL_Driver/Src/stm32f1xx_hal_cortex.c.obj
                0x0800262c                HAL_NVIC_SetPriorityGrouping
 .text.HAL_NVIC_SetPriority
                0x08002642       0x38 cmake/stm32cubemx/CMakeFiles/STM32_Drivers.dir/__/__/Drivers/STM32F1xx_HAL_Driver/Src/stm32f1xx_hal_cortex.c.obj
                0x08002642                HAL_NVIC_SetPriority
 .text.HAL_NVIC_EnableIRQ
                0x0800267a       0x1c cmake/stm32cubemx/CMakeFiles/STM32_Drivers.dir/__/__/Drivers/STM32F1xx_HAL_Driver/Src/stm32f1xx_hal_cortex.c.obj
                0x0800267a                HAL_NVIC_EnableIRQ
 .text.HAL_SYSTICK_Config
                0x08002696       0x18 cmake/stm32cubemx/CMakeFiles/STM32_Drivers.dir/__/__/Drivers/STM32F1xx_HAL_Driver/Src/stm32f1xx_hal_cortex.c.obj
                0x08002696                HAL_SYSTICK_Config
 *fill*         0x080026ae        0x2 
 .text.HAL_FLASH_Program
                0x080026b0       0xe0 cmake/stm32cubemx/CMakeFiles/STM32_Drivers.dir/__/__/Drivers/STM32F1xx_HAL_Driver/Src/stm32f1xx_hal_flash.c.obj
                0x080026b0                HAL_FLASH_Program
 .text.HAL_FLASH_Unlock
                0x08002790       0x4c cmake/stm32cubemx/CMakeFiles/STM32_Drivers.dir/__/__/Drivers/STM32F1xx_HAL_Driver/Src/stm32f1xx_hal_flash.c.obj
                0x08002790                HAL_FLASH_Unlock
 .text.HAL_FLASH_Lock
                0x080027dc       0x20 cmake/stm32cubemx/CMakeFiles/STM32_Drivers.dir/__/__/Drivers/STM32F1xx_HAL_Driver/Src/stm32f1xx_hal_flash.c.obj
                0x080027dc                HAL_FLASH_Lock
 .text.FLASH_Program_HalfWord
                0x080027fc       0x38 cmake/stm32cubemx/CMakeFiles/STM32_Drivers.dir/__/__/Drivers/STM32F1xx_HAL_Driver/Src/stm32f1xx_hal_flash.c.obj
 .text.FLASH_WaitForLastOperation
                0x08002834       0x8c cmake/stm32cubemx/CMakeFiles/STM32_Drivers.dir/__/__/Drivers/STM32F1xx_HAL_Driver/Src/stm32f1xx_hal_flash.c.obj
                0x08002834                FLASH_WaitForLastOperation
 .text.FLASH_SetErrorCode
                0x080028c0       0xa0 cmake/stm32cubemx/CMakeFiles/STM32_Drivers.dir/__/__/Drivers/STM32F1xx_HAL_Driver/Src/stm32f1xx_hal_flash.c.obj
 .text.HAL_FLASHEx_Erase
                0x08002960       0xd8 cmake/stm32cubemx/CMakeFiles/STM32_Drivers.dir/__/__/Drivers/STM32F1xx_HAL_Driver/Src/stm32f1xx_hal_flash_ex.c.obj
                0x08002960                HAL_FLASHEx_Erase
 .text.FLASH_MassErase
                0x08002a38       0x38 cmake/stm32cubemx/CMakeFiles/STM32_Drivers.dir/__/__/Drivers/STM32F1xx_HAL_Driver/Src/stm32f1xx_hal_flash_ex.c.obj
 .text.FLASH_PageErase
                0x08002a70       0x40 cmake/stm32cubemx/CMakeFiles/STM32_Drivers.dir/__/__/Drivers/STM32F1xx_HAL_Driver/Src/stm32f1xx_hal_flash_ex.c.obj
                0x08002a70                FLASH_PageErase
 .text.HAL_TIM_Base_Init
                0x08002ab0       0x9e cmake/stm32cubemx/CMakeFiles/STM32_Drivers.dir/__/__/Drivers/STM32F1xx_HAL_Driver/Src/stm32f1xx_hal_tim.c.obj
                0x08002ab0                HAL_TIM_Base_Init
 .text.HAL_TIM_Base_Stop
                0x08002b4e       0x4c cmake/stm32cubemx/CMakeFiles/STM32_Drivers.dir/__/__/Drivers/STM32F1xx_HAL_Driver/Src/stm32f1xx_hal_tim.c.obj
                0x08002b4e                HAL_TIM_Base_Stop
 *fill*         0x08002b9a        0x2 
 .text.HAL_TIM_Base_Start_IT
                0x08002b9c       0xa4 cmake/stm32cubemx/CMakeFiles/STM32_Drivers.dir/__/__/Drivers/STM32F1xx_HAL_Driver/Src/stm32f1xx_hal_tim.c.obj
                0x08002b9c                HAL_TIM_Base_Start_IT
 .text.HAL_TIM_Base_Stop_IT
                0x08002c40       0x5c cmake/stm32cubemx/CMakeFiles/STM32_Drivers.dir/__/__/Drivers/STM32F1xx_HAL_Driver/Src/stm32f1xx_hal_tim.c.obj
                0x08002c40                HAL_TIM_Base_Stop_IT
 .text.HAL_TIM_OC_Init
                0x08002c9c       0x9e cmake/stm32cubemx/CMakeFiles/STM32_Drivers.dir/__/__/Drivers/STM32F1xx_HAL_Driver/Src/stm32f1xx_hal_tim.c.obj
                0x08002c9c                HAL_TIM_OC_Init
 .text.HAL_TIM_OC_MspInit
                0x08002d3a       0x12 cmake/stm32cubemx/CMakeFiles/STM32_Drivers.dir/__/__/Drivers/STM32F1xx_HAL_Driver/Src/stm32f1xx_hal_tim.c.obj
                0x08002d3a                HAL_TIM_OC_MspInit
 .text.HAL_TIM_OC_Start_IT
                0x08002d4c      0x1e0 cmake/stm32cubemx/CMakeFiles/STM32_Drivers.dir/__/__/Drivers/STM32F1xx_HAL_Driver/Src/stm32f1xx_hal_tim.c.obj
                0x08002d4c                HAL_TIM_OC_Start_IT
 .text.HAL_TIM_OC_Stop_IT
                0x08002f2c      0x164 cmake/stm32cubemx/CMakeFiles/STM32_Drivers.dir/__/__/Drivers/STM32F1xx_HAL_Driver/Src/stm32f1xx_hal_tim.c.obj
                0x08002f2c                HAL_TIM_OC_Stop_IT
 .text.HAL_TIM_PWM_Init
                0x08003090       0x9e cmake/stm32cubemx/CMakeFiles/STM32_Drivers.dir/__/__/Drivers/STM32F1xx_HAL_Driver/Src/stm32f1xx_hal_tim.c.obj
                0x08003090                HAL_TIM_PWM_Init
 .text.HAL_TIM_PWM_MspInit
                0x0800312e       0x12 cmake/stm32cubemx/CMakeFiles/STM32_Drivers.dir/__/__/Drivers/STM32F1xx_HAL_Driver/Src/stm32f1xx_hal_tim.c.obj
                0x0800312e                HAL_TIM_PWM_MspInit
 .text.HAL_TIM_PWM_Start
                0x08003140      0x144 cmake/stm32cubemx/CMakeFiles/STM32_Drivers.dir/__/__/Drivers/STM32F1xx_HAL_Driver/Src/stm32f1xx_hal_tim.c.obj
                0x08003140                HAL_TIM_PWM_Start
 .text.HAL_TIM_IC_Init
                0x08003284       0x9e cmake/stm32cubemx/CMakeFiles/STM32_Drivers.dir/__/__/Drivers/STM32F1xx_HAL_Driver/Src/stm32f1xx_hal_tim.c.obj
                0x08003284                HAL_TIM_IC_Init
 .text.HAL_TIM_IC_MspInit
                0x08003322       0x12 cmake/stm32cubemx/CMakeFiles/STM32_Drivers.dir/__/__/Drivers/STM32F1xx_HAL_Driver/Src/stm32f1xx_hal_tim.c.obj
                0x08003322                HAL_TIM_IC_MspInit
 .text.HAL_TIM_IC_Start_IT
                0x08003334      0x218 cmake/stm32cubemx/CMakeFiles/STM32_Drivers.dir/__/__/Drivers/STM32F1xx_HAL_Driver/Src/stm32f1xx_hal_tim.c.obj
                0x08003334                HAL_TIM_IC_Start_IT
 .text.HAL_TIM_Encoder_Init
                0x0800354c      0x144 cmake/stm32cubemx/CMakeFiles/STM32_Drivers.dir/__/__/Drivers/STM32F1xx_HAL_Driver/Src/stm32f1xx_hal_tim.c.obj
                0x0800354c                HAL_TIM_Encoder_Init
 .text.HAL_TIM_IRQHandler
                0x08003690      0x1e0 cmake/stm32cubemx/CMakeFiles/STM32_Drivers.dir/__/__/Drivers/STM32F1xx_HAL_Driver/Src/stm32f1xx_hal_tim.c.obj
                0x08003690                HAL_TIM_IRQHandler
 .text.HAL_TIM_OC_ConfigChannel
                0x08003870       0xb8 cmake/stm32cubemx/CMakeFiles/STM32_Drivers.dir/__/__/Drivers/STM32F1xx_HAL_Driver/Src/stm32f1xx_hal_tim.c.obj
                0x08003870                HAL_TIM_OC_ConfigChannel
 .text.HAL_TIM_IC_ConfigChannel
                0x08003928      0x138 cmake/stm32cubemx/CMakeFiles/STM32_Drivers.dir/__/__/Drivers/STM32F1xx_HAL_Driver/Src/stm32f1xx_hal_tim.c.obj
                0x08003928                HAL_TIM_IC_ConfigChannel
 .text.HAL_TIM_PWM_ConfigChannel
                0x08003a60      0x184 cmake/stm32cubemx/CMakeFiles/STM32_Drivers.dir/__/__/Drivers/STM32F1xx_HAL_Driver/Src/stm32f1xx_hal_tim.c.obj
                0x08003a60                HAL_TIM_PWM_ConfigChannel
 .text.HAL_TIM_ConfigClockSource
                0x08003be4      0x18e cmake/stm32cubemx/CMakeFiles/STM32_Drivers.dir/__/__/Drivers/STM32F1xx_HAL_Driver/Src/stm32f1xx_hal_tim.c.obj
                0x08003be4                HAL_TIM_ConfigClockSource
 *fill*         0x08003d72        0x2 
 .text.HAL_TIM_ReadCapturedValue
                0x08003d74       0x88 cmake/stm32cubemx/CMakeFiles/STM32_Drivers.dir/__/__/Drivers/STM32F1xx_HAL_Driver/Src/stm32f1xx_hal_tim.c.obj
                0x08003d74                HAL_TIM_ReadCapturedValue
 .text.HAL_TIM_PWM_PulseFinishedCallback
                0x08003dfc       0x12 cmake/stm32cubemx/CMakeFiles/STM32_Drivers.dir/__/__/Drivers/STM32F1xx_HAL_Driver/Src/stm32f1xx_hal_tim.c.obj
                0x08003dfc                HAL_TIM_PWM_PulseFinishedCallback
 .text.HAL_TIM_TriggerCallback
                0x08003e0e       0x12 cmake/stm32cubemx/CMakeFiles/STM32_Drivers.dir/__/__/Drivers/STM32F1xx_HAL_Driver/Src/stm32f1xx_hal_tim.c.obj
                0x08003e0e                HAL_TIM_TriggerCallback
 .text.TIM_Base_SetConfig
                0x08003e20       0xdc cmake/stm32cubemx/CMakeFiles/STM32_Drivers.dir/__/__/Drivers/STM32F1xx_HAL_Driver/Src/stm32f1xx_hal_tim.c.obj
                0x08003e20                TIM_Base_SetConfig
 .text.TIM_OC1_SetConfig
                0x08003efc       0xcc cmake/stm32cubemx/CMakeFiles/STM32_Drivers.dir/__/__/Drivers/STM32F1xx_HAL_Driver/Src/stm32f1xx_hal_tim.c.obj
 .text.TIM_OC2_SetConfig
                0x08003fc8       0xd4 cmake/stm32cubemx/CMakeFiles/STM32_Drivers.dir/__/__/Drivers/STM32F1xx_HAL_Driver/Src/stm32f1xx_hal_tim.c.obj
                0x08003fc8                TIM_OC2_SetConfig
 .text.TIM_OC3_SetConfig
                0x0800409c       0xd4 cmake/stm32cubemx/CMakeFiles/STM32_Drivers.dir/__/__/Drivers/STM32F1xx_HAL_Driver/Src/stm32f1xx_hal_tim.c.obj
 .text.TIM_OC4_SetConfig
                0x08004170       0x9c cmake/stm32cubemx/CMakeFiles/STM32_Drivers.dir/__/__/Drivers/STM32F1xx_HAL_Driver/Src/stm32f1xx_hal_tim.c.obj
 .text.TIM_TI1_SetConfig
                0x0800420c       0xb4 cmake/stm32cubemx/CMakeFiles/STM32_Drivers.dir/__/__/Drivers/STM32F1xx_HAL_Driver/Src/stm32f1xx_hal_tim.c.obj
                0x0800420c                TIM_TI1_SetConfig
 .text.TIM_TI1_ConfigInputStage
                0x080042c0       0x5c cmake/stm32cubemx/CMakeFiles/STM32_Drivers.dir/__/__/Drivers/STM32F1xx_HAL_Driver/Src/stm32f1xx_hal_tim.c.obj
 .text.TIM_TI2_SetConfig
                0x0800431c       0x78 cmake/stm32cubemx/CMakeFiles/STM32_Drivers.dir/__/__/Drivers/STM32F1xx_HAL_Driver/Src/stm32f1xx_hal_tim.c.obj
 .text.TIM_TI2_ConfigInputStage
                0x08004394       0x5e cmake/stm32cubemx/CMakeFiles/STM32_Drivers.dir/__/__/Drivers/STM32F1xx_HAL_Driver/Src/stm32f1xx_hal_tim.c.obj
 .text.TIM_TI3_SetConfig
                0x080043f2       0x76 cmake/stm32cubemx/CMakeFiles/STM32_Drivers.dir/__/__/Drivers/STM32F1xx_HAL_Driver/Src/stm32f1xx_hal_tim.c.obj
 .text.TIM_TI4_SetConfig
                0x08004468       0x78 cmake/stm32cubemx/CMakeFiles/STM32_Drivers.dir/__/__/Drivers/STM32F1xx_HAL_Driver/Src/stm32f1xx_hal_tim.c.obj
 .text.TIM_ITRx_SetConfig
                0x080044e0       0x34 cmake/stm32cubemx/CMakeFiles/STM32_Drivers.dir/__/__/Drivers/STM32F1xx_HAL_Driver/Src/stm32f1xx_hal_tim.c.obj
 .text.TIM_ETR_SetConfig
                0x08004514       0x3e cmake/stm32cubemx/CMakeFiles/STM32_Drivers.dir/__/__/Drivers/STM32F1xx_HAL_Driver/Src/stm32f1xx_hal_tim.c.obj
                0x08004514                TIM_ETR_SetConfig
 .text.TIM_CCxChannelCmd
                0x08004552       0x48 cmake/stm32cubemx/CMakeFiles/STM32_Drivers.dir/__/__/Drivers/STM32F1xx_HAL_Driver/Src/stm32f1xx_hal_tim.c.obj
                0x08004552                TIM_CCxChannelCmd
 *fill*         0x0800459a        0x2 
 .text.HAL_TIMEx_MasterConfigSynchronization
                0x0800459c       0xbc cmake/stm32cubemx/CMakeFiles/STM32_Drivers.dir/__/__/Drivers/STM32F1xx_HAL_Driver/Src/stm32f1xx_hal_tim_ex.c.obj
                0x0800459c                HAL_TIMEx_MasterConfigSynchronization
 .text.HAL_TIMEx_ConfigBreakDeadTime
                0x08004658       0xa2 cmake/stm32cubemx/CMakeFiles/STM32_Drivers.dir/__/__/Drivers/STM32F1xx_HAL_Driver/Src/stm32f1xx_hal_tim_ex.c.obj
                0x08004658                HAL_TIMEx_ConfigBreakDeadTime
 .text.HAL_TIMEx_CommutCallback
                0x080046fa       0x12 cmake/stm32cubemx/CMakeFiles/STM32_Drivers.dir/__/__/Drivers/STM32F1xx_HAL_Driver/Src/stm32f1xx_hal_tim_ex.c.obj
                0x080046fa                HAL_TIMEx_CommutCallback
 .text.HAL_TIMEx_BreakCallback
                0x0800470c       0x12 cmake/stm32cubemx/CMakeFiles/STM32_Drivers.dir/__/__/Drivers/STM32F1xx_HAL_Driver/Src/stm32f1xx_hal_tim_ex.c.obj
                0x0800470c                HAL_TIMEx_BreakCallback
 .text.HAL_UART_Init
                0x0800471e       0xa0 cmake/stm32cubemx/CMakeFiles/STM32_Drivers.dir/__/__/Drivers/STM32F1xx_HAL_Driver/Src/stm32f1xx_hal_uart.c.obj
                0x0800471e                HAL_UART_Init
 .text.HAL_UART_Transmit_IT
                0x080047be       0x6a cmake/stm32cubemx/CMakeFiles/STM32_Drivers.dir/__/__/Drivers/STM32F1xx_HAL_Driver/Src/stm32f1xx_hal_uart.c.obj
                0x080047be                HAL_UART_Transmit_IT
 .text.HAL_UART_Receive_IT
                0x08004828       0x4a cmake/stm32cubemx/CMakeFiles/STM32_Drivers.dir/__/__/Drivers/STM32F1xx_HAL_Driver/Src/stm32f1xx_hal_uart.c.obj
                0x08004828                HAL_UART_Receive_IT
 *fill*         0x08004872        0x2 
 .text.HAL_UART_IRQHandler
                0x08004874      0x524 cmake/stm32cubemx/CMakeFiles/STM32_Drivers.dir/__/__/Drivers/STM32F1xx_HAL_Driver/Src/stm32f1xx_hal_uart.c.obj
                0x08004874                HAL_UART_IRQHandler
 .text.HAL_UART_ErrorCallback
                0x08004d98       0x12 cmake/stm32cubemx/CMakeFiles/STM32_Drivers.dir/__/__/Drivers/STM32F1xx_HAL_Driver/Src/stm32f1xx_hal_uart.c.obj
                0x08004d98                HAL_UART_ErrorCallback
 .text.HAL_UARTEx_RxEventCallback
                0x08004daa       0x16 cmake/stm32cubemx/CMakeFiles/STM32_Drivers.dir/__/__/Drivers/STM32F1xx_HAL_Driver/Src/stm32f1xx_hal_uart.c.obj
                0x08004daa                HAL_UARTEx_RxEventCallback
 .text.UART_Start_Receive_IT
                0x08004dc0       0x72 cmake/stm32cubemx/CMakeFiles/STM32_Drivers.dir/__/__/Drivers/STM32F1xx_HAL_Driver/Src/stm32f1xx_hal_uart.c.obj
                0x08004dc0                UART_Start_Receive_IT
 .text.UART_EndRxTransfer
                0x08004e32       0xc4 cmake/stm32cubemx/CMakeFiles/STM32_Drivers.dir/__/__/Drivers/STM32F1xx_HAL_Driver/Src/stm32f1xx_hal_uart.c.obj
 .text.UART_DMAAbortOnError
                0x08004ef6       0x28 cmake/stm32cubemx/CMakeFiles/STM32_Drivers.dir/__/__/Drivers/STM32F1xx_HAL_Driver/Src/stm32f1xx_hal_uart.c.obj
 .text.UART_Transmit_IT
                0x08004f1e       0x9e cmake/stm32cubemx/CMakeFiles/STM32_Drivers.dir/__/__/Drivers/STM32F1xx_HAL_Driver/Src/stm32f1xx_hal_uart.c.obj
 .text.UART_EndTransmit_IT
                0x08004fbc       0x30 cmake/stm32cubemx/CMakeFiles/STM32_Drivers.dir/__/__/Drivers/STM32F1xx_HAL_Driver/Src/stm32f1xx_hal_uart.c.obj
 .text.UART_Receive_IT
                0x08004fec      0x17c cmake/stm32cubemx/CMakeFiles/STM32_Drivers.dir/__/__/Drivers/STM32F1xx_HAL_Driver/Src/stm32f1xx_hal_uart.c.obj
 .text.UART_SetConfig
                0x08005168      0x11c cmake/stm32cubemx/CMakeFiles/STM32_Drivers.dir/__/__/Drivers/STM32F1xx_HAL_Driver/Src/stm32f1xx_hal_uart.c.obj
 .text.main     0x08005284       0x7c CMakeFiles/funcionando_conmutacion_sincrona2.dir/Core/Src/main.c.obj
                0x08005284                main
 .text.SystemClock_Config
                0x08005300       0x8a CMakeFiles/funcionando_conmutacion_sincrona2.dir/Core/Src/main.c.obj
                0x08005300                SystemClock_Config
 *fill*         0x0800538a        0x2 
 .text.MX_CRC_Init
                0x0800538c       0x28 CMakeFiles/funcionando_conmutacion_sincrona2.dir/Core/Src/main.c.obj
 .text.MX_TIM1_Init
                0x080053b4      0x170 CMakeFiles/funcionando_conmutacion_sincrona2.dir/Core/Src/main.c.obj
 .text.MX_TIM2_Init
                0x08005524      0x10c CMakeFiles/funcionando_conmutacion_sincrona2.dir/Core/Src/main.c.obj
 .text.MX_TIM3_Init
                0x08005630       0xa8 CMakeFiles/funcionando_conmutacion_sincrona2.dir/Core/Src/main.c.obj
 .text.MX_TIM4_Init
                0x080056d8      0x124 CMakeFiles/funcionando_conmutacion_sincrona2.dir/Core/Src/main.c.obj
 .text.MX_USART2_UART_Init
                0x080057fc       0x54 CMakeFiles/funcionando_conmutacion_sincrona2.dir/Core/Src/main.c.obj
 .text.MX_DMA_Init
                0x08005850       0x3c CMakeFiles/funcionando_conmutacion_sincrona2.dir/Core/Src/main.c.obj
 .text.MX_GPIO_Init
                0x0800588c      0x108 CMakeFiles/funcionando_conmutacion_sincrona2.dir/Core/Src/main.c.obj
 .text.Error_Handler
                0x08005994        0xc CMakeFiles/funcionando_conmutacion_sincrona2.dir/Core/Src/main.c.obj
                0x08005994                Error_Handler
 .text.NMI_Handler
                0x080059a0        0x8 CMakeFiles/funcionando_conmutacion_sincrona2.dir/Core/Src/stm32f1xx_it.c.obj
                0x080059a0                NMI_Handler
 .text.HardFault_Handler
                0x080059a8        0x8 CMakeFiles/funcionando_conmutacion_sincrona2.dir/Core/Src/stm32f1xx_it.c.obj
                0x080059a8                HardFault_Handler
 .text.MemManage_Handler
                0x080059b0        0x8 CMakeFiles/funcionando_conmutacion_sincrona2.dir/Core/Src/stm32f1xx_it.c.obj
                0x080059b0                MemManage_Handler
 .text.BusFault_Handler
                0x080059b8        0x8 CMakeFiles/funcionando_conmutacion_sincrona2.dir/Core/Src/stm32f1xx_it.c.obj
                0x080059b8                BusFault_Handler
 .text.UsageFault_Handler
                0x080059c0        0x8 CMakeFiles/funcionando_conmutacion_sincrona2.dir/Core/Src/stm32f1xx_it.c.obj
                0x080059c0                UsageFault_Handler
 .text.SVC_Handler
                0x080059c8        0xc CMakeFiles/funcionando_conmutacion_sincrona2.dir/Core/Src/stm32f1xx_it.c.obj
                0x080059c8                SVC_Handler
 .text.DebugMon_Handler
                0x080059d4        0xc CMakeFiles/funcionando_conmutacion_sincrona2.dir/Core/Src/stm32f1xx_it.c.obj
                0x080059d4                DebugMon_Handler
 .text.PendSV_Handler
                0x080059e0        0xc CMakeFiles/funcionando_conmutacion_sincrona2.dir/Core/Src/stm32f1xx_it.c.obj
                0x080059e0                PendSV_Handler
 .text.SysTick_Handler
                0x080059ec        0xc CMakeFiles/funcionando_conmutacion_sincrona2.dir/Core/Src/stm32f1xx_it.c.obj
                0x080059ec                SysTick_Handler
 .text.DMA1_Channel7_IRQHandler
                0x080059f8       0x14 CMakeFiles/funcionando_conmutacion_sincrona2.dir/Core/Src/stm32f1xx_it.c.obj
                0x080059f8                DMA1_Channel7_IRQHandler
 .text.TIM2_IRQHandler
                0x08005a0c       0x14 CMakeFiles/funcionando_conmutacion_sincrona2.dir/Core/Src/stm32f1xx_it.c.obj
                0x08005a0c                TIM2_IRQHandler
 .text.TIM4_IRQHandler
                0x08005a20       0x14 CMakeFiles/funcionando_conmutacion_sincrona2.dir/Core/Src/stm32f1xx_it.c.obj
                0x08005a20                TIM4_IRQHandler
 .text.USART2_IRQHandler
                0x08005a34       0x14 CMakeFiles/funcionando_conmutacion_sincrona2.dir/Core/Src/stm32f1xx_it.c.obj
                0x08005a34                USART2_IRQHandler
 .text.HAL_MspInit
                0x08005a48       0x64 CMakeFiles/funcionando_conmutacion_sincrona2.dir/Core/Src/stm32f1xx_hal_msp.c.obj
                0x08005a48                HAL_MspInit
 .text.HAL_CRC_MspInit
                0x08005aac       0x3c CMakeFiles/funcionando_conmutacion_sincrona2.dir/Core/Src/stm32f1xx_hal_msp.c.obj
                0x08005aac                HAL_CRC_MspInit
 .text.HAL_TIM_Base_MspInit
                0x08005ae8      0x148 CMakeFiles/funcionando_conmutacion_sincrona2.dir/Core/Src/stm32f1xx_hal_msp.c.obj
                0x08005ae8                HAL_TIM_Base_MspInit
 .text.HAL_TIM_Encoder_MspInit
                0x08005c30       0x7c CMakeFiles/funcionando_conmutacion_sincrona2.dir/Core/Src/stm32f1xx_hal_msp.c.obj
                0x08005c30                HAL_TIM_Encoder_MspInit
 .text.HAL_TIM_MspPostInit
                0x08005cac       0x68 CMakeFiles/funcionando_conmutacion_sincrona2.dir/Core/Src/stm32f1xx_hal_msp.c.obj
                0x08005cac                HAL_TIM_MspPostInit
 .text.HAL_UART_MspInit
                0x08005d14       0xfc CMakeFiles/funcionando_conmutacion_sincrona2.dir/Core/Src/stm32f1xx_hal_msp.c.obj
                0x08005d14                HAL_UART_MspInit
 .text._sbrk    0x08005e10       0x6c CMakeFiles/funcionando_conmutacion_sincrona2.dir/Core/Src/sysmem.c.obj
                0x08005e10                _sbrk
 .text.Reset_Handler
                0x08005e7c       0x48 CMakeFiles/funcionando_conmutacion_sincrona2.dir/startup_stm32f103xb.s.obj
                0x08005e7c                Reset_Handler
 .text.Default_Handler
                0x08005ec4        0x2 CMakeFiles/funcionando_conmutacion_sincrona2.dir/startup_stm32f103xb.s.obj
                0x08005ec4                RTC_Alarm_IRQHandler
                0x08005ec4                EXTI2_IRQHandler
                0x08005ec4                TIM1_CC_IRQHandler
                0x08005ec4                PVD_IRQHandler
                0x08005ec4                EXTI3_IRQHandler
                0x08005ec4                EXTI0_IRQHandler
                0x08005ec4                I2C2_EV_IRQHandler
                0x08005ec4                ADC1_2_IRQHandler
                0x08005ec4                SPI1_IRQHandler
                0x08005ec4                TAMPER_IRQHandler
                0x08005ec4                DMA1_Channel4_IRQHandler
                0x08005ec4                USART3_IRQHandler
                0x08005ec4                RTC_IRQHandler
                0x08005ec4                CAN1_RX1_IRQHandler
                0x08005ec4                I2C1_EV_IRQHandler
                0x08005ec4                DMA1_Channel6_IRQHandler
                0x08005ec4                TIM3_IRQHandler
                0x08005ec4                RCC_IRQHandler
                0x08005ec4                TIM1_TRG_COM_IRQHandler
                0x08005ec4                DMA1_Channel1_IRQHandler
                0x08005ec4                Default_Handler
                0x08005ec4                EXTI15_10_IRQHandler
                0x08005ec4                EXTI9_5_IRQHandler
                0x08005ec4                SPI2_IRQHandler
                0x08005ec4                DMA1_Channel5_IRQHandler
                0x08005ec4                EXTI4_IRQHandler
                0x08005ec4                USB_LP_CAN1_RX0_IRQHandler
                0x08005ec4                USB_HP_CAN1_TX_IRQHandler
                0x08005ec4                DMA1_Channel3_IRQHandler
                0x08005ec4                TIM1_UP_IRQHandler
                0x08005ec4                WWDG_IRQHandler
                0x08005ec4                TIM1_BRK_IRQHandler
                0x08005ec4                EXTI1_IRQHandler
                0x08005ec4                I2C2_ER_IRQHandler
                0x08005ec4                DMA1_Channel2_IRQHandler
                0x08005ec4                CAN1_SCE_IRQHandler
                0x08005ec4                FLASH_IRQHandler
                0x08005ec4                USART1_IRQHandler
                0x08005ec4                I2C1_ER_IRQHandler
                0x08005ec4                USBWakeUp_IRQHandler
 *fill*         0x08005ec6        0x2 
 .text.HAL_TIM_IC_CaptureCallback
                0x08005ec8       0x8c CMakeFiles/funcionando_conmutacion_sincrona2.dir/Core/Src/callbacks.c.obj
                0x08005ec8                HAL_TIM_IC_CaptureCallback
 .text.HAL_TIM_OC_DelayElapsedCallback
                0x08005f54       0x48 CMakeFiles/funcionando_conmutacion_sincrona2.dir/Core/Src/callbacks.c.obj
                0x08005f54                HAL_TIM_OC_DelayElapsedCallback
 .text.HAL_TIM_PeriodElapsedCallback
                0x08005f9c       0x24 CMakeFiles/funcionando_conmutacion_sincrona2.dir/Core/Src/callbacks.c.obj
                0x08005f9c                HAL_TIM_PeriodElapsedCallback
 .text.calculate_block_crc
                0x08005fc0       0x94 CMakeFiles/funcionando_conmutacion_sincrona2.dir/Core/Src/flash_config.c.obj
 .text.write_page
                0x08006054       0x48 CMakeFiles/funcionando_conmutacion_sincrona2.dir/Core/Src/flash_config.c.obj
 .text.find_active_page
                0x0800609c       0xe4 CMakeFiles/funcionando_conmutacion_sincrona2.dir/Core/Src/flash_config.c.obj
 .text.erase_flash_page
                0x08006180       0x48 CMakeFiles/funcionando_conmutacion_sincrona2.dir/Core/Src/flash_config.c.obj
 .text.write_flash_block
                0x080061c8       0x68 CMakeFiles/funcionando_conmutacion_sincrona2.dir/Core/Src/flash_config.c.obj
 .text.flash_config_init
                0x08006230       0x78 CMakeFiles/funcionando_conmutacion_sincrona2.dir/Core/Src/flash_config.c.obj
                0x08006230                flash_config_init
 .text.flash_config_save
                0x080062a8      0x140 CMakeFiles/funcionando_conmutacion_sincrona2.dir/Core/Src/flash_config.c.obj
                0x080062a8                flash_config_save
 .text.flash_config_has_pending_changes
                0x080063e8       0x40 CMakeFiles/funcionando_conmutacion_sincrona2.dir/Core/Src/flash_config.c.obj
                0x080063e8                flash_config_has_pending_changes
 .text.flash_config_parameter_changed
                0x08006428       0x18 CMakeFiles/funcionando_conmutacion_sincrona2.dir/Core/Src/flash_config.c.obj
                0x08006428                flash_config_parameter_changed
 .text.set_default_esc_params
                0x08006440       0x64 CMakeFiles/funcionando_conmutacion_sincrona2.dir/Core/Src/hard_config.c.obj
                0x08006440                set_default_esc_params
 .text.update_all_esc
                0x080064a4       0x60 CMakeFiles/funcionando_conmutacion_sincrona2.dir/Core/Src/hard_config.c.obj
                0x080064a4                update_all_esc
 .text.compute_crc32
                0x08006504       0xc8 CMakeFiles/funcionando_conmutacion_sincrona2.dir/Core/Src/hard_config.c.obj
                0x08006504                compute_crc32
 .text.get_pwm_freq
                0x080065cc       0x14 CMakeFiles/funcionando_conmutacion_sincrona2.dir/Core/Src/hard_config.c.obj
                0x080065cc                get_pwm_freq
 .text.set_pwm_freq
                0x080065e0       0x40 CMakeFiles/funcionando_conmutacion_sincrona2.dir/Core/Src/hard_config.c.obj
                0x080065e0                set_pwm_freq
 .text.safe_mod
                0x08006620       0x42 CMakeFiles/funcionando_conmutacion_sincrona2.dir/Core/Src/motor_control.c.obj
                0x08006620                safe_mod
 *fill*         0x08006662        0x2 
 .text.commutation
                0x08006664      0x424 CMakeFiles/funcionando_conmutacion_sincrona2.dir/Core/Src/motor_control.c.obj
                0x08006664                commutation
 .text.update_all_motor_control
                0x08006a88       0xc0 CMakeFiles/funcionando_conmutacion_sincrona2.dir/Core/Src/motor_control.c.obj
                0x08006a88                update_all_motor_control
 .text.filtro_media_movil
                0x08006b48       0xdc CMakeFiles/funcionando_conmutacion_sincrona2.dir/Core/Src/motor_control.c.obj
                0x08006b48                filtro_media_movil
 .text.zero_crossing
                0x08006c24      0x388 CMakeFiles/funcionando_conmutacion_sincrona2.dir/Core/Src/motor_control.c.obj
                0x08006c24                zero_crossing
 .text.motor_detection
                0x08006fac       0xf8 CMakeFiles/funcionando_conmutacion_sincrona2.dir/Core/Src/motor_control.c.obj
                0x08006fac                motor_detection
 .text.check_motor_status
                0x080070a4       0xd0 CMakeFiles/funcionando_conmutacion_sincrona2.dir/Core/Src/motor_control.c.obj
                0x080070a4                check_motor_status
 .text.map_speed
                0x08007174       0x8c CMakeFiles/funcionando_conmutacion_sincrona2.dir/Core/Src/motor_control.c.obj
 .text.pi_control
                0x08007200      0x244 CMakeFiles/funcionando_conmutacion_sincrona2.dir/Core/Src/motor_control.c.obj
                0x08007200                pi_control
 *fill*         0x08007444        0x4 
 .text.generate_sine_tables
                0x08007448      0x1c8 CMakeFiles/funcionando_conmutacion_sincrona2.dir/Core/Src/startup.c.obj
                0x08007448                generate_sine_tables
 .text.foc_startup
                0x08007610       0xb0 CMakeFiles/funcionando_conmutacion_sincrona2.dir/Core/Src/startup.c.obj
                0x08007610                foc_startup
 .text.update_pwm_startup_foc
                0x080076c0      0x204 CMakeFiles/funcionando_conmutacion_sincrona2.dir/Core/Src/startup.c.obj
                0x080076c0                update_pwm_startup_foc
 .text.executeTransition
                0x080078c4       0xd4 CMakeFiles/funcionando_conmutacion_sincrona2.dir/Core/Src/startup.c.obj
                0x080078c4                executeTransition
 .text.commInit
                0x08007998       0x50 CMakeFiles/funcionando_conmutacion_sincrona2.dir/Core/Src/comm.c.obj
                0x08007998                commInit
 .text.processCurrentCommand
                0x080079e8       0x14 CMakeFiles/funcionando_conmutacion_sincrona2.dir/Core/Src/comm.c.obj
                0x080079e8                processCurrentCommand
 .text.processUartData
                0x080079fc       0xdc CMakeFiles/funcionando_conmutacion_sincrona2.dir/Core/Src/comm.c.obj
                0x080079fc                processUartData
 .text.processCommand
                0x08007ad8      0x184 CMakeFiles/funcionando_conmutacion_sincrona2.dir/Core/Src/comm.c.obj
                0x08007ad8                processCommand
 .text.configStatusToString
                0x08007c5c       0x30 CMakeFiles/funcionando_conmutacion_sincrona2.dir/Core/Src/comm.c.obj
                0x08007c5c                configStatusToString
 .text.executeCommand
                0x08007c8c       0xf0 CMakeFiles/funcionando_conmutacion_sincrona2.dir/Core/Src/comm.c.obj
                0x08007c8c                executeCommand
 .text.parseParameter
                0x08007d7c       0x54 CMakeFiles/funcionando_conmutacion_sincrona2.dir/Core/Src/comm.c.obj
                0x08007d7c                parseParameter
 .text.parseAction
                0x08007dd0       0x80 CMakeFiles/funcionando_conmutacion_sincrona2.dir/Core/Src/comm.c.obj
                0x08007dd0                parseAction
 .text.transmitirUART
                0x08007e50       0x70 CMakeFiles/funcionando_conmutacion_sincrona2.dir/Core/Src/comm.c.obj
                0x08007e50                transmitirUART
 .text.processSpeedCommand
                0x08007ec0       0x80 CMakeFiles/funcionando_conmutacion_sincrona2.dir/Core/Src/comm.c.obj
                0x08007ec0                processSpeedCommand
 .text.HAL_UART_TxCpltCallback
                0x08007f40       0x2c CMakeFiles/funcionando_conmutacion_sincrona2.dir/Core/Src/comm.c.obj
                0x08007f40                HAL_UART_TxCpltCallback
 .text.HAL_UART_RxCpltCallback
                0x08007f6c       0x5c CMakeFiles/funcionando_conmutacion_sincrona2.dir/Core/Src/comm.c.obj
                0x08007f6c                HAL_UART_RxCpltCallback
 .text.handleState
                0x08007fc8      0x2c8 CMakeFiles/funcionando_conmutacion_sincrona2.dir/Core/Src/state_machine.c.obj
                0x08007fc8                handleState
 .text.event_delay
                0x08008290      0x108 CMakeFiles/funcionando_conmutacion_sincrona2.dir/Core/Src/state_machine.c.obj
                0x08008290                event_delay
 .text.atoi     0x08008398        0x8 C:/ST/STM32CubeCLT_1.18.0/GNU-tools-for-STM32/bin/../lib/gcc/arm-none-eabi/13.3.1/../../../../arm-none-eabi/lib/thumb/v7-m/nofp\libg_nano.a(libc_a-atoi.o)
                0x08008398                atoi
 .text._strtol_l.isra.0
                0x080083a0       0xf4 C:/ST/STM32CubeCLT_1.18.0/GNU-tools-for-STM32/bin/../lib/gcc/arm-none-eabi/13.3.1/../../../../arm-none-eabi/lib/thumb/v7-m/nofp\libg_nano.a(libc_a-strtol.o)
 .text._strtol_r
                0x08008494        0x4 C:/ST/STM32CubeCLT_1.18.0/GNU-tools-for-STM32/bin/../lib/gcc/arm-none-eabi/13.3.1/../../../../arm-none-eabi/lib/thumb/v7-m/nofp\libg_nano.a(libc_a-strtol.o)
                0x08008494                _strtol_r
 .text.strtol   0x08008498       0x14 C:/ST/STM32CubeCLT_1.18.0/GNU-tools-for-STM32/bin/../lib/gcc/arm-none-eabi/13.3.1/../../../../arm-none-eabi/lib/thumb/v7-m/nofp\libg_nano.a(libc_a-strtol.o)
                0x08008498                strtol
 .text.sscanf   0x080084ac       0x58 C:/ST/STM32CubeCLT_1.18.0/GNU-tools-for-STM32/bin/../lib/gcc/arm-none-eabi/13.3.1/../../../../arm-none-eabi/lib/thumb/v7-m/nofp\libg_nano.a(libc_a-sscanf.o)
                0x080084ac                siscanf
                0x080084ac                sscanf
 .text._vsnprintf_r
                0x08008504       0x5c C:/ST/STM32CubeCLT_1.18.0/GNU-tools-for-STM32/bin/../lib/gcc/arm-none-eabi/13.3.1/../../../../arm-none-eabi/lib/thumb/v7-m/nofp\libg_nano.a(libc_a-vsnprintf.o)
                0x08008504                _vsniprintf_r
                0x08008504                _vsnprintf_r
 .text.vsnprintf
                0x08008560       0x1c C:/ST/STM32CubeCLT_1.18.0/GNU-tools-for-STM32/bin/../lib/gcc/arm-none-eabi/13.3.1/../../../../arm-none-eabi/lib/thumb/v7-m/nofp\libg_nano.a(libc_a-vsnprintf.o)
                0x08008560                vsniprintf
                0x08008560                vsnprintf
 .text.memcmp   0x0800857c       0x20 C:/ST/STM32CubeCLT_1.18.0/GNU-tools-for-STM32/bin/../lib/gcc/arm-none-eabi/13.3.1/../../../../arm-none-eabi/lib/thumb/v7-m/nofp\libg_nano.a(libc_a-memcmp.o)
                0x0800857c                memcmp
 .text.strncmp  0x0800859c       0x24 C:/ST/STM32CubeCLT_1.18.0/GNU-tools-for-STM32/bin/../lib/gcc/arm-none-eabi/13.3.1/../../../../arm-none-eabi/lib/thumb/v7-m/nofp\libg_nano.a(libc_a-strncmp.o)
                0x0800859c                strncmp
 .text.__errno  0x080085c0        0xc C:/ST/STM32CubeCLT_1.18.0/GNU-tools-for-STM32/bin/../lib/gcc/arm-none-eabi/13.3.1/../../../../arm-none-eabi/lib/thumb/v7-m/nofp\libg_nano.a(libc_a-errno.o)
                0x080085c0                __errno
 .text.memcpy   0x080085cc       0x1c C:/ST/STM32CubeCLT_1.18.0/GNU-tools-for-STM32/bin/../lib/gcc/arm-none-eabi/13.3.1/../../../../arm-none-eabi/lib/thumb/v7-m/nofp\libg_nano.a(libc_a-memcpy-stub.o)
                0x080085cc                memcpy
 .text.__ssputs_r
                0x080085e8       0xb6 C:/ST/STM32CubeCLT_1.18.0/GNU-tools-for-STM32/bin/../lib/gcc/arm-none-eabi/13.3.1/../../../../arm-none-eabi/lib/thumb/v7-m/nofp\libg_nano.a(libc_a-nano-svfprintf.o)
                0x080085e8                __ssputs_r
 *fill*         0x0800869e        0x2 
 .text._svfprintf_r
                0x080086a0      0x1f8 C:/ST/STM32CubeCLT_1.18.0/GNU-tools-for-STM32/bin/../lib/gcc/arm-none-eabi/13.3.1/../../../../arm-none-eabi/lib/thumb/v7-m/nofp\libg_nano.a(libc_a-nano-svfprintf.o)
                0x080086a0                _svfiprintf_r
                0x080086a0                _svfprintf_r
 .text._sungetc_r
                0x08008898       0x7a C:/ST/STM32CubeCLT_1.18.0/GNU-tools-for-STM32/bin/../lib/gcc/arm-none-eabi/13.3.1/../../../../arm-none-eabi/lib/thumb/v7-m/nofp\libg_nano.a(libc_a-nano-svfscanf.o)
                0x08008898                _sungetc_r
 .text.__ssrefill_r
                0x08008912       0x3a C:/ST/STM32CubeCLT_1.18.0/GNU-tools-for-STM32/bin/../lib/gcc/arm-none-eabi/13.3.1/../../../../arm-none-eabi/lib/thumb/v7-m/nofp\libg_nano.a(libc_a-nano-svfscanf.o)
                0x08008912                __ssrefill_r
 .text.__ssvfscanf_r
                0x0800894c      0x2e8 C:/ST/STM32CubeCLT_1.18.0/GNU-tools-for-STM32/bin/../lib/gcc/arm-none-eabi/13.3.1/../../../../arm-none-eabi/lib/thumb/v7-m/nofp\libg_nano.a(libc_a-nano-svfscanf.o)
                0x0800894c                __ssvfiscanf_r
                0x0800894c                __ssvfscanf_r
 .text._printf_common
                0x08008c34       0xe4 C:/ST/STM32CubeCLT_1.18.0/GNU-tools-for-STM32/bin/../lib/gcc/arm-none-eabi/13.3.1/../../../../arm-none-eabi/lib/thumb/v7-m/nofp\libg_nano.a(libc_a-nano-vfprintf_i.o)
                0x08008c34                _printf_common
 .text._printf_i
                0x08008d18      0x23c C:/ST/STM32CubeCLT_1.18.0/GNU-tools-for-STM32/bin/../lib/gcc/arm-none-eabi/13.3.1/../../../../arm-none-eabi/lib/thumb/v7-m/nofp\libg_nano.a(libc_a-nano-vfprintf_i.o)
                0x08008d18                _printf_i
 .text._scanf_chars
                0x08008f54       0xb4 C:/ST/STM32CubeCLT_1.18.0/GNU-tools-for-STM32/bin/../lib/gcc/arm-none-eabi/13.3.1/../../../../arm-none-eabi/lib/thumb/v7-m/nofp\libg_nano.a(libc_a-nano-vfscanf_i.o)
                0x08008f54                _scanf_chars
 .text._scanf_i
                0x08009008      0x1e4 C:/ST/STM32CubeCLT_1.18.0/GNU-tools-for-STM32/bin/../lib/gcc/arm-none-eabi/13.3.1/../../../../arm-none-eabi/lib/thumb/v7-m/nofp\libg_nano.a(libc_a-nano-vfscanf_i.o)
                0x08009008                _scanf_i
 .text.__sccl   0x080091ec       0x72 C:/ST/STM32CubeCLT_1.18.0/GNU-tools-for-STM32/bin/../lib/gcc/arm-none-eabi/13.3.1/../../../../arm-none-eabi/lib/thumb/v7-m/nofp\libg_nano.a(libc_a-sccl.o)
                0x080091ec                __sccl
 .text.__submore
                0x0800925e       0x70 C:/ST/STM32CubeCLT_1.18.0/GNU-tools-for-STM32/bin/../lib/gcc/arm-none-eabi/13.3.1/../../../../arm-none-eabi/lib/thumb/v7-m/nofp\libg_nano.a(libc_a-ungetc.o)
                0x0800925e                __submore
 .text.memmove  0x080092ce       0x34 C:/ST/STM32CubeCLT_1.18.0/GNU-tools-for-STM32/bin/../lib/gcc/arm-none-eabi/13.3.1/../../../../arm-none-eabi/lib/thumb/v7-m/nofp\libg_nano.a(libc_a-memmove.o)
                0x080092ce                memmove
 .text.memchr   0x08009302       0x1c C:/ST/STM32CubeCLT_1.18.0/GNU-tools-for-STM32/bin/../lib/gcc/arm-none-eabi/13.3.1/../../../../arm-none-eabi/lib/thumb/v7-m/nofp\libg_nano.a(libc_a-memchr-stub.o)
                0x08009302                memchr
 .text._realloc_r
                0x0800931e       0x5c C:/ST/STM32CubeCLT_1.18.0/GNU-tools-for-STM32/bin/../lib/gcc/arm-none-eabi/13.3.1/../../../../arm-none-eabi/lib/thumb/v7-m/nofp\libg_nano.a(libc_a-reallocr.o)
                0x0800931e                _realloc_r
 *fill*         0x0800937a        0x2 
 .text._strtoul_l.isra.0
                0x0800937c       0xdc C:/ST/STM32CubeCLT_1.18.0/GNU-tools-for-STM32/bin/../lib/gcc/arm-none-eabi/13.3.1/../../../../arm-none-eabi/lib/thumb/v7-m/nofp\libg_nano.a(libc_a-strtoul.o)
 .text._strtoul_r
                0x08009458        0x4 C:/ST/STM32CubeCLT_1.18.0/GNU-tools-for-STM32/bin/../lib/gcc/arm-none-eabi/13.3.1/../../../../arm-none-eabi/lib/thumb/v7-m/nofp\libg_nano.a(libc_a-strtoul.o)
                0x08009458                _strtoul_r
 .text._malloc_usable_size_r
                0x0800945c       0x10 C:/ST/STM32CubeCLT_1.18.0/GNU-tools-for-STM32/bin/../lib/gcc/arm-none-eabi/13.3.1/../../../../arm-none-eabi/lib/thumb/v7-m/nofp\libg_nano.a(libc_a-msizer.o)
                0x0800945c                _malloc_usable_size_r
 .text.sinf     0x0800946c       0x74 C:/ST/STM32CubeCLT_1.18.0/GNU-tools-for-STM32/bin/../lib/gcc/arm-none-eabi/13.3.1/../../../../arm-none-eabi/lib/thumb/v7-m/nofp\libm.a(libm_a-sf_sin.o)
                0x0800946c                sinf
 .text.__kernel_cosf
                0x080094e0      0x100 C:/ST/STM32CubeCLT_1.18.0/GNU-tools-for-STM32/bin/../lib/gcc/arm-none-eabi/13.3.1/../../../../arm-none-eabi/lib/thumb/v7-m/nofp\libm.a(libm_a-kf_cos.o)
                0x080094e0                __kernel_cosf
 .text.__kernel_sinf
                0x080095e0       0xec C:/ST/STM32CubeCLT_1.18.0/GNU-tools-for-STM32/bin/../lib/gcc/arm-none-eabi/13.3.1/../../../../arm-none-eabi/lib/thumb/v7-m/nofp\libm.a(libm_a-kf_sin.o)
                0x080095e0                __kernel_sinf
 .text.__ieee754_rem_pio2f
                0x080096cc      0x2cc C:/ST/STM32CubeCLT_1.18.0/GNU-tools-for-STM32/bin/../lib/gcc/arm-none-eabi/13.3.1/../../../../arm-none-eabi/lib/thumb/v7-m/nofp\libm.a(libm_a-ef_rem_pio2.o)
                0x080096cc                __ieee754_rem_pio2f
 .text.fabsf    0x08009998        0x6 C:/ST/STM32CubeCLT_1.18.0/GNU-tools-for-STM32/bin/../lib/gcc/arm-none-eabi/13.3.1/../../../../arm-none-eabi/lib/thumb/v7-m/nofp\libm.a(libm_a-sf_fabs.o)
                0x08009998                fabsf
 *fill*         0x0800999e        0x2 
 .text.__kernel_rem_pio2f
                0x080099a0      0x53c C:/ST/STM32CubeCLT_1.18.0/GNU-tools-for-STM32/bin/../lib/gcc/arm-none-eabi/13.3.1/../../../../arm-none-eabi/lib/thumb/v7-m/nofp\libm.a(libm_a-kf_rem_pio2.o)
                0x080099a0                __kernel_rem_pio2f
 .text.scalbnf  0x08009edc       0x98 C:/ST/STM32CubeCLT_1.18.0/GNU-tools-for-STM32/bin/../lib/gcc/arm-none-eabi/13.3.1/../../../../arm-none-eabi/lib/thumb/v7-m/nofp\libm.a(libm_a-sf_scalbn.o)
                0x08009edc                scalbnf
 .text.floorf   0x08009f74       0x84 C:/ST/STM32CubeCLT_1.18.0/GNU-tools-for-STM32/bin/../lib/gcc/arm-none-eabi/13.3.1/../../../../arm-none-eabi/lib/thumb/v7-m/nofp\libm.a(libm_a-sf_floor.o)
                0x08009f74                floorf
 *(.glue_7)
 .glue_7        0x08009ff8        0x0 linker stubs
 *(.glue_7t)
 .glue_7t       0x08009ff8        0x0 linker stubs
 *(.eh_frame)
 .eh_frame      0x08009ff8        0x0 C:/ST/STM32CubeCLT_1.18.0/GNU-tools-for-STM32/bin/../lib/gcc/arm-none-eabi/13.3.1/thumb/v7-m/nofp/crtbegin.o
 *(.init)
 .init          0x08009ff8        0x4 C:/ST/STM32CubeCLT_1.18.0/GNU-tools-for-STM32/bin/../lib/gcc/arm-none-eabi/13.3.1/thumb/v7-m/nofp/crti.o
                0x08009ff8                _init
 .init          0x08009ffc        0x8 C:/ST/STM32CubeCLT_1.18.0/GNU-tools-for-STM32/bin/../lib/gcc/arm-none-eabi/13.3.1/thumb/v7-m/nofp/crtn.o
 *(.fini)
 .fini          0x0800a004        0x4 C:/ST/STM32CubeCLT_1.18.0/GNU-tools-for-STM32/bin/../lib/gcc/arm-none-eabi/13.3.1/thumb/v7-m/nofp/crti.o
                0x0800a004                _fini
 .fini          0x0800a008        0x8 C:/ST/STM32CubeCLT_1.18.0/GNU-tools-for-STM32/bin/../lib/gcc/arm-none-eabi/13.3.1/thumb/v7-m/nofp/crtn.o
                0x0800a010                        . = ALIGN (0x4)
                0x0800a010                        _etext = .

.vfp11_veneer   0x0800a010        0x0
 .vfp11_veneer  0x0800a010        0x0 linker stubs

.v4_bx          0x0800a010        0x0
 .v4_bx         0x0800a010        0x0 linker stubs

.iplt           0x0800a010        0x0
 .iplt          0x0800a010        0x0 C:/ST/STM32CubeCLT_1.18.0/GNU-tools-for-STM32/bin/../lib/gcc/arm-none-eabi/13.3.1/thumb/v7-m/nofp/crtbegin.o

.rodata         0x0800a010      0x6f8
                0x0800a010                        . = ALIGN (0x4)
 *(.rodata)
 .rodata        0x0800a010      0x169 CMakeFiles/funcionando_conmutacion_sincrona2.dir/Core/Src/comm.c.obj
 *fill*         0x0800a179        0x3 
 .rodata        0x0800a17c        0xc C:/ST/STM32CubeCLT_1.18.0/GNU-tools-for-STM32/bin/../lib/gcc/arm-none-eabi/13.3.1/../../../../arm-none-eabi/lib/thumb/v7-m/nofp\libg_nano.a(libc_a-nano-vfscanf_i.o)
 *(.rodata*)
 .rodata.AHBPrescTable
                0x0800a188       0x10 cmake/stm32cubemx/CMakeFiles/STM32_Drivers.dir/__/__/Core/Src/system_stm32f1xx.c.obj
                0x0800a188                AHBPrescTable
 .rodata.APBPrescTable
                0x0800a198        0x8 cmake/stm32cubemx/CMakeFiles/STM32_Drivers.dir/__/__/Core/Src/system_stm32f1xx.c.obj
                0x0800a198                APBPrescTable
 .rodata.aPLLMULFactorTable.1
                0x0800a1a0       0x10 cmake/stm32cubemx/CMakeFiles/STM32_Drivers.dir/__/__/Drivers/STM32F1xx_HAL_Driver/Src/stm32f1xx_hal_rcc.c.obj
 .rodata.aPredivFactorTable.0
                0x0800a1b0        0x2 cmake/stm32cubemx/CMakeFiles/STM32_Drivers.dir/__/__/Drivers/STM32F1xx_HAL_Driver/Src/stm32f1xx_hal_rcc.c.obj
 *fill*         0x0800a1b2        0x2 
 .rodata.CPU_clock
                0x0800a1b4        0x4 CMakeFiles/funcionando_conmutacion_sincrona2.dir/Core/Src/main.c.obj
                0x0800a1b4                CPU_clock
 .rodata.eventTable
                0x0800a1b8       0x30 CMakeFiles/funcionando_conmutacion_sincrona2.dir/Core/Src/state_machine.c.obj
                0x0800a1b8                eventTable
 .rodata._ctype_
                0x0800a1e8      0x101 C:/ST/STM32CubeCLT_1.18.0/GNU-tools-for-STM32/bin/../lib/gcc/arm-none-eabi/13.3.1/../../../../arm-none-eabi/lib/thumb/v7-m/nofp\libg_nano.a(libc_a-ctype_.o)
                0x0800a1e8                _ctype_
 .rodata._svfprintf_r.str1.1
                0x0800a2e9       0x4e C:/ST/STM32CubeCLT_1.18.0/GNU-tools-for-STM32/bin/../lib/gcc/arm-none-eabi/13.3.1/../../../../arm-none-eabi/lib/thumb/v7-m/nofp\libg_nano.a(libc_a-nano-svfprintf.o)
                                 0x11 (size before relaxing)
 .rodata.__ssvfscanf_r.str1.1
                0x0800a337        0x4 C:/ST/STM32CubeCLT_1.18.0/GNU-tools-for-STM32/bin/../lib/gcc/arm-none-eabi/13.3.1/../../../../arm-none-eabi/lib/thumb/v7-m/nofp\libg_nano.a(libc_a-nano-svfscanf.o)
 .rodata._printf_i.str1.1
                0x0800a337       0x22 C:/ST/STM32CubeCLT_1.18.0/GNU-tools-for-STM32/bin/../lib/gcc/arm-none-eabi/13.3.1/../../../../arm-none-eabi/lib/thumb/v7-m/nofp\libg_nano.a(libc_a-nano-vfprintf_i.o)
 .rodata._scanf_i.str1.1
                0x0800a337       0x12 C:/ST/STM32CubeCLT_1.18.0/GNU-tools-for-STM32/bin/../lib/gcc/arm-none-eabi/13.3.1/../../../../arm-none-eabi/lib/thumb/v7-m/nofp\libg_nano.a(libc_a-nano-vfscanf_i.o)
 .rodata.str1.1
                0x0800a337        0x9 C:/ST/STM32CubeCLT_1.18.0/GNU-tools-for-STM32/bin/../lib/gcc/arm-none-eabi/13.3.1/../../../../arm-none-eabi/lib/thumb/v7-m/nofp\libg_nano.a(libc_a-nano-vfscanf_i.o)
 *fill*         0x0800a337        0x1 
 .rodata.npio2_hw
                0x0800a338       0x80 C:/ST/STM32CubeCLT_1.18.0/GNU-tools-for-STM32/bin/../lib/gcc/arm-none-eabi/13.3.1/../../../../arm-none-eabi/lib/thumb/v7-m/nofp\libm.a(libm_a-ef_rem_pio2.o)
 .rodata.two_over_pi
                0x0800a3b8      0x318 C:/ST/STM32CubeCLT_1.18.0/GNU-tools-for-STM32/bin/../lib/gcc/arm-none-eabi/13.3.1/../../../../arm-none-eabi/lib/thumb/v7-m/nofp\libm.a(libm_a-ef_rem_pio2.o)
 .rodata.PIo2   0x0800a6d0       0x2c C:/ST/STM32CubeCLT_1.18.0/GNU-tools-for-STM32/bin/../lib/gcc/arm-none-eabi/13.3.1/../../../../arm-none-eabi/lib/thumb/v7-m/nofp\libm.a(libm_a-kf_rem_pio2.o)
 .rodata.init_jk
                0x0800a6fc        0xc C:/ST/STM32CubeCLT_1.18.0/GNU-tools-for-STM32/bin/../lib/gcc/arm-none-eabi/13.3.1/../../../../arm-none-eabi/lib/thumb/v7-m/nofp\libm.a(libm_a-kf_rem_pio2.o)
                0x0800a708                        . = ALIGN (0x4)

.ARM.extab      0x0800a708        0x0
                0x0800a708                        . = ALIGN (0x4)
 *(.ARM.extab* .gnu.linkonce.armextab.*)
                0x0800a708                        . = ALIGN (0x4)

.ARM            0x0800a708        0x8
                0x0800a708                        . = ALIGN (0x4)
                0x0800a708                        __exidx_start = .
 *(.ARM.exidx*)
 .ARM.exidx     0x0800a708        0x8 C:/ST/STM32CubeCLT_1.18.0/GNU-tools-for-STM32/bin/../lib/gcc/arm-none-eabi/13.3.1/../../../../arm-none-eabi/lib/thumb/v7-m/nofp\libg_nano.a(libc_a-strcmp.o)
 .ARM.exidx     0x0800a710        0x0 C:/ST/STM32CubeCLT_1.18.0/GNU-tools-for-STM32/bin/../lib/gcc/arm-none-eabi/13.3.1/../../../../arm-none-eabi/lib/thumb/v7-m/nofp\libg_nano.a(libc_a-strlen.o)
                                  0x8 (size before relaxing)
                0x0800a710                        __exidx_end = .
                0x0800a710                        . = ALIGN (0x4)

.preinit_array  0x0800a710        0x0
                0x0800a710                        . = ALIGN (0x4)
                0x0800a710                        PROVIDE (__preinit_array_start = .)
 *(.preinit_array*)
                0x0800a710                        PROVIDE (__preinit_array_end = .)
                0x0800a710                        . = ALIGN (0x4)

.init_array     0x0800a710        0x4
                0x0800a710                        . = ALIGN (0x4)
                0x0800a710                        PROVIDE (__init_array_start = .)
 *(SORT_BY_NAME(.init_array.*))
 *(.init_array*)
 .init_array    0x0800a710        0x4 C:/ST/STM32CubeCLT_1.18.0/GNU-tools-for-STM32/bin/../lib/gcc/arm-none-eabi/13.3.1/thumb/v7-m/nofp/crtbegin.o
                0x0800a714                        PROVIDE (__init_array_end = .)
                0x0800a714                        . = ALIGN (0x4)

.fini_array     0x0800a714        0x4
                0x0800a714                        . = ALIGN (0x4)
                [!provide]                        PROVIDE (__fini_array_start = .)
 *(SORT_BY_NAME(.fini_array.*))
 *(.fini_array*)
 .fini_array    0x0800a714        0x4 C:/ST/STM32CubeCLT_1.18.0/GNU-tools-for-STM32/bin/../lib/gcc/arm-none-eabi/13.3.1/thumb/v7-m/nofp/crtbegin.o
                [!provide]                        PROVIDE (__fini_array_end = .)
                0x0800a718                        . = ALIGN (0x4)
                0x0800a718                        _sidata = LOADADDR (.data)

.rel.dyn        0x0800a718        0x0
 .rel.iplt      0x0800a718        0x0 C:/ST/STM32CubeCLT_1.18.0/GNU-tools-for-STM32/bin/../lib/gcc/arm-none-eabi/13.3.1/thumb/v7-m/nofp/crtbegin.o

.data           0x20000000       0x8c load address 0x0800a718
                0x20000000                        . = ALIGN (0x4)
                0x20000000                        _sdata = .
 *(.data)
 *(.data*)
 .data._impure_ptr
                0x20000000        0x4 C:/ST/STM32CubeCLT_1.18.0/GNU-tools-for-STM32/bin/../lib/gcc/arm-none-eabi/13.3.1/../../../../arm-none-eabi/lib/thumb/v7-m/nofp\libc_nano.a(libc_a-impure.o)
                0x20000000                _impure_ptr
 .data._impure_data
                0x20000004       0x4c C:/ST/STM32CubeCLT_1.18.0/GNU-tools-for-STM32/bin/../lib/gcc/arm-none-eabi/13.3.1/../../../../arm-none-eabi/lib/thumb/v7-m/nofp\libc_nano.a(libc_a-impure.o)
                0x20000004                _impure_data
 .data.SystemCoreClock
                0x20000050        0x4 cmake/stm32cubemx/CMakeFiles/STM32_Drivers.dir/__/__/Core/Src/system_stm32f1xx.c.obj
                0x20000050                SystemCoreClock
 .data.uwTickPrio
                0x20000054        0x4 cmake/stm32cubemx/CMakeFiles/STM32_Drivers.dir/__/__/Drivers/STM32F1xx_HAL_Driver/Src/stm32f1xx_hal.c.obj
                0x20000054                uwTickPrio
 .data.uwTickFreq
                0x20000058        0x1 cmake/stm32cubemx/CMakeFiles/STM32_Drivers.dir/__/__/Drivers/STM32F1xx_HAL_Driver/Src/stm32f1xx_hal.c.obj
                0x20000058                uwTickFreq
 .data.speed_buffer_size
                0x20000059        0x1 CMakeFiles/funcionando_conmutacion_sincrona2.dir/Core/Src/motor_control.c.obj
 .data.last_speed_capture
                0x2000005a        0x2 CMakeFiles/funcionando_conmutacion_sincrona2.dir/Core/Src/motor_control.c.obj
 .data.sine_ctrl
                0x2000005c       0x20 CMakeFiles/funcionando_conmutacion_sincrona2.dir/Core/Src/startup.c.obj
                0x2000005c                sine_ctrl
 .data.status_strings.1
                0x2000007c       0x10 CMakeFiles/funcionando_conmutacion_sincrona2.dir/Core/Src/comm.c.obj
 *(.RamFunc)
 *(.RamFunc*)
                0x2000008c                        . = ALIGN (0x4)
                0x2000008c                        _edata = .

.igot.plt       0x2000008c        0x0 load address 0x0800a7a4
 .igot.plt      0x2000008c        0x0 C:/ST/STM32CubeCLT_1.18.0/GNU-tools-for-STM32/bin/../lib/gcc/arm-none-eabi/13.3.1/thumb/v7-m/nofp/crtbegin.o
                0x2000008c                        . = ALIGN (0x4)

.bss            0x20000090      0xda8 load address 0x0800a7a4
                0x20000090                        _sbss = .
                0x20000090                        __bss_start__ = _sbss
 *(.bss)
 .bss           0x20000090       0x1c C:/ST/STM32CubeCLT_1.18.0/GNU-tools-for-STM32/bin/../lib/gcc/arm-none-eabi/13.3.1/thumb/v7-m/nofp/crtbegin.o
 *(.bss*)
 .bss.__sf      0x200000ac      0x138 C:/ST/STM32CubeCLT_1.18.0/GNU-tools-for-STM32/bin/../lib/gcc/arm-none-eabi/13.3.1/../../../../arm-none-eabi/lib/thumb/v7-m/nofp\libc_nano.a(libc_a-findfp.o)
                0x200000ac                __sf
 .bss.errno     0x200001e4        0x4 C:/ST/STM32CubeCLT_1.18.0/GNU-tools-for-STM32/bin/../lib/gcc/arm-none-eabi/13.3.1/../../../../arm-none-eabi/lib/thumb/v7-m/nofp\libc_nano.a(libc_a-reent.o)
                0x200001e4                errno
 .bss.__lock___malloc_recursive_mutex
                0x200001e8        0x1 C:/ST/STM32CubeCLT_1.18.0/GNU-tools-for-STM32/bin/../lib/gcc/arm-none-eabi/13.3.1/../../../../arm-none-eabi/lib/thumb/v7-m/nofp\libc_nano.a(libc_a-lock.o)
                0x200001e8                __lock___malloc_recursive_mutex
 *fill*         0x200001e9        0x3 
 .bss.__malloc_sbrk_start
                0x200001ec        0x4 C:/ST/STM32CubeCLT_1.18.0/GNU-tools-for-STM32/bin/../lib/gcc/arm-none-eabi/13.3.1/../../../../arm-none-eabi/lib/thumb/v7-m/nofp\libc_nano.a(libc_a-mallocr.o)
                0x200001ec                __malloc_sbrk_start
 .bss.__malloc_free_list
                0x200001f0        0x4 C:/ST/STM32CubeCLT_1.18.0/GNU-tools-for-STM32/bin/../lib/gcc/arm-none-eabi/13.3.1/../../../../arm-none-eabi/lib/thumb/v7-m/nofp\libc_nano.a(libc_a-mallocr.o)
                0x200001f0                __malloc_free_list
 .bss.uwTick    0x200001f4        0x4 cmake/stm32cubemx/CMakeFiles/STM32_Drivers.dir/__/__/Drivers/STM32F1xx_HAL_Driver/Src/stm32f1xx_hal.c.obj
                0x200001f4                uwTick
 .bss.pFlash    0x200001f8       0x20 cmake/stm32cubemx/CMakeFiles/STM32_Drivers.dir/__/__/Drivers/STM32F1xx_HAL_Driver/Src/stm32f1xx_hal_flash.c.obj
                0x200001f8                pFlash
 .bss.hcrc      0x20000218        0x8 CMakeFiles/funcionando_conmutacion_sincrona2.dir/Core/Src/main.c.obj
                0x20000218                hcrc
 .bss.htim1     0x20000220       0x48 CMakeFiles/funcionando_conmutacion_sincrona2.dir/Core/Src/main.c.obj
                0x20000220                htim1
 .bss.htim2     0x20000268       0x48 CMakeFiles/funcionando_conmutacion_sincrona2.dir/Core/Src/main.c.obj
                0x20000268                htim2
 .bss.htim3     0x200002b0       0x48 CMakeFiles/funcionando_conmutacion_sincrona2.dir/Core/Src/main.c.obj
                0x200002b0                htim3
 .bss.htim4     0x200002f8       0x48 CMakeFiles/funcionando_conmutacion_sincrona2.dir/Core/Src/main.c.obj
                0x200002f8                htim4
 .bss.huart2    0x20000340       0x48 CMakeFiles/funcionando_conmutacion_sincrona2.dir/Core/Src/main.c.obj
                0x20000340                huart2
 .bss.hdma_usart2_tx
                0x20000388       0x44 CMakeFiles/funcionando_conmutacion_sincrona2.dir/Core/Src/main.c.obj
                0x20000388                hdma_usart2_tx
 .bss.__sbrk_heap_end
                0x200003cc        0x4 CMakeFiles/funcionando_conmutacion_sincrona2.dir/Core/Src/sysmem.c.obj
 .bss.flash_cached_config
                0x200003d0       0x24 CMakeFiles/funcionando_conmutacion_sincrona2.dir/Core/Src/flash_config.c.obj
 .bss.flash_initialized
                0x200003f4        0x1 CMakeFiles/funcionando_conmutacion_sincrona2.dir/Core/Src/flash_config.c.obj
 *fill*         0x200003f5        0x3 
 .bss.active_page_addr
                0x200003f8        0x4 CMakeFiles/funcionando_conmutacion_sincrona2.dir/Core/Src/flash_config.c.obj
 .bss.write_counter
                0x200003fc        0x4 CMakeFiles/funcionando_conmutacion_sincrona2.dir/Core/Src/flash_config.c.obj
 .bss.pending_changes
                0x20000400        0x1 CMakeFiles/funcionando_conmutacion_sincrona2.dir/Core/Src/flash_config.c.obj
 .bss.is_saving
                0x20000401        0x1 CMakeFiles/funcionando_conmutacion_sincrona2.dir/Core/Src/flash_config.c.obj
 *fill*         0x20000402        0x2 
 .bss.current_esc_params
                0x20000404       0x24 CMakeFiles/funcionando_conmutacion_sincrona2.dir/Core/Src/hard_config.c.obj
                0x20000404                current_esc_params
 .bss.esc_config_done
                0x20000428        0x1 CMakeFiles/funcionando_conmutacion_sincrona2.dir/Core/Src/hard_config.c.obj
                0x20000428                esc_config_done
 *fill*         0x20000429        0x3 
 .bss.last_zc_timestamp
                0x2000042c        0x4 CMakeFiles/funcionando_conmutacion_sincrona2.dir/Core/Src/motor_control.c.obj
 .bss.max_limit_pwm
                0x20000430        0x2 CMakeFiles/funcionando_conmutacion_sincrona2.dir/Core/Src/motor_control.c.obj
 .bss.min_limit_pwm
                0x20000432        0x2 CMakeFiles/funcionando_conmutacion_sincrona2.dir/Core/Src/motor_control.c.obj
 .bss.pwm_speed_range_relation
                0x20000434        0x4 CMakeFiles/funcionando_conmutacion_sincrona2.dir/Core/Src/motor_control.c.obj
 .bss.pwmVal    0x20000438        0x2 CMakeFiles/funcionando_conmutacion_sincrona2.dir/Core/Src/motor_control.c.obj
                0x20000438                pwmVal
 .bss.commutationStep
                0x2000043a        0x1 CMakeFiles/funcionando_conmutacion_sincrona2.dir/Core/Src/motor_control.c.obj
                0x2000043a                commutationStep
 .bss.float_W   0x2000043b        0x1 CMakeFiles/funcionando_conmutacion_sincrona2.dir/Core/Src/motor_control.c.obj
                0x2000043b                float_W
 .bss.float_U   0x2000043c        0x1 CMakeFiles/funcionando_conmutacion_sincrona2.dir/Core/Src/motor_control.c.obj
                0x2000043c                float_U
 .bss.float_V   0x2000043d        0x1 CMakeFiles/funcionando_conmutacion_sincrona2.dir/Core/Src/motor_control.c.obj
                0x2000043d                float_V
 .bss.speed_setpoint
                0x2000043e        0x2 CMakeFiles/funcionando_conmutacion_sincrona2.dir/Core/Src/motor_control.c.obj
                0x2000043e                speed_setpoint
 .bss.speed_prev_error
                0x20000440        0x4 CMakeFiles/funcionando_conmutacion_sincrona2.dir/Core/Src/motor_control.c.obj
 .bss.motor_control_config_done
                0x20000444        0x1 CMakeFiles/funcionando_conmutacion_sincrona2.dir/Core/Src/motor_control.c.obj
                0x20000444                motor_control_config_done
 .bss.consistent_zero_crossing
                0x20000445        0x1 CMakeFiles/funcionando_conmutacion_sincrona2.dir/Core/Src/motor_control.c.obj
                0x20000445                consistent_zero_crossing
 .bss.max_pwm   0x20000446        0x2 CMakeFiles/funcionando_conmutacion_sincrona2.dir/Core/Src/motor_control.c.obj
                0x20000446                max_pwm
 .bss.motor_stalled
                0x20000448        0x1 CMakeFiles/funcionando_conmutacion_sincrona2.dir/Core/Src/motor_control.c.obj
                0x20000448                motor_stalled
 *fill*         0x20000449        0x1 
 .bss.speed_measure
                0x2000044a        0x2 CMakeFiles/funcionando_conmutacion_sincrona2.dir/Core/Src/motor_control.c.obj
 .bss.speed_error
                0x2000044c        0x4 CMakeFiles/funcionando_conmutacion_sincrona2.dir/Core/Src/motor_control.c.obj
 .bss.speed_output
                0x20000450        0x4 CMakeFiles/funcionando_conmutacion_sincrona2.dir/Core/Src/motor_control.c.obj
 .bss.speed_integral
                0x20000454        0x4 CMakeFiles/funcionando_conmutacion_sincrona2.dir/Core/Src/motor_control.c.obj
 .bss.speed_proportional
                0x20000458        0x4 CMakeFiles/funcionando_conmutacion_sincrona2.dir/Core/Src/motor_control.c.obj
 .bss.max_speed_integral
                0x2000045c        0x4 CMakeFiles/funcionando_conmutacion_sincrona2.dir/Core/Src/motor_control.c.obj
 .bss.min_speed_integral
                0x20000460        0x4 CMakeFiles/funcionando_conmutacion_sincrona2.dir/Core/Src/motor_control.c.obj
 .bss.diff_speed
                0x20000464        0x4 CMakeFiles/funcionando_conmutacion_sincrona2.dir/Core/Src/motor_control.c.obj
                0x20000464                diff_speed
 .bss.direction
                0x20000468        0x1 CMakeFiles/funcionando_conmutacion_sincrona2.dir/Core/Src/motor_control.c.obj
                0x20000468                direction
 *fill*         0x20000469        0x1 
 .bss.last_W_timestamp
                0x2000046a        0x2 CMakeFiles/funcionando_conmutacion_sincrona2.dir/Core/Src/motor_control.c.obj
 .bss.W_periods
                0x2000046c       0x18 CMakeFiles/funcionando_conmutacion_sincrona2.dir/Core/Src/motor_control.c.obj
 .bss.W_period_idx
                0x20000484        0x1 CMakeFiles/funcionando_conmutacion_sincrona2.dir/Core/Src/motor_control.c.obj
 .bss.valid_W_zcp
                0x20000485        0x1 CMakeFiles/funcionando_conmutacion_sincrona2.dir/Core/Src/motor_control.c.obj
 *fill*         0x20000486        0x2 
 .bss.speed_buffer
                0x20000488        0xa CMakeFiles/funcionando_conmutacion_sincrona2.dir/Core/Src/motor_control.c.obj
 .bss.filtered_speed
                0x20000492        0x2 CMakeFiles/funcionando_conmutacion_sincrona2.dir/Core/Src/motor_control.c.obj
 .bss.prev_speed.4
                0x20000494        0x2 CMakeFiles/funcionando_conmutacion_sincrona2.dir/Core/Src/motor_control.c.obj
 .bss.speed_index.3
                0x20000496        0x1 CMakeFiles/funcionando_conmutacion_sincrona2.dir/Core/Src/motor_control.c.obj
 *fill*         0x20000497        0x1 
 .bss.last_check_time.2
                0x20000498        0x4 CMakeFiles/funcionando_conmutacion_sincrona2.dir/Core/Src/motor_control.c.obj
 .bss.stall_counter.1
                0x2000049c        0x1 CMakeFiles/funcionando_conmutacion_sincrona2.dir/Core/Src/motor_control.c.obj
 .bss.running_counter.0
                0x2000049d        0x1 CMakeFiles/funcionando_conmutacion_sincrona2.dir/Core/Src/motor_control.c.obj
 *fill*         0x2000049e        0x2 
 .bss.sin_table_U
                0x200004a0      0x2ce CMakeFiles/funcionando_conmutacion_sincrona2.dir/Core/Src/startup.c.obj
                0x200004a0                sin_table_U
 *fill*         0x2000076e        0x2 
 .bss.sin_table_V
                0x20000770      0x2ce CMakeFiles/funcionando_conmutacion_sincrona2.dir/Core/Src/startup.c.obj
                0x20000770                sin_table_V
 *fill*         0x20000a3e        0x2 
 .bss.sin_table_W
                0x20000a40      0x2ce CMakeFiles/funcionando_conmutacion_sincrona2.dir/Core/Src/startup.c.obj
                0x20000a40                sin_table_W
 .bss.zero_sine_value
                0x20000d0e        0x2 CMakeFiles/funcionando_conmutacion_sincrona2.dir/Core/Src/startup.c.obj
 .bss.sine_u    0x20000d10        0x2 CMakeFiles/funcionando_conmutacion_sincrona2.dir/Core/Src/startup.c.obj
                0x20000d10                sine_u
 .bss.sine_v    0x20000d12        0x2 CMakeFiles/funcionando_conmutacion_sincrona2.dir/Core/Src/startup.c.obj
                0x20000d12                sine_v
 .bss.sine_w    0x20000d14        0x2 CMakeFiles/funcionando_conmutacion_sincrona2.dir/Core/Src/startup.c.obj
                0x20000d14                sine_w
 .bss.ready_for_running
                0x20000d16        0x1 CMakeFiles/funcionando_conmutacion_sincrona2.dir/Core/Src/startup.c.obj
                0x20000d16                ready_for_running
 *fill*         0x20000d17        0x1 
 .bss.phase_counter.1
                0x20000d18        0x2 CMakeFiles/funcionando_conmutacion_sincrona2.dir/Core/Src/startup.c.obj
 .bss.it_count.0
                0x20000d1a        0x2 CMakeFiles/funcionando_conmutacion_sincrona2.dir/Core/Src/startup.c.obj
 .bss.rx_buffer
                0x20000d1c       0x80 CMakeFiles/funcionando_conmutacion_sincrona2.dir/Core/Src/comm.c.obj
                0x20000d1c                rx_buffer
 .bss.rx_head   0x20000d9c        0x2 CMakeFiles/funcionando_conmutacion_sincrona2.dir/Core/Src/comm.c.obj
                0x20000d9c                rx_head
 .bss.rx_tail   0x20000d9e        0x2 CMakeFiles/funcionando_conmutacion_sincrona2.dir/Core/Src/comm.c.obj
                0x20000d9e                rx_tail
 .bss.tx_busy   0x20000da0        0x1 CMakeFiles/funcionando_conmutacion_sincrona2.dir/Core/Src/comm.c.obj
                0x20000da0                tx_busy
 .bss.cmd_received_ack
                0x20000da1        0x1 CMakeFiles/funcionando_conmutacion_sincrona2.dir/Core/Src/comm.c.obj
                0x20000da1                cmd_received_ack
 .bss.cmd_speed_received_ack
                0x20000da2        0x1 CMakeFiles/funcionando_conmutacion_sincrona2.dir/Core/Src/comm.c.obj
                0x20000da2                cmd_speed_received_ack
 .bss.set_cmd_received_ack
                0x20000da3        0x1 CMakeFiles/funcionando_conmutacion_sincrona2.dir/Core/Src/comm.c.obj
                0x20000da3                set_cmd_received_ack
 .bss.running_cmd_ack
                0x20000da4        0x1 CMakeFiles/funcionando_conmutacion_sincrona2.dir/Core/Src/comm.c.obj
                0x20000da4                running_cmd_ack
 *fill*         0x20000da5        0x3 
 .bss.cmd_buffer
                0x20000da8       0x40 CMakeFiles/funcionando_conmutacion_sincrona2.dir/Core/Src/comm.c.obj
 .bss.cmd_index
                0x20000de8        0x1 CMakeFiles/funcionando_conmutacion_sincrona2.dir/Core/Src/comm.c.obj
 *fill*         0x20000de9        0x3 
 .bss.buffer.0  0x20000dec       0x40 CMakeFiles/funcionando_conmutacion_sincrona2.dir/Core/Src/comm.c.obj
 .bss.app_state
                0x20000e2c        0x1 CMakeFiles/funcionando_conmutacion_sincrona2.dir/Core/Src/state_machine.c.obj
                0x20000e2c                app_state
 .bss.eventFlag
                0x20000e2d        0x1 CMakeFiles/funcionando_conmutacion_sincrona2.dir/Core/Src/state_machine.c.obj
                0x20000e2d                eventFlag
 .bss.aligned_flag
                0x20000e2e        0x1 CMakeFiles/funcionando_conmutacion_sincrona2.dir/Core/Src/state_machine.c.obj
                0x20000e2e                aligned_flag
 .bss.startup_flag
                0x20000e2f        0x1 CMakeFiles/funcionando_conmutacion_sincrona2.dir/Core/Src/state_machine.c.obj
                0x20000e2f                startup_flag
 .bss.comm_initialized.2
                0x20000e30        0x1 CMakeFiles/funcionando_conmutacion_sincrona2.dir/Core/Src/state_machine.c.obj
 .bss.flash_initialized.1
                0x20000e31        0x1 CMakeFiles/funcionando_conmutacion_sincrona2.dir/Core/Src/state_machine.c.obj
 *fill*         0x20000e32        0x2 
 .bss.last_uart_check.0
                0x20000e34        0x4 CMakeFiles/funcionando_conmutacion_sincrona2.dir/Core/Src/state_machine.c.obj
 *(COMMON)
                0x20000e38                        . = ALIGN (0x4)
                0x20000e38                        _ebss = .
                0x20000e38                        __bss_end__ = _ebss

._user_heap_stack
                0x20000e38      0x600 load address 0x0800a7a4
                0x20000e38                        . = ALIGN (0x8)
                [!provide]                        PROVIDE (end = .)
                0x20000e38                        PROVIDE (_end = .)
                0x20001038                        . = (. + _Min_Heap_Size)
 *fill*         0x20000e38      0x200 
                0x20001438                        . = (. + _Min_Stack_Size)
 *fill*         0x20001038      0x400 
                0x20001438                        . = ALIGN (0x8)

/DISCARD/
 libc.a(*)
 libm.a(*)
 libgcc.a(*)
OUTPUT(funcionando_conmutacion_sincrona2.elf elf32-littlearm)
LOAD linker stubs
LOAD C:/ST/STM32CubeCLT_1.18.0/GNU-tools-for-STM32/bin/../lib/gcc/arm-none-eabi/13.3.1/../../../../arm-none-eabi/lib/thumb/v7-m/nofp\libc.a
LOAD C:/ST/STM32CubeCLT_1.18.0/GNU-tools-for-STM32/bin/../lib/gcc/arm-none-eabi/13.3.1/../../../../arm-none-eabi/lib/thumb/v7-m/nofp\libm.a
LOAD C:/ST/STM32CubeCLT_1.18.0/GNU-tools-for-STM32/bin/../lib/gcc/arm-none-eabi/13.3.1/thumb/v7-m/nofp\libgcc.a

.ARM.attributes
                0x00000000       0x29
 .ARM.attributes
                0x00000000       0x1d C:/ST/STM32CubeCLT_1.18.0/GNU-tools-for-STM32/bin/../lib/gcc/arm-none-eabi/13.3.1/thumb/v7-m/nofp/crti.o
 .ARM.attributes
                0x0000001d       0x2d C:/ST/STM32CubeCLT_1.18.0/GNU-tools-for-STM32/bin/../lib/gcc/arm-none-eabi/13.3.1/thumb/v7-m/nofp/crtbegin.o
 .ARM.attributes
                0x0000004a       0x2d C:/ST/STM32CubeCLT_1.18.0/GNU-tools-for-STM32/bin/../lib/gcc/arm-none-eabi/13.3.1/../../../../arm-none-eabi/lib/thumb/v7-m/nofp\libc_nano.a(libc_a-findfp.o)
 .ARM.attributes
                0x00000077       0x2d C:/ST/STM32CubeCLT_1.18.0/GNU-tools-for-STM32/bin/../lib/gcc/arm-none-eabi/13.3.1/../../../../arm-none-eabi/lib/thumb/v7-m/nofp\libc_nano.a(libc_a-stdio.o)
 .ARM.attributes
                0x000000a4       0x2d C:/ST/STM32CubeCLT_1.18.0/GNU-tools-for-STM32/bin/../lib/gcc/arm-none-eabi/13.3.1/../../../../arm-none-eabi/lib/thumb/v7-m/nofp\libc_nano.a(libc_a-memset.o)
 .ARM.attributes
                0x000000d1       0x2d C:/ST/STM32CubeCLT_1.18.0/GNU-tools-for-STM32/bin/../lib/gcc/arm-none-eabi/13.3.1/../../../../arm-none-eabi/lib/thumb/v7-m/nofp\libc_nano.a(libc_a-reent.o)
 .ARM.attributes
                0x000000fe       0x2d C:/ST/STM32CubeCLT_1.18.0/GNU-tools-for-STM32/bin/../lib/gcc/arm-none-eabi/13.3.1/../../../../arm-none-eabi/lib/thumb/v7-m/nofp\libc_nano.a(libc_a-impure.o)
 .ARM.attributes
                0x0000012b       0x2d C:/ST/STM32CubeCLT_1.18.0/GNU-tools-for-STM32/bin/../lib/gcc/arm-none-eabi/13.3.1/../../../../arm-none-eabi/lib/thumb/v7-m/nofp\libc_nano.a(libc_a-init.o)
 .ARM.attributes
                0x00000158       0x2d C:/ST/STM32CubeCLT_1.18.0/GNU-tools-for-STM32/bin/../lib/gcc/arm-none-eabi/13.3.1/../../../../arm-none-eabi/lib/thumb/v7-m/nofp\libc_nano.a(libc_a-lock.o)
 .ARM.attributes
                0x00000185       0x2d C:/ST/STM32CubeCLT_1.18.0/GNU-tools-for-STM32/bin/../lib/gcc/arm-none-eabi/13.3.1/../../../../arm-none-eabi/lib/thumb/v7-m/nofp\libc_nano.a(libc_a-freer.o)
 .ARM.attributes
                0x000001b2       0x2d C:/ST/STM32CubeCLT_1.18.0/GNU-tools-for-STM32/bin/../lib/gcc/arm-none-eabi/13.3.1/../../../../arm-none-eabi/lib/thumb/v7-m/nofp\libc_nano.a(libc_a-mallocr.o)
 .ARM.attributes
                0x000001df       0x2d C:/ST/STM32CubeCLT_1.18.0/GNU-tools-for-STM32/bin/../lib/gcc/arm-none-eabi/13.3.1/../../../../arm-none-eabi/lib/thumb/v7-m/nofp\libc_nano.a(libc_a-mlock.o)
 .ARM.attributes
                0x0000020c       0x2d C:/ST/STM32CubeCLT_1.18.0/GNU-tools-for-STM32/bin/../lib/gcc/arm-none-eabi/13.3.1/../../../../arm-none-eabi/lib/thumb/v7-m/nofp\libc_nano.a(libc_a-sbrkr.o)
 .ARM.attributes
                0x00000239       0x2d cmake/stm32cubemx/CMakeFiles/STM32_Drivers.dir/__/__/Core/Src/system_stm32f1xx.c.obj
 .ARM.attributes
                0x00000266       0x2d cmake/stm32cubemx/CMakeFiles/STM32_Drivers.dir/__/__/Drivers/STM32F1xx_HAL_Driver/Src/stm32f1xx_hal_crc.c.obj
 .ARM.attributes
                0x00000293       0x2d cmake/stm32cubemx/CMakeFiles/STM32_Drivers.dir/__/__/Drivers/STM32F1xx_HAL_Driver/Src/stm32f1xx_hal.c.obj
 .ARM.attributes
                0x000002c0       0x2d cmake/stm32cubemx/CMakeFiles/STM32_Drivers.dir/__/__/Drivers/STM32F1xx_HAL_Driver/Src/stm32f1xx_hal_rcc.c.obj
 .ARM.attributes
                0x000002ed       0x2d cmake/stm32cubemx/CMakeFiles/STM32_Drivers.dir/__/__/Drivers/STM32F1xx_HAL_Driver/Src/stm32f1xx_hal_gpio.c.obj
 .ARM.attributes
                0x0000031a       0x2d cmake/stm32cubemx/CMakeFiles/STM32_Drivers.dir/__/__/Drivers/STM32F1xx_HAL_Driver/Src/stm32f1xx_hal_dma.c.obj
 .ARM.attributes
                0x00000347       0x2d cmake/stm32cubemx/CMakeFiles/STM32_Drivers.dir/__/__/Drivers/STM32F1xx_HAL_Driver/Src/stm32f1xx_hal_cortex.c.obj
 .ARM.attributes
                0x00000374       0x2d cmake/stm32cubemx/CMakeFiles/STM32_Drivers.dir/__/__/Drivers/STM32F1xx_HAL_Driver/Src/stm32f1xx_hal_flash.c.obj
 .ARM.attributes
                0x000003a1       0x2d cmake/stm32cubemx/CMakeFiles/STM32_Drivers.dir/__/__/Drivers/STM32F1xx_HAL_Driver/Src/stm32f1xx_hal_flash_ex.c.obj
 .ARM.attributes
                0x000003ce       0x2d cmake/stm32cubemx/CMakeFiles/STM32_Drivers.dir/__/__/Drivers/STM32F1xx_HAL_Driver/Src/stm32f1xx_hal_tim.c.obj
 .ARM.attributes
                0x000003fb       0x2d cmake/stm32cubemx/CMakeFiles/STM32_Drivers.dir/__/__/Drivers/STM32F1xx_HAL_Driver/Src/stm32f1xx_hal_tim_ex.c.obj
 .ARM.attributes
                0x00000428       0x2d cmake/stm32cubemx/CMakeFiles/STM32_Drivers.dir/__/__/Drivers/STM32F1xx_HAL_Driver/Src/stm32f1xx_hal_uart.c.obj
 .ARM.attributes
                0x00000455       0x2d CMakeFiles/funcionando_conmutacion_sincrona2.dir/Core/Src/main.c.obj
 .ARM.attributes
                0x00000482       0x2d CMakeFiles/funcionando_conmutacion_sincrona2.dir/Core/Src/stm32f1xx_it.c.obj
 .ARM.attributes
                0x000004af       0x2d CMakeFiles/funcionando_conmutacion_sincrona2.dir/Core/Src/stm32f1xx_hal_msp.c.obj
 .ARM.attributes
                0x000004dc       0x2d CMakeFiles/funcionando_conmutacion_sincrona2.dir/Core/Src/sysmem.c.obj
 .ARM.attributes
                0x00000509       0x21 CMakeFiles/funcionando_conmutacion_sincrona2.dir/startup_stm32f103xb.s.obj
 .ARM.attributes
                0x0000052a       0x2d CMakeFiles/funcionando_conmutacion_sincrona2.dir/Core/Src/callbacks.c.obj
 .ARM.attributes
                0x00000557       0x2d CMakeFiles/funcionando_conmutacion_sincrona2.dir/Core/Src/flash_config.c.obj
 .ARM.attributes
                0x00000584       0x2d CMakeFiles/funcionando_conmutacion_sincrona2.dir/Core/Src/hard_config.c.obj
 .ARM.attributes
                0x000005b1       0x2d CMakeFiles/funcionando_conmutacion_sincrona2.dir/Core/Src/motor_control.c.obj
 .ARM.attributes
                0x000005de       0x2d CMakeFiles/funcionando_conmutacion_sincrona2.dir/Core/Src/startup.c.obj
 .ARM.attributes
                0x0000060b       0x2d CMakeFiles/funcionando_conmutacion_sincrona2.dir/Core/Src/comm.c.obj
 .ARM.attributes