Archive member included to satisfy reference by file (symbol)

C:/Program Files (x86)/Arm/GNU Toolchain mingw-w64-i686-arm-none-eabi/bin/../lib/gcc/arm-none-eabi/15.2.1/../../../../arm-none-eabi/lib/thumb/v7-m/nofp\libc_nano.a(libc_a-exit.o)
                              C:/Program Files (x86)/Arm/GNU Toolchain mingw-w64-i686-arm-none-eabi/bin/../lib/gcc/arm-none-eabi/15.2.1/../../../../arm-none-eabi/lib/thumb/v7-m/nofp/crt0.o (exit)
C:/Program Files (x86)/Arm/GNU Toolchain mingw-w64-i686-arm-none-eabi/bin/../lib/gcc/arm-none-eabi/15.2.1/../../../../arm-none-eabi/lib/thumb/v7-m/nofp\libc_nano.a(libc_a-findfp.o)
                              C:/Program Files (x86)/Arm/GNU Toolchain mingw-w64-i686-arm-none-eabi/bin/../lib/gcc/arm-none-eabi/15.2.1/../../../../arm-none-eabi/lib/thumb/v7-m/nofp\libc_nano.a(libc_a-exit.o) (__stdio_exit_handler)
C:/Program Files (x86)/Arm/GNU Toolchain mingw-w64-i686-arm-none-eabi/bin/../lib/gcc/arm-none-eabi/15.2.1/../../../../arm-none-eabi/lib/thumb/v7-m/nofp\libc_nano.a(libc_a-fwalk.o)
                              C:/Program Files (x86)/Arm/GNU Toolchain mingw-w64-i686-arm-none-eabi/bin/../lib/gcc/arm-none-eabi/15.2.1/../../../../arm-none-eabi/lib/thumb/v7-m/nofp\libc_nano.a(libc_a-findfp.o) (_fwalk_sglue)
C:/Program Files (x86)/Arm/GNU Toolchain mingw-w64-i686-arm-none-eabi/bin/../lib/gcc/arm-none-eabi/15.2.1/../../../../arm-none-eabi/lib/thumb/v7-m/nofp\libc_nano.a(libc_a-stdio.o)
                              C:/Program Files (x86)/Arm/GNU Toolchain mingw-w64-i686-arm-none-eabi/bin/../lib/gcc/arm-none-eabi/15.2.1/../../../../arm-none-eabi/lib/thumb/v7-m/nofp\libc_nano.a(libc_a-findfp.o) (__sread)
C:/Program Files (x86)/Arm/GNU Toolchain mingw-w64-i686-arm-none-eabi/bin/../lib/gcc/arm-none-eabi/15.2.1/../../../../arm-none-eabi/lib/thumb/v7-m/nofp\libc_nano.a(libc_a-memset.o)
                              C:/Program Files (x86)/Arm/GNU Toolchain mingw-w64-i686-arm-none-eabi/bin/../lib/gcc/arm-none-eabi/15.2.1/../../../../arm-none-eabi/lib/thumb/v7-m/nofp/crt0.o (memset)
C:/Program Files (x86)/Arm/GNU Toolchain mingw-w64-i686-arm-none-eabi/bin/../lib/gcc/arm-none-eabi/15.2.1/../../../../arm-none-eabi/lib/thumb/v7-m/nofp\libc_nano.a(libc_a-closer.o)
                              C:/Program Files (x86)/Arm/GNU Toolchain mingw-w64-i686-arm-none-eabi/bin/../lib/gcc/arm-none-eabi/15.2.1/../../../../arm-none-eabi/lib/thumb/v7-m/nofp\libc_nano.a(libc_a-stdio.o) (_close_r)
C:/Program Files (x86)/Arm/GNU Toolchain mingw-w64-i686-arm-none-eabi/bin/../lib/gcc/arm-none-eabi/15.2.1/../../../../arm-none-eabi/lib/thumb/v7-m/nofp\libc_nano.a(libc_a-reent.o)
                              C:/Program Files (x86)/Arm/GNU Toolchain mingw-w64-i686-arm-none-eabi/bin/../lib/gcc/arm-none-eabi/15.2.1/../../../../arm-none-eabi/lib/thumb/v7-m/nofp\libc_nano.a(libc_a-closer.o) (errno)
C:/Program Files (x86)/Arm/GNU Toolchain mingw-w64-i686-arm-none-eabi/bin/../lib/gcc/arm-none-eabi/15.2.1/../../../../arm-none-eabi/lib/thumb/v7-m/nofp\libc_nano.a(libc_a-impure.o)
                              C:/Program Files (x86)/Arm/GNU Toolchain mingw-w64-i686-arm-none-eabi/bin/../lib/gcc/arm-none-eabi/15.2.1/../../../../arm-none-eabi/lib/thumb/v7-m/nofp\libc_nano.a(libc_a-reent.o) (_impure_ptr)
C:/Program Files (x86)/Arm/GNU Toolchain mingw-w64-i686-arm-none-eabi/bin/../lib/gcc/arm-none-eabi/15.2.1/../../../../arm-none-eabi/lib/thumb/v7-m/nofp\libc_nano.a(libc_a-lseekr.o)
                              C:/Program Files (x86)/Arm/GNU Toolchain mingw-w64-i686-arm-none-eabi/bin/../lib/gcc/arm-none-eabi/15.2.1/../../../../arm-none-eabi/lib/thumb/v7-m/nofp\libc_nano.a(libc_a-stdio.o) (_lseek_r)
C:/Program Files (x86)/Arm/GNU Toolchain mingw-w64-i686-arm-none-eabi/bin/../lib/gcc/arm-none-eabi/15.2.1/../../../../arm-none-eabi/lib/thumb/v7-m/nofp\libc_nano.a(libc_a-readr.o)
                              C:/Program Files (x86)/Arm/GNU Toolchain mingw-w64-i686-arm-none-eabi/bin/../lib/gcc/arm-none-eabi/15.2.1/../../../../arm-none-eabi/lib/thumb/v7-m/nofp\libc_nano.a(libc_a-stdio.o) (_read_r)
C:/Program Files (x86)/Arm/GNU Toolchain mingw-w64-i686-arm-none-eabi/bin/../lib/gcc/arm-none-eabi/15.2.1/../../../../arm-none-eabi/lib/thumb/v7-m/nofp\libc_nano.a(libc_a-writer.o)
                              C:/Program Files (x86)/Arm/GNU Toolchain mingw-w64-i686-arm-none-eabi/bin/../lib/gcc/arm-none-eabi/15.2.1/../../../../arm-none-eabi/lib/thumb/v7-m/nofp\libc_nano.a(libc_a-stdio.o) (_write_r)
C:/Program Files (x86)/Arm/GNU Toolchain mingw-w64-i686-arm-none-eabi/bin/../lib/gcc/arm-none-eabi/15.2.1/../../../../arm-none-eabi/lib/thumb/v7-m/nofp\libc_nano.a(libc_a-init.o)
                              C:/Program Files (x86)/Arm/GNU Toolchain mingw-w64-i686-arm-none-eabi/bin/../lib/gcc/arm-none-eabi/15.2.1/../../../../arm-none-eabi/lib/thumb/v7-m/nofp/crt0.o (__libc_init_array)
[...]
Memory Configuration

Name             Origin             Length             Attributes
RAM              0x20000000         0x00005000         xrw
FLASH            0x08000000         0x00010000         xr
*default*        0x00000000         0xffffffff

Linker script and memory map

LOAD C:/Program Files (x86)/Arm/GNU Toolchain mingw-w64-i686-arm-none-eabi/bin/../lib/gcc/arm-none-eabi/15.2.1/thumb/v7-m/nofp/crti.o
LOAD C:/Program Files (x86)/Arm/GNU Toolchain mingw-w64-i686-arm-none-eabi/bin/../lib/gcc/arm-none-eabi/15.2.1/thumb/v7-m/nofp/crtbegin.o
LOAD C:/Program Files (x86)/Arm/GNU Toolchain mingw-w64-i686-arm-none-eabi/bin/../lib/gcc/arm-none-eabi/15.2.1/../../../../arm-none-eabi/lib/thumb/v7-m/nofp/crt0.o
START GROUP
LOAD C:/Program Files (x86)/Arm/GNU Toolchain mingw-w64-i686-arm-none-eabi/bin/../lib/gcc/arm-none-eabi/15.2.1/../../../../arm-none-eabi/lib/thumb/v7-m/nofp\libc_nano.a
LOAD C:/Program Files (x86)/Arm/GNU Toolchain mingw-w64-i686-arm-none-eabi/bin/../lib/gcc/arm-none-eabi/15.2.1/../../../../arm-none-eabi/lib/thumb/v7-m/nofp\libm.a
END GROUP
LOAD cmake/stm32cubemx/CMakeFiles/STM32_Drivers.dir/__/__/Core/Src/system_stm32f1xx.c.obj
LOAD cmake/stm32cubemx/CMakeFiles/STM32_Drivers.dir/__/__/Drivers/STM32F1xx_HAL_Driver/Src/stm32f1xx_hal_gpio_ex.c.obj
LOAD cmake/stm32cubemx/CMakeFiles/STM32_Drivers.dir/__/__/Drivers/STM32F1xx_HAL_Driver/Src/stm32f1xx_hal_crc.c.obj
LOAD cmake/stm32cubemx/CMakeFiles/STM32_Drivers.dir/__/__/Drivers/STM32F1xx_HAL_Driver/Src/stm32f1xx_hal.c.obj
LOAD cmake/stm32cubemx/CMakeFiles/STM32_Drivers.dir/__/__/Drivers/STM32F1xx_HAL_Driver/Src/stm32f1xx_hal_rcc.c.obj
LOAD cmake/stm32cubemx/CMakeFiles/STM32_Drivers.dir/__/__/Drivers/STM32F1xx_HAL_Driver/Src/stm32f1xx_hal_rcc_ex.c.obj
LOAD cmake/stm32cubemx/CMakeFiles/STM32_Drivers.dir/__/__/Drivers/STM32F1xx_HAL_Driver/Src/stm32f1xx_hal_gpio.c.obj
LOAD cmake/stm32cubemx/CMakeFiles/STM32_Drivers.dir/__/__/Drivers/STM32F1xx_HAL_Driver/Src/stm32f1xx_hal_dma.c.obj
LOAD cmake/stm32cubemx/CMakeFiles/STM32_Drivers.dir/__/__/Drivers/STM32F1xx_HAL_Driver/Src/stm32f1xx_hal_cortex.c.obj
LOAD cmake/stm32cubemx/CMakeFiles/STM32_Drivers.dir/__/__/Drivers/STM32F1xx_HAL_Driver/Src/stm32f1xx_hal_pwr.c.obj
LOAD cmake/stm32cubemx/CMakeFiles/STM32_Drivers.dir/__/__/Drivers/STM32F1xx_HAL_Driver/Src/stm32f1xx_hal_flash.c.obj
LOAD cmake/stm32cubemx/CMakeFiles/STM32_Drivers.dir/__/__/Drivers/STM32F1xx_HAL_Driver/Src/stm32f1xx_hal_flash_ex.c.obj
LOAD cmake/stm32cubemx/CMakeFiles/STM32_Drivers.dir/__/__/Drivers/STM32F1xx_HAL_Driver/Src/stm32f1xx_hal_exti.c.obj
LOAD cmake/stm32cubemx/CMakeFiles/STM32_Drivers.dir/__/__/Drivers/STM32F1xx_HAL_Driver/Src/stm32f1xx_hal_tim.c.obj
LOAD cmake/stm32cubemx/CMakeFiles/STM32_Drivers.dir/__/__/Drivers/STM32F1xx_HAL_Driver/Src/stm32f1xx_hal_tim_ex.c.obj
LOAD cmake/stm32cubemx/CMakeFiles/STM32_Drivers.dir/__/__/Drivers/STM32F1xx_HAL_Driver/Src/stm32f1xx_hal_uart.c.obj
LOAD cmake/stm32cubemx/CMakeFiles/STM32_Drivers.dir/__/__/Drivers/STM32F1xx_HAL_Driver/Src/stm32f1xx_hal_pcd.c.obj
LOAD cmake/stm32cubemx/CMakeFiles/STM32_Drivers.dir/__/__/Drivers/STM32F1xx_HAL_Driver/Src/stm32f1xx_hal_pcd_ex.c.obj
LOAD cmake/stm32cubemx/CMakeFiles/STM32_Drivers.dir/__/__/Drivers/STM32F1xx_HAL_Driver/Src/stm32f1xx_ll_usb.c.obj
LOAD cmake/stm32cubemx/CMakeFiles/STM32_Drivers.dir/__/__/Middlewares/ST/STM32_USB_Device_Library/Core/Src/usbd_core.c.obj
LOAD cmake/stm32cubemx/CMakeFiles/STM32_Drivers.dir/__/__/Middlewares/ST/STM32_USB_Device_Library/Core/Src/usbd_ctlreq.c.obj
LOAD cmake/stm32cubemx/CMakeFiles/STM32_Drivers.dir/__/__/Middlewares/ST/STM32_USB_Device_Library/Core/Src/usbd_ioreq.c.obj
LOAD cmake/stm32cubemx/CMakeFiles/STM32_Drivers.dir/__/__/Middlewares/ST/STM32_USB_Device_Library/Class/CustomHID/Src/usbd_customhid.c.obj
LOAD CMakeFiles/firmware_esc_bldc_v1.dir/Core/Src/main.c.obj
LOAD CMakeFiles/firmware_esc_bldc_v1.dir/Core/Src/gpio.c.obj
LOAD CMakeFiles/firmware_esc_bldc_v1.dir/Core/Src/crc.c.obj
LOAD CMakeFiles/firmware_esc_bldc_v1.dir/Core/Src/tim.c.obj
LOAD CMakeFiles/firmware_esc_bldc_v1.dir/Core/Src/usart.c.obj
LOAD CMakeFiles/firmware_esc_bldc_v1.dir/Core/Src/stm32f1xx_it.c.obj
LOAD CMakeFiles/firmware_esc_bldc_v1.dir/Core/Src/stm32f1xx_hal_msp.c.obj
LOAD CMakeFiles/firmware_esc_bldc_v1.dir/Core/Src/sysmem.c.obj
LOAD CMakeFiles/firmware_esc_bldc_v1.dir/Core/Src/syscalls.c.obj
LOAD CMakeFiles/firmware_esc_bldc_v1.dir/startup_stm32f103xb.s.obj
LOAD CMakeFiles/firmware_esc_bldc_v1.dir/Core/Src/isr_callbacks.c.obj
LOAD CMakeFiles/firmware_esc_bldc_v1.dir/Core/Src/comm.c.obj
LOAD CMakeFiles/firmware_esc_bldc_v1.dir/Core/Src/comm_protocol.c.obj
LOAD CMakeFiles/firmware_esc_bldc_v1.dir/Core/Src/comm_transport.c.obj
LOAD CMakeFiles/firmware_esc_bldc_v1.dir/Core/Src/hard_config.c.obj
LOAD CMakeFiles/firmware_esc_bldc_v1.dir/Core/Src/flash_config.c.obj
LOAD CMakeFiles/firmware_esc_bldc_v1.dir/Core/Src/motor_control.c.obj
LOAD CMakeFiles/firmware_esc_bldc_v1.dir/Core/Src/startup.c.obj
LOAD CMakeFiles/firmware_esc_bldc_v1.dir/Core/Src/state_machine.c.obj
LOAD CMakeFiles/firmware_esc_bldc_v1.dir/Core/Src/vel_routines.c.obj
LOAD CMakeFiles/firmware_esc_bldc_v1.dir/Core/Src/speed_sensor.c.obj
LOAD CMakeFiles/firmware_esc_bldc_v1.dir/Core/Src/bldc_driver.c.obj
LOAD CMakeFiles/firmware_esc_bldc_v1.dir/Core/Src/utilities.c.obj
LOAD CMakeFiles/firmware_esc_bldc_v1.dir/Core/Src/usb_device.c.obj
LOAD CMakeFiles/firmware_esc_bldc_v1.dir/Core/Src/usbd_conf.c.obj
LOAD CMakeFiles/firmware_esc_bldc_v1.dir/Core/Src/usbd_customhid_if.c.obj
LOAD CMakeFiles/firmware_esc_bldc_v1.dir/Core/Src/usbd_desc.c.obj
START GROUP
LOAD C:/Program Files (x86)/Arm/GNU Toolchain mingw-w64-i686-arm-none-eabi/bin/../lib/gcc/arm-none-eabi/15.2.1/thumb/v7-m/nofp\libgcc.a
LOAD C:/Program Files (x86)/Arm/GNU Toolchain mingw-w64-i686-arm-none-eabi/bin/../lib/gcc/arm-none-eabi/15.2.1/../../../../arm-none-eabi/lib/thumb/v7-m/nofp\libg_nano.a
LOAD C:/Program Files (x86)/Arm/GNU Toolchain mingw-w64-i686-arm-none-eabi/bin/../lib/gcc/arm-none-eabi/15.2.1/../../../../arm-none-eabi/lib/thumb/v7-m/nofp\libc_nano.a
END GROUP
START GROUP
LOAD C:/Program Files (x86)/Arm/GNU Toolchain mingw-w64-i686-arm-none-eabi/bin/../lib/gcc/arm-none-eabi/15.2.1/thumb/v7-m/nofp\libgcc.a
LOAD C:/Program Files (x86)/Arm/GNU Toolchain mingw-w64-i686-arm-none-eabi/bin/../lib/gcc/arm-none-eabi/15.2.1/../../../../arm-none-eabi/lib/thumb/v7-m/nofp\libc_nano.a
END GROUP
LOAD C:/Program Files (x86)/Arm/GNU Toolchain mingw-w64-i686-arm-none-eabi/bin/../lib/gcc/arm-none-eabi/15.2.1/thumb/v7-m/nofp/crtend.o
LOAD C:/Program Files (x86)/Arm/GNU Toolchain mingw-w64-i686-arm-none-eabi/bin/../lib/gcc/arm-none-eabi/15.2.1/thumb/v7-m/nofp/crtn.o
                0x20005000                        _estack = (ORIGIN (RAM) + LENGTH (RAM))
                0x00000200                        _Min_Heap_Size = 0x200
                0x00000400                        _Min_Stack_Size = 0x400

.isr_vector     0x08000000      0x10c
                0x08000000                        . = ALIGN (0x4)
 *(.isr_vector)
 .isr_vector    0x08000000      0x10c CMakeFiles/firmware_esc_bldc_v1.dir/startup_stm32f103xb.s.obj
                0x08000000                g_pfnVectors
                0x0800010c                        . = ALIGN (0x4)

.text           0x0800010c     0xf854
                0x0800010c                        . = ALIGN (0x4)
 *(.text)
 .text          0x0800010c      0x21c C:/Program Files (x86)/Arm/GNU Toolchain mingw-w64-i686-arm-none-eabi/bin/../lib/gcc/arm-none-eabi/15.2.1/thumb/v7-m/nofp\libgcc.a(_arm_addsubsf3.o)
                0x0800010c                __aeabi_frsub
                0x08000114                __subsf3
                0x08000114                __aeabi_fsub
                0x08000118                __aeabi_fadd
                0x08000118                __addsf3
                0x08000278                __aeabi_ui2f
                0x08000278                __floatunsisf
                0x08000280                __aeabi_i2f
                0x08000280                __floatsisf
                0x0800029c                __aeabi_ul2f
                0x0800029c                __floatundisf
                0x080002ac                __aeabi_l2f
                0x080002ac                __floatdisf
 .text          0x08000328      0x2a0 C:/Program Files (x86)/Arm/GNU Toolchain mingw-w64-i686-arm-none-eabi/bin/../lib/gcc/arm-none-eabi/15.2.1/thumb/v7-m/nofp\libgcc.a(_arm_muldivsf3.o)
                0x08000328                __mulsf3
                0x08000328                __aeabi_fmul
                0x08000490                __aeabi_fdiv
                0x08000490                __divsf3
 .text          0x080005c8       0xec C:/Program Files (x86)/Arm/GNU Toolchain mingw-w64-i686-arm-none-eabi/bin/../lib/gcc/arm-none-eabi/15.2.1/thumb/v7-m/nofp\libgcc.a(_arm_cmpsf2.o)
                0x080005c8                __gesf2
                0x080005c8                __gtsf2
                0x080005d0                __lesf2
                0x080005d0                __ltsf2
                0x080005d8                __nesf2
                0x080005d8                __eqsf2
                0x080005d8                __cmpsf2
                0x08000638                __aeabi_cfrcmple
                0x08000640                __aeabi_cfcmpeq
                0x08000640                __aeabi_cfcmple
                0x08000650                __aeabi_fcmpeq
                0x08000664                __aeabi_fcmplt
                0x08000678                __aeabi_fcmple
                0x0800068c                __aeabi_fcmpge
                0x080006a0                __aeabi_fcmpgt
 .text          0x080006b4       0x4c C:/Program Files (x86)/Arm/GNU Toolchain mingw-w64-i686-arm-none-eabi/bin/../lib/gcc/arm-none-eabi/15.2.1/thumb/v7-m/nofp\libgcc.a(_arm_fixsfsi.o)
                0x080006b4                __aeabi_f2iz
                0x080006b4                __fixsfsi
 .text          0x08000700       0x40 C:/Program Files (x86)/Arm/GNU Toolchain mingw-w64-i686-arm-none-eabi/bin/../lib/gcc/arm-none-eabi/15.2.1/thumb/v7-m/nofp\libgcc.a(_arm_fixunssfsi.o)
                0x08000700                __fixunssfsi
                0x08000700                __aeabi_f2uiz
 *(.text*)
 .text.deregister_tm_clones
                0x08000740       0x1c C:/Program Files (x86)/Arm/GNU Toolchain mingw-w64-i686-arm-none-eabi/bin/../lib/gcc/arm-none-eabi/15.2.1/thumb/v7-m/nofp/crtbegin.o
 .text.register_tm_clones
                0x0800075c       0x24 C:/Program Files (x86)/Arm/GNU Toolchain mingw-w64-i686-arm-none-eabi/bin/../lib/gcc/arm-none-eabi/15.2.1/thumb/v7-m/nofp/crtbegin.o
 .text.__do_global_dtors_aux
                0x08000780       0x28 C:/Program Files (x86)/Arm/GNU Toolchain mingw-w64-i686-arm-none-eabi/bin/../lib/gcc/arm-none-eabi/15.2.1/thumb/v7-m/nofp/crtbegin.o
 .text.frame_dummy
                0x080007a8       0x24 C:/Program Files (x86)/Arm/GNU Toolchain mingw-w64-i686-arm-none-eabi/bin/../lib/gcc/arm-none-eabi/15.2.1/thumb/v7-m/nofp/crtbegin.o
 .text.memset   0x080007cc       0x10 C:/Program Files (x86)/Arm/GNU Toolchain mingw-w64-i686-arm-none-eabi/bin/../lib/gcc/arm-none-eabi/15.2.1/../../../../arm-none-eabi/lib/thumb/v7-m/nofp\libc_nano.a(libc_a-memset.o)
                0x080007cc                memset
 .text.__libc_init_array
                0x080007dc       0x48 C:/Program Files (x86)/Arm/GNU Toolchain mingw-w64-i686-arm-none-eabi/bin/../lib/gcc/arm-none-eabi/15.2.1/../../../../arm-none-eabi/lib/thumb/v7-m/nofp\libc_nano.a(libc_a-init.o)
                0x080007dc                __libc_init_array
 .text.SystemInit
                0x08000824        0xc cmake/stm32cubemx/CMakeFiles/STM32_Drivers.dir/__/__/Core/Src/system_stm32f1xx.c.obj
                0x08000824                SystemInit
 .text.HAL_CRC_Init
                0x08000830       0x38 cmake/stm32cubemx/CMakeFiles/STM32_Drivers.dir/__/__/Drivers/STM32F1xx_HAL_Driver/Src/stm32f1xx_hal_crc.c.obj
                0x08000830                HAL_CRC_Init
 .text.HAL_CRC_Calculate
                0x08000868       0x64 cmake/stm32cubemx/CMakeFiles/STM32_Drivers.dir/__/__/Drivers/STM32F1xx_HAL_Driver/Src/stm32f1xx_hal_crc.c.obj
                0x08000868                HAL_CRC_Calculate
 .text.HAL_Init
                0x080008cc       0x2c cmake/stm32cubemx/CMakeFiles/STM32_Drivers.dir/__/__/Drivers/STM32F1xx_HAL_Driver/Src/stm32f1xx_hal.c.obj
                0x080008cc                HAL_Init
 .text.HAL_InitTick
                0x080008f8       0x60 cmake/stm32cubemx/CMakeFiles/STM32_Drivers.dir/__/__/Drivers/STM32F1xx_HAL_Driver/Src/stm32f1xx_hal.c.obj
                0x080008f8                HAL_InitTick
 .text.HAL_IncTick
                0x08000958       0x24 cmake/stm32cubemx/CMakeFiles/STM32_Drivers.dir/__/__/Drivers/STM32F1xx_HAL_Driver/Src/stm32f1xx_hal.c.obj
                0x08000958                HAL_IncTick
 .text.HAL_GetTick
                0x0800097c       0x14 cmake/stm32cubemx/CMakeFiles/STM32_Drivers.dir/__/__/Drivers/STM32F1xx_HAL_Driver/Src/stm32f1xx_hal.c.obj
                0x0800097c                HAL_GetTick
 .text.HAL_Delay
                0x08000990       0x48 cmake/stm32cubemx/CMakeFiles/STM32_Drivers.dir/__/__/Drivers/STM32F1xx_HAL_Driver/Src/stm32f1xx_hal.c.obj
                0x08000990                HAL_Delay
 .text.HAL_RCC_OscConfig
                0x080009d8      0x504 cmake/stm32cubemx/CMakeFiles/STM32_Drivers.dir/__/__/Drivers/STM32F1xx_HAL_Driver/Src/stm32f1xx_hal_rcc.c.obj
                0x080009d8                HAL_RCC_OscConfig
 .text.HAL_RCC_ClockConfig
                0x08000edc      0x1d4 cmake/stm32cubemx/CMakeFiles/STM32_Drivers.dir/__/__/Drivers/STM32F1xx_HAL_Driver/Src/stm32f1xx_hal_rcc.c.obj
                0x08000edc                HAL_RCC_ClockConfig
 .text.HAL_RCC_GetSysClockFreq
                0x080010b0       0xa8 cmake/stm32cubemx/CMakeFiles/STM32_Drivers.dir/__/__/Drivers/STM32F1xx_HAL_Driver/Src/stm32f1xx_hal_rcc.c.obj
                0x080010b0                HAL_RCC_GetSysClockFreq
 .text.HAL_RCC_GetHCLKFreq
                0x08001158       0x14 cmake/stm32cubemx/CMakeFiles/STM32_Drivers.dir/__/__/Drivers/STM32F1xx_HAL_Driver/Src/stm32f1xx_hal_rcc.c.obj
                0x08001158                HAL_RCC_GetHCLKFreq
 .text.HAL_RCC_GetPCLK1Freq
                0x0800116c       0x28 cmake/stm32cubemx/CMakeFiles/STM32_Drivers.dir/__/__/Drivers/STM32F1xx_HAL_Driver/Src/stm32f1xx_hal_rcc.c.obj
                0x0800116c                HAL_RCC_GetPCLK1Freq
 .text.HAL_RCC_GetPCLK2Freq
                0x08001194       0x28 cmake/stm32cubemx/CMakeFiles/STM32_Drivers.dir/__/__/Drivers/STM32F1xx_HAL_Driver/Src/stm32f1xx_hal_rcc.c.obj
                0x08001194                HAL_RCC_GetPCLK2Freq
 .text.RCC_Delay
                0x080011bc       0x3c cmake/stm32cubemx/CMakeFiles/STM32_Drivers.dir/__/__/Drivers/STM32F1xx_HAL_Driver/Src/stm32f1xx_hal_rcc.c.obj
 .text.HAL_RCCEx_PeriphCLKConfig
                0x080011f8      0x16c cmake/stm32cubemx/CMakeFiles/STM32_Drivers.dir/__/__/Drivers/STM32F1xx_HAL_Driver/Src/stm32f1xx_hal_rcc_ex.c.obj
                0x080011f8                HAL_RCCEx_PeriphCLKConfig
 .text.HAL_GPIO_Init
                0x08001364      0x2dc cmake/stm32cubemx/CMakeFiles/STM32_Drivers.dir/__/__/Drivers/STM32F1xx_HAL_Driver/Src/stm32f1xx_hal_gpio.c.obj
                0x08001364                HAL_GPIO_Init
 .text.HAL_GPIO_ReadPin
                0x08001640       0x2e cmake/stm32cubemx/CMakeFiles/STM32_Drivers.dir/__/__/Drivers/STM32F1xx_HAL_Driver/Src/stm32f1xx_hal_gpio.c.obj
                0x08001640                HAL_GPIO_ReadPin
 .text.HAL_GPIO_WritePin
                0x0800166e       0x30 cmake/stm32cubemx/CMakeFiles/STM32_Drivers.dir/__/__/Drivers/STM32F1xx_HAL_Driver/Src/stm32f1xx_hal_gpio.c.obj
                0x0800166e                HAL_GPIO_WritePin
 .text.HAL_GPIO_TogglePin
                0x0800169e       0x32 cmake/stm32cubemx/CMakeFiles/STM32_Drivers.dir/__/__/Drivers/STM32F1xx_HAL_Driver/Src/stm32f1xx_hal_gpio.c.obj
                0x0800169e                HAL_GPIO_TogglePin
 .text.HAL_DMA_Abort
                0x080016d0       0x76 cmake/stm32cubemx/CMakeFiles/STM32_Drivers.dir/__/__/Drivers/STM32F1xx_HAL_Driver/Src/stm32f1xx_hal_dma.c.obj
                0x080016d0                HAL_DMA_Abort
 *fill*         0x08001746        0x2 
 .text.HAL_DMA_Abort_IT
                0x08001748       0xf0 cmake/stm32cubemx/CMakeFiles/STM32_Drivers.dir/__/__/Drivers/STM32F1xx_HAL_Driver/Src/stm32f1xx_hal_dma.c.obj
                0x08001748                HAL_DMA_Abort_IT
 .text.__NVIC_SetPriorityGrouping
                0x08001838       0x48 cmake/stm32cubemx/CMakeFiles/STM32_Drivers.dir/__/__/Drivers/STM32F1xx_HAL_Driver/Src/stm32f1xx_hal_cortex.c.obj
 .text.__NVIC_GetPriorityGrouping
                0x08001880       0x1c cmake/stm32cubemx/CMakeFiles/STM32_Drivers.dir/__/__/Drivers/STM32F1xx_HAL_Driver/Src/stm32f1xx_hal_cortex.c.obj
 .text.__NVIC_EnableIRQ
                0x0800189c       0x38 cmake/stm32cubemx/CMakeFiles/STM32_Drivers.dir/__/__/Drivers/STM32F1xx_HAL_Driver/Src/stm32f1xx_hal_cortex.c.obj
 .text.__NVIC_SetPriority
                0x080018d4       0x54 cmake/stm32cubemx/CMakeFiles/STM32_Drivers.dir/__/__/Drivers/STM32F1xx_HAL_Driver/Src/stm32f1xx_hal_cortex.c.obj
 .text.NVIC_EncodePriority
                0x08001928       0x6e cmake/stm32cubemx/CMakeFiles/STM32_Drivers.dir/__/__/Drivers/STM32F1xx_HAL_Driver/Src/stm32f1xx_hal_cortex.c.obj
 *fill*         0x08001996        0x2 
 .text.SysTick_Config
                0x08001998       0x44 cmake/stm32cubemx/CMakeFiles/STM32_Drivers.dir/__/__/Drivers/STM32F1xx_HAL_Driver/Src/stm32f1xx_hal_cortex.c.obj
 .text.HAL_NVIC_SetPriorityGrouping
                0x080019dc       0x16 cmake/stm32cubemx/CMakeFiles/STM32_Drivers.dir/__/__/Drivers/STM32F1xx_HAL_Driver/Src/stm32f1xx_hal_cortex.c.obj
                0x080019dc                HAL_NVIC_SetPriorityGrouping
 .text.HAL_NVIC_SetPriority
                0x080019f2       0x38 cmake/stm32cubemx/CMakeFiles/STM32_Drivers.dir/__/__/Drivers/STM32F1xx_HAL_Driver/Src/stm32f1xx_hal_cortex.c.obj
                0x080019f2                HAL_NVIC_SetPriority
 .text.HAL_NVIC_EnableIRQ
                0x08001a2a       0x1c cmake/stm32cubemx/CMakeFiles/STM32_Drivers.dir/__/__/Drivers/STM32F1xx_HAL_Driver/Src/stm32f1xx_hal_cortex.c.obj
                0x08001a2a                HAL_NVIC_EnableIRQ
 .text.HAL_SYSTICK_Config
                0x08001a46       0x18 cmake/stm32cubemx/CMakeFiles/STM32_Drivers.dir/__/__/Drivers/STM32F1xx_HAL_Driver/Src/stm32f1xx_hal_cortex.c.obj
                0x08001a46                HAL_SYSTICK_Config
 *fill*         0x08001a5e        0x2 
 .text.HAL_FLASH_Program
                0x08001a60       0xe0 cmake/stm32cubemx/CMakeFiles/STM32_Drivers.dir/__/__/Drivers/STM32F1xx_HAL_Driver/Src/stm32f1xx_hal_flash.c.obj
                0x08001a60                HAL_FLASH_Program
 .text.HAL_FLASH_Unlock
                0x08001b40       0x4c cmake/stm32cubemx/CMakeFiles/STM32_Drivers.dir/__/__/Drivers/STM32F1xx_HAL_Driver/Src/stm32f1xx_hal_flash.c.obj
                0x08001b40                HAL_FLASH_Unlock
 .text.HAL_FLASH_Lock
                0x08001b8c       0x20 cmake/stm32cubemx/CMakeFiles/STM32_Drivers.dir/__/__/Drivers/STM32F1xx_HAL_Driver/Src/stm32f1xx_hal_flash.c.obj
                0x08001b8c                HAL_FLASH_Lock
 .text.FLASH_Program_HalfWord
                0x08001bac       0x38 cmake/stm32cubemx/CMakeFiles/STM32_Drivers.dir/__/__/Drivers/STM32F1xx_HAL_Driver/Src/stm32f1xx_hal_flash.c.obj
 .text.FLASH_WaitForLastOperation
                0x08001be4       0x8c cmake/stm32cubemx/CMakeFiles/STM32_Drivers.dir/__/__/Drivers/STM32F1xx_HAL_Driver/Src/stm32f1xx_hal_flash.c.obj
                0x08001be4                FLASH_WaitForLastOperation
 .text.FLASH_SetErrorCode
                0x08001c70       0xa0 cmake/stm32cubemx/CMakeFiles/STM32_Drivers.dir/__/__/Drivers/STM32F1xx_HAL_Driver/Src/stm32f1xx_hal_flash.c.obj
 .text.HAL_FLASHEx_Erase
                0x08001d10       0xd8 cmake/stm32cubemx/CMakeFiles/STM32_Drivers.dir/__/__/Drivers/STM32F1xx_HAL_Driver/Src/stm32f1xx_hal_flash_ex.c.obj
                0x08001d10                HAL_FLASHEx_Erase
 .text.FLASH_MassErase
                0x08001de8       0x38 cmake/stm32cubemx/CMakeFiles/STM32_Drivers.dir/__/__/Drivers/STM32F1xx_HAL_Driver/Src/stm32f1xx_hal_flash_ex.c.obj
 .text.FLASH_PageErase
                0x08001e20       0x40 cmake/stm32cubemx/CMakeFiles/STM32_Drivers.dir/__/__/Drivers/STM32F1xx_HAL_Driver/Src/stm32f1xx_hal_flash_ex.c.obj
                0x08001e20                FLASH_PageErase
 .text.HAL_TIM_Base_Init
                0x08001e60       0x9e cmake/stm32cubemx/CMakeFiles/STM32_Drivers.dir/__/__/Drivers/STM32F1xx_HAL_Driver/Src/stm32f1xx_hal_tim.c.obj
                0x08001e60                HAL_TIM_Base_Init
 *fill*         0x08001efe        0x2 
 .text.HAL_TIM_Base_Start_IT
                0x08001f00       0xa4 cmake/stm32cubemx/CMakeFiles/STM32_Drivers.dir/__/__/Drivers/STM32F1xx_HAL_Driver/Src/stm32f1xx_hal_tim.c.obj
                0x08001f00                HAL_TIM_Base_Start_IT
 .text.HAL_TIM_Base_Stop_IT
                0x08001fa4       0x5c cmake/stm32cubemx/CMakeFiles/STM32_Drivers.dir/__/__/Drivers/STM32F1xx_HAL_Driver/Src/stm32f1xx_hal_tim.c.obj
                0x08001fa4                HAL_TIM_Base_Stop_IT
 .text.HAL_TIM_OC_Init
                0x08002000       0x9e cmake/stm32cubemx/CMakeFiles/STM32_Drivers.dir/__/__/Drivers/STM32F1xx_HAL_Driver/Src/stm32f1xx_hal_tim.c.obj
                0x08002000                HAL_TIM_OC_Init
 .text.HAL_TIM_OC_MspInit
                0x0800209e       0x12 cmake/stm32cubemx/CMakeFiles/STM32_Drivers.dir/__/__/Drivers/STM32F1xx_HAL_Driver/Src/stm32f1xx_hal_tim.c.obj
                0x0800209e                HAL_TIM_OC_MspInit
 .text.HAL_TIM_OC_Start_IT
                0x080020b0      0x1c4 cmake/stm32cubemx/CMakeFiles/STM32_Drivers.dir/__/__/Drivers/STM32F1xx_HAL_Driver/Src/stm32f1xx_hal_tim.c.obj
                0x080020b0                HAL_TIM_OC_Start_IT
 .text.HAL_TIM_OC_Stop_IT
                0x08002274      0x148 cmake/stm32cubemx/CMakeFiles/STM32_Drivers.dir/__/__/Drivers/STM32F1xx_HAL_Driver/Src/stm32f1xx_hal_tim.c.obj
                0x08002274                HAL_TIM_OC_Stop_IT
 .text.HAL_TIM_PWM_Init
                0x080023bc       0x9e cmake/stm32cubemx/CMakeFiles/STM32_Drivers.dir/__/__/Drivers/STM32F1xx_HAL_Driver/Src/stm32f1xx_hal_tim.c.obj
                0x080023bc                HAL_TIM_PWM_Init
 .text.HAL_TIM_PWM_MspInit
                0x0800245a       0x12 cmake/stm32cubemx/CMakeFiles/STM32_Drivers.dir/__/__/Drivers/STM32F1xx_HAL_Driver/Src/stm32f1xx_hal_tim.c.obj
                0x0800245a                HAL_TIM_PWM_MspInit
 .text.HAL_TIM_PWM_Start
                0x0800246c      0x144 cmake/stm32cubemx/CMakeFiles/STM32_Drivers.dir/__/__/Drivers/STM32F1xx_HAL_Driver/Src/stm32f1xx_hal_tim.c.obj
                0x0800246c                HAL_TIM_PWM_Start
 .text.HAL_TIM_IC_Init
                0x080025b0       0x9e cmake/stm32cubemx/CMakeFiles/STM32_Drivers.dir/__/__/Drivers/STM32F1xx_HAL_Driver/Src/stm32f1xx_hal_tim.c.obj
                0x080025b0                HAL_TIM_IC_Init
 .text.HAL_TIM_IC_MspInit
                0x0800264e       0x12 cmake/stm32cubemx/CMakeFiles/STM32_Drivers.dir/__/__/Drivers/STM32F1xx_HAL_Driver/Src/stm32f1xx_hal_tim.c.obj
                0x0800264e                HAL_TIM_IC_MspInit
 .text.HAL_TIM_IC_Start_IT
                0x08002660      0x1f8 cmake/stm32cubemx/CMakeFiles/STM32_Drivers.dir/__/__/Drivers/STM32F1xx_HAL_Driver/Src/stm32f1xx_hal_tim.c.obj
                0x08002660                HAL_TIM_IC_Start_IT
 .text.HAL_TIM_IRQHandler
                0x08002858      0x1e0 cmake/stm32cubemx/CMakeFiles/STM32_Drivers.dir/__/__/Drivers/STM32F1xx_HAL_Driver/Src/stm32f1xx_hal_tim.c.obj
                0x08002858                HAL_TIM_IRQHandler
 .text.HAL_TIM_OC_ConfigChannel
                0x08002a38       0x9c cmake/stm32cubemx/CMakeFiles/STM32_Drivers.dir/__/__/Drivers/STM32F1xx_HAL_Driver/Src/stm32f1xx_hal_tim.c.obj
                0x08002a38                HAL_TIM_OC_ConfigChannel
 .text.HAL_TIM_IC_ConfigChannel
                0x08002ad4      0x138 cmake/stm32cubemx/CMakeFiles/STM32_Drivers.dir/__/__/Drivers/STM32F1xx_HAL_Driver/Src/stm32f1xx_hal_tim.c.obj
                0x08002ad4                HAL_TIM_IC_ConfigChannel
 .text.HAL_TIM_PWM_ConfigChannel
                0x08002c0c      0x16c cmake/stm32cubemx/CMakeFiles/STM32_Drivers.dir/__/__/Drivers/STM32F1xx_HAL_Driver/Src/stm32f1xx_hal_tim.c.obj
                0x08002c0c                HAL_TIM_PWM_ConfigChannel
 .text.HAL_TIM_ConfigClockSource
                0x08002d78      0x18e cmake/stm32cubemx/CMakeFiles/STM32_Drivers.dir/__/__/Drivers/STM32F1xx_HAL_Driver/Src/stm32f1xx_hal_tim.c.obj
                0x08002d78                HAL_TIM_ConfigClockSource
 .text.HAL_TIM_ReadCapturedValue
                0x08002f06       0x6a cmake/stm32cubemx/CMakeFiles/STM32_Drivers.dir/__/__/Drivers/STM32F1xx_HAL_Driver/Src/stm32f1xx_hal_tim.c.obj
                0x08002f06                HAL_TIM_ReadCapturedValue
 .text.HAL_TIM_PWM_PulseFinishedCallback
                0x08002f70       0x12 cmake/stm32cubemx/CMakeFiles/STM32_Drivers.dir/__/__/Drivers/STM32F1xx_HAL_Driver/Src/stm32f1xx_hal_tim.c.obj
                0x08002f70                HAL_TIM_PWM_PulseFinishedCallback
 .text.HAL_TIM_TriggerCallback
                0x08002f82       0x12 cmake/stm32cubemx/CMakeFiles/STM32_Drivers.dir/__/__/Drivers/STM32F1xx_HAL_Driver/Src/stm32f1xx_hal_tim.c.obj
                0x08002f82                HAL_TIM_TriggerCallback
 .text.TIM_Base_SetConfig
                0x08002f94       0xdc cmake/stm32cubemx/CMakeFiles/STM32_Drivers.dir/__/__/Drivers/STM32F1xx_HAL_Driver/Src/stm32f1xx_hal_tim.c.obj
                0x08002f94                TIM_Base_SetConfig
 .text.TIM_OC1_SetConfig
                0x08003070       0xcc cmake/stm32cubemx/CMakeFiles/STM32_Drivers.dir/__/__/Drivers/STM32F1xx_HAL_Driver/Src/stm32f1xx_hal_tim.c.obj
 .text.TIM_OC2_SetConfig
                0x0800313c       0xd4 cmake/stm32cubemx/CMakeFiles/STM32_Drivers.dir/__/__/Drivers/STM32F1xx_HAL_Driver/Src/stm32f1xx_hal_tim.c.obj
                0x0800313c                TIM_OC2_SetConfig
 .text.TIM_OC3_SetConfig
                0x08003210       0xd4 cmake/stm32cubemx/CMakeFiles/STM32_Drivers.dir/__/__/Drivers/STM32F1xx_HAL_Driver/Src/stm32f1xx_hal_tim.c.obj
 .text.TIM_OC4_SetConfig
                0x080032e4       0x9c cmake/stm32cubemx/CMakeFiles/STM32_Drivers.dir/__/__/Drivers/STM32F1xx_HAL_Driver/Src/stm32f1xx_hal_tim.c.obj
 .text.TIM_TI1_SetConfig
                0x08003380       0xb4 cmake/stm32cubemx/CMakeFiles/STM32_Drivers.dir/__/__/Drivers/STM32F1xx_HAL_Driver/Src/stm32f1xx_hal_tim.c.obj
                0x08003380                TIM_TI1_SetConfig
 .text.TIM_TI1_ConfigInputStage
                0x08003434       0x5c cmake/stm32cubemx/CMakeFiles/STM32_Drivers.dir/__/__/Drivers/STM32F1xx_HAL_Driver/Src/stm32f1xx_hal_tim.c.obj
 .text.TIM_TI2_SetConfig
                0x08003490       0x78 cmake/stm32cubemx/CMakeFiles/STM32_Drivers.dir/__/__/Drivers/STM32F1xx_HAL_Driver/Src/stm32f1xx_hal_tim.c.obj
 .text.TIM_TI2_ConfigInputStage
                0x08003508       0x5e cmake/stm32cubemx/CMakeFiles/STM32_Drivers.dir/__/__/Drivers/STM32F1xx_HAL_Driver/Src/stm32f1xx_hal_tim.c.obj
 .text.TIM_TI3_SetConfig
                0x08003566       0x76 cmake/stm32cubemx/CMakeFiles/STM32_Drivers.dir/__/__/Drivers/STM32F1xx_HAL_Driver/Src/stm32f1xx_hal_tim.c.obj
 .text.TIM_TI4_SetConfig
                0x080035dc       0x78 cmake/stm32cubemx/CMakeFiles/STM32_Drivers.dir/__/__/Drivers/STM32F1xx_HAL_Driver/Src/stm32f1xx_hal_tim.c.obj
 .text.TIM_ITRx_SetConfig
                0x08003654       0x34 cmake/stm32cubemx/CMakeFiles/STM32_Drivers.dir/__/__/Drivers/STM32F1xx_HAL_Driver/Src/stm32f1xx_hal_tim.c.obj
 .text.TIM_ETR_SetConfig
                0x08003688       0x3e cmake/stm32cubemx/CMakeFiles/STM32_Drivers.dir/__/__/Drivers/STM32F1xx_HAL_Driver/Src/stm32f1xx_hal_tim.c.obj
                0x08003688                TIM_ETR_SetConfig
 .text.TIM_CCxChannelCmd
                0x080036c6       0x48 cmake/stm32cubemx/CMakeFiles/STM32_Drivers.dir/__/__/Drivers/STM32F1xx_HAL_Driver/Src/stm32f1xx_hal_tim.c.obj
                0x080036c6                TIM_CCxChannelCmd
 *fill*         0x0800370e        0x2 
 .text.HAL_TIMEx_MasterConfigSynchronization
                0x08003710       0xbc cmake/stm32cubemx/CMakeFiles/STM32_Drivers.dir/__/__/Drivers/STM32F1xx_HAL_Driver/Src/stm32f1xx_hal_tim_ex.c.obj
                0x08003710                HAL_TIMEx_MasterConfigSynchronization
 .text.HAL_TIMEx_ConfigBreakDeadTime
                0x080037cc       0xa2 cmake/stm32cubemx/CMakeFiles/STM32_Drivers.dir/__/__/Drivers/STM32F1xx_HAL_Driver/Src/stm32f1xx_hal_tim_ex.c.obj
                0x080037cc                HAL_TIMEx_ConfigBreakDeadTime
 .text.HAL_TIMEx_CommutCallback
                0x0800386e       0x12 cmake/stm32cubemx/CMakeFiles/STM32_Drivers.dir/__/__/Drivers/STM32F1xx_HAL_Driver/Src/stm32f1xx_hal_tim_ex.c.obj
                0x0800386e                HAL_TIMEx_CommutCallback
 .text.HAL_TIMEx_BreakCallback
                0x08003880       0x12 cmake/stm32cubemx/CMakeFiles/STM32_Drivers.dir/__/__/Drivers/STM32F1xx_HAL_Driver/Src/stm32f1xx_hal_tim_ex.c.obj
                0x08003880                HAL_TIMEx_BreakCallback
 .text.HAL_UART_Init
                0x08003892       0xa0 cmake/stm32cubemx/CMakeFiles/STM32_Drivers.dir/__/__/Drivers/STM32F1xx_HAL_Driver/Src/stm32f1xx_hal_uart.c.obj
                0x08003892                HAL_UART_Init
 .text.HAL_UART_Transmit
                0x08003932      0x116 cmake/stm32cubemx/CMakeFiles/STM32_Drivers.dir/__/__/Drivers/STM32F1xx_HAL_Driver/Src/stm32f1xx_hal_uart.c.obj
                0x08003932                HAL_UART_Transmit
 .text.HAL_UART_Receive_IT
                0x08003a48       0x4a cmake/stm32cubemx/CMakeFiles/STM32_Drivers.dir/__/__/Drivers/STM32F1xx_HAL_Driver/Src/stm32f1xx_hal_uart.c.obj
                0x08003a48                HAL_UART_Receive_IT
 *fill*         0x08003a92        0x2 
 .text.HAL_UART_IRQHandler
                0x08003a94      0x520 cmake/stm32cubemx/CMakeFiles/STM32_Drivers.dir/__/__/Drivers/STM32F1xx_HAL_Driver/Src/stm32f1xx_hal_uart.c.obj
                0x08003a94                HAL_UART_IRQHandler
 .text.HAL_UART_TxCpltCallback
                0x08003fb4       0x12 cmake/stm32cubemx/CMakeFiles/STM32_Drivers.dir/__/__/Drivers/STM32F1xx_HAL_Driver/Src/stm32f1xx_hal_uart.c.obj
                0x08003fb4                HAL_UART_TxCpltCallback
 .text.HAL_UART_ErrorCallback
                0x08003fc6       0x12 cmake/stm32cubemx/CMakeFiles/STM32_Drivers.dir/__/__/Drivers/STM32F1xx_HAL_Driver/Src/stm32f1xx_hal_uart.c.obj
                0x08003fc6                HAL_UART_ErrorCallback
 .text.HAL_UARTEx_RxEventCallback
                0x08003fd8       0x16 cmake/stm32cubemx/CMakeFiles/STM32_Drivers.dir/__/__/Drivers/STM32F1xx_HAL_Driver/Src/stm32f1xx_hal_uart.c.obj
                0x08003fd8                HAL_UARTEx_RxEventCallback
 .text.UART_WaitOnFlagUntilTimeout
                0x08003fee       0xb2 cmake/stm32cubemx/CMakeFiles/STM32_Drivers.dir/__/__/Drivers/STM32F1xx_HAL_Driver/Src/stm32f1xx_hal_uart.c.obj
 .text.UART_Start_Receive_IT
                0x080040a0       0x72 cmake/stm32cubemx/CMakeFiles/STM32_Drivers.dir/__/__/Drivers/STM32F1xx_HAL_Driver/Src/stm32f1xx_hal_uart.c.obj
                0x080040a0                UART_Start_Receive_IT
 .text.UART_EndRxTransfer
                0x08004112       0xc4 cmake/stm32cubemx/CMakeFiles/STM32_Drivers.dir/__/__/Drivers/STM32F1xx_HAL_Driver/Src/stm32f1xx_hal_uart.c.obj
 .text.UART_DMAAbortOnError
                0x080041d6       0x28 cmake/stm32cubemx/CMakeFiles/STM32_Drivers.dir/__/__/Drivers/STM32F1xx_HAL_Driver/Src/stm32f1xx_hal_uart.c.obj
 .text.UART_Transmit_IT
                0x080041fe       0x9e cmake/stm32cubemx/CMakeFiles/STM32_Drivers.dir/__/__/Drivers/STM32F1xx_HAL_Driver/Src/stm32f1xx_hal_uart.c.obj
 .text.UART_EndTransmit_IT
                0x0800429c       0x30 cmake/stm32cubemx/CMakeFiles/STM32_Drivers.dir/__/__/Drivers/STM32F1xx_HAL_Driver/Src/stm32f1xx_hal_uart.c.obj
 .text.UART_Receive_IT
                0x080042cc      0x17c cmake/stm32cubemx/CMakeFiles/STM32_Drivers.dir/__/__/Drivers/STM32F1xx_HAL_Driver/Src/stm32f1xx_hal_uart.c.obj
 .text.UART_SetConfig
                0x08004448      0x11c cmake/stm32cubemx/CMakeFiles/STM32_Drivers.dir/__/__/Drivers/STM32F1xx_HAL_Driver/Src/stm32f1xx_hal_uart.c.obj
 .text.HAL_PCD_Init
                0x08004564      0x1ec cmake/stm32cubemx/CMakeFiles/STM32_Drivers.dir/__/__/Drivers/STM32F1xx_HAL_Driver/Src/stm32f1xx_hal_pcd.c.obj
                0x08004564                HAL_PCD_Init
 .text.HAL_PCD_Start
                0x08004750       0x4c cmake/stm32cubemx/CMakeFiles/STM32_Drivers.dir/__/__/Drivers/STM32F1xx_HAL_Driver/Src/stm32f1xx_hal_pcd.c.obj
                0x08004750                HAL_PCD_Start
 .text.HAL_PCD_IRQHandler
                0x0800479c      0x260 cmake/stm32cubemx/CMakeFiles/STM32_Drivers.dir/__/__/Drivers/STM32F1xx_HAL_Driver/Src/stm32f1xx_hal_pcd.c.obj
                0x0800479c                HAL_PCD_IRQHandler
 .text.HAL_PCD_SetAddress
                0x080049fc       0x48 cmake/stm32cubemx/CMakeFiles/STM32_Drivers.dir/__/__/Drivers/STM32F1xx_HAL_Driver/Src/stm32f1xx_hal_pcd.c.obj
                0x080049fc                HAL_PCD_SetAddress
 .text.HAL_PCD_EP_Open
                0x08004a44       0xba cmake/stm32cubemx/CMakeFiles/STM32_Drivers.dir/__/__/Drivers/STM32F1xx_HAL_Driver/Src/stm32f1xx_hal_pcd.c.obj
                0x08004a44                HAL_PCD_EP_Open
 .text.HAL_PCD_EP_Close
                0x08004afe       0x90 cmake/stm32cubemx/CMakeFiles/STM32_Drivers.dir/__/__/Drivers/STM32F1xx_HAL_Driver/Src/stm32f1xx_hal_pcd.c.obj
                0x08004afe                HAL_PCD_EP_Close
 .text.HAL_PCD_EP_Receive
                0x08004b8e       0x62 cmake/stm32cubemx/CMakeFiles/STM32_Drivers.dir/__/__/Drivers/STM32F1xx_HAL_Driver/Src/stm32f1xx_hal_pcd.c.obj
                0x08004b8e                HAL_PCD_EP_Receive
 .text.HAL_PCD_EP_GetRxCount
                0x08004bf0       0x2e cmake/stm32cubemx/CMakeFiles/STM32_Drivers.dir/__/__/Drivers/STM32F1xx_HAL_Driver/Src/stm32f1xx_hal_pcd.c.obj
                0x08004bf0                HAL_PCD_EP_GetRxCount
 .text.HAL_PCD_EP_Transmit
                0x08004c1e       0x6e cmake/stm32cubemx/CMakeFiles/STM32_Drivers.dir/__/__/Drivers/STM32F1xx_HAL_Driver/Src/stm32f1xx_hal_pcd.c.obj
                0x08004c1e                HAL_PCD_EP_Transmit
 .text.HAL_PCD_EP_SetStall
                0x08004c8c       0xc0 cmake/stm32cubemx/CMakeFiles/STM32_Drivers.dir/__/__/Drivers/STM32F1xx_HAL_Driver/Src/stm32f1xx_hal_pcd.c.obj
                0x08004c8c                HAL_PCD_EP_SetStall
 .text.HAL_PCD_EP_ClrStall
                0x08004d4c       0xa8 cmake/stm32cubemx/CMakeFiles/STM32_Drivers.dir/__/__/Drivers/STM32F1xx_HAL_Driver/Src/stm32f1xx_hal_pcd.c.obj
                0x08004d4c                HAL_PCD_EP_ClrStall
 .text.PCD_EP_ISR_Handler
                0x08004df4      0x79e cmake/stm32cubemx/CMakeFiles/STM32_Drivers.dir/__/__/Drivers/STM32F1xx_HAL_Driver/Src/stm32f1xx_hal_pcd.c.obj
 .text.HAL_PCD_EP_DB_Receive
                0x08005592      0x21a cmake/stm32cubemx/CMakeFiles/STM32_Drivers.dir/__/__/Drivers/STM32F1xx_HAL_Driver/Src/stm32f1xx_hal_pcd.c.obj
 .text.HAL_PCD_EP_DB_Transmit
                0x080057ac      0x7f4 cmake/stm32cubemx/CMakeFiles/STM32_Drivers.dir/__/__/Drivers/STM32F1xx_HAL_Driver/Src/stm32f1xx_hal_pcd.c.obj
 .text.HAL_PCDEx_PMAConfig
                0x08005fa0       0x84 cmake/stm32cubemx/CMakeFiles/STM32_Drivers.dir/__/__/Drivers/STM32F1xx_HAL_Driver/Src/stm32f1xx_hal_pcd_ex.c.obj
                0x08005fa0                HAL_PCDEx_PMAConfig
 .text.USB_CoreInit
                0x08006024       0x1a cmake/stm32cubemx/CMakeFiles/STM32_Drivers.dir/__/__/Drivers/STM32F1xx_HAL_Driver/Src/stm32f1xx_ll_usb.c.obj
                0x08006024                USB_CoreInit
 .text.USB_EnableGlobalInt
                0x0800603e       0x2c cmake/stm32cubemx/CMakeFiles/STM32_Drivers.dir/__/__/Drivers/STM32F1xx_HAL_Driver/Src/stm32f1xx_ll_usb.c.obj
                0x0800603e                USB_EnableGlobalInt
 .text.USB_DisableGlobalInt
                0x0800606a       0x34 cmake/stm32cubemx/CMakeFiles/STM32_Drivers.dir/__/__/Drivers/STM32F1xx_HAL_Driver/Src/stm32f1xx_ll_usb.c.obj
                0x0800606a                USB_DisableGlobalInt
 .text.USB_SetCurrentMode
                0x0800609e       0x18 cmake/stm32cubemx/CMakeFiles/STM32_Drivers.dir/__/__/Drivers/STM32F1xx_HAL_Driver/Src/stm32f1xx_ll_usb.c.obj
                0x0800609e                USB_SetCurrentMode
 .text.USB_DevInit
                0x080060b6       0x3a cmake/stm32cubemx/CMakeFiles/STM32_Drivers.dir/__/__/Drivers/STM32F1xx_HAL_Driver/Src/stm32f1xx_ll_usb.c.obj
                0x080060b6                USB_DevInit
 .text.USB_ActivateEndpoint
                0x080060f0      0x77e cmake/stm32cubemx/CMakeFiles/STM32_Drivers.dir/__/__/Drivers/STM32F1xx_HAL_Driver/Src/stm32f1xx_ll_usb.c.obj
                0x080060f0                USB_ActivateEndpoint
 .text.USB_DeactivateEndpoint
                0x0800686e      0x3d8 cmake/stm32cubemx/CMakeFiles/STM32_Drivers.dir/__/__/Drivers/STM32F1xx_HAL_Driver/Src/stm32f1xx_ll_usb.c.obj
                0x0800686e                USB_DeactivateEndpoint
 .text.USB_EPStartXfer
                0x08006c46     0x1762 cmake/stm32cubemx/CMakeFiles/STM32_Drivers.dir/__/__/Drivers/STM32F1xx_HAL_Driver/Src/stm32f1xx_ll_usb.c.obj
                0x08006c46                USB_EPStartXfer
 .text.USB_EPSetStall
                0x080083a8       0xa0 cmake/stm32cubemx/CMakeFiles/STM32_Drivers.dir/__/__/Drivers/STM32F1xx_HAL_Driver/Src/stm32f1xx_ll_usb.c.obj
                0x080083a8                USB_EPSetStall
 .text.USB_EPClearStall
                0x08008448      0x15a cmake/stm32cubemx/CMakeFiles/STM32_Drivers.dir/__/__/Drivers/STM32F1xx_HAL_Driver/Src/stm32f1xx_ll_usb.c.obj
                0x08008448                USB_EPClearStall
 .text.USB_SetDevAddress
                0x080085a2       0x26 cmake/stm32cubemx/CMakeFiles/STM32_Drivers.dir/__/__/Drivers/STM32F1xx_HAL_Driver/Src/stm32f1xx_ll_usb.c.obj
                0x080085a2                USB_SetDevAddress
 .text.USB_DevConnect
                0x080085c8       0x14 cmake/stm32cubemx/CMakeFiles/STM32_Drivers.dir/__/__/Drivers/STM32F1xx_HAL_Driver/Src/stm32f1xx_ll_usb.c.obj
                0x080085c8                USB_DevConnect
 .text.USB_DevDisconnect
                0x080085dc       0x14 cmake/stm32cubemx/CMakeFiles/STM32_Drivers.dir/__/__/Drivers/STM32F1xx_HAL_Driver/Src/stm32f1xx_ll_usb.c.obj
                0x080085dc                USB_DevDisconnect
 .text.USB_ReadInterrupts
                0x080085f0       0x1e cmake/stm32cubemx/CMakeFiles/STM32_Drivers.dir/__/__/Drivers/STM32F1xx_HAL_Driver/Src/stm32f1xx_ll_usb.c.obj
                0x080085f0                USB_ReadInterrupts
 .text.USB_EP0_OutStart
                0x0800860e       0x16 cmake/stm32cubemx/CMakeFiles/STM32_Drivers.dir/__/__/Drivers/STM32F1xx_HAL_Driver/Src/stm32f1xx_ll_usb.c.obj
                0x0800860e                USB_EP0_OutStart
 .text.USB_WritePMA
                0x08008624       0x8c cmake/stm32cubemx/CMakeFiles/STM32_Drivers.dir/__/__/Drivers/STM32F1xx_HAL_Driver/Src/stm32f1xx_ll_usb.c.obj
                0x08008624                USB_WritePMA
 .text.USB_ReadPMA
                0x080086b0       0x9e cmake/stm32cubemx/CMakeFiles/STM32_Drivers.dir/__/__/Drivers/STM32F1xx_HAL_Driver/Src/stm32f1xx_ll_usb.c.obj
                0x080086b0                USB_ReadPMA
 .text.USBD_Init
                0x0800874e       0x56 cmake/stm32cubemx/CMakeFiles/STM32_Drivers.dir/__/__/Middlewares/ST/STM32_USB_Device_Library/Core/Src/usbd_core.c.obj
                0x0800874e                USBD_Init
 .text.USBD_RegisterClass
                0x080087a4       0x32 cmake/stm32cubemx/CMakeFiles/STM32_Drivers.dir/__/__/Middlewares/ST/STM32_USB_Device_Library/Core/Src/usbd_core.c.obj
                0x080087a4                USBD_RegisterClass
 .text.USBD_Start
                0x080087d6       0x18 cmake/stm32cubemx/CMakeFiles/STM32_Drivers.dir/__/__/Middlewares/ST/STM32_USB_Device_Library/Core/Src/usbd_core.c.obj
                0x080087d6                USBD_Start
 .text.USBD_RunTestMode
                0x080087ee       0x14 cmake/stm32cubemx/CMakeFiles/STM32_Drivers.dir/__/__/Middlewares/ST/STM32_USB_Device_Library/Core/Src/usbd_core.c.obj
                0x080087ee                USBD_RunTestMode
 .text.USBD_SetClassConfig
                0x08008802       0x3e cmake/stm32cubemx/CMakeFiles/STM32_Drivers.dir/__/__/Middlewares/ST/STM32_USB_Device_Library/Core/Src/usbd_core.c.obj
                0x08008802                USBD_SetClassConfig
 .text.USBD_ClrClassConfig
                0x08008840       0x26 cmake/stm32cubemx/CMakeFiles/STM32_Drivers.dir/__/__/Middlewares/ST/STM32_USB_Device_Library/Core/Src/usbd_core.c.obj
                0x08008840                USBD_ClrClassConfig
 .text.USBD_LL_SetupStage
                0x08008866       0x9a cmake/stm32cubemx/CMakeFiles/STM32_Drivers.dir/__/__/Middlewares/ST/STM32_USB_Device_Library/Core/Src/usbd_core.c.obj
                0x08008866                USBD_LL_SetupStage
 .text.USBD_LL_DataOutStage
                0x08008900       0xe2 cmake/stm32cubemx/CMakeFiles/STM32_Drivers.dir/__/__/Middlewares/ST/STM32_USB_Device_Library/Core/Src/usbd_core.c.obj
                0x08008900                USBD_LL_DataOutStage
 .text.USBD_LL_DataInStage
                0x080089e2      0x14a cmake/stm32cubemx/CMakeFiles/STM32_Drivers.dir/__/__/Middlewares/ST/STM32_USB_Device_Library/Core/Src/usbd_core.c.obj
                0x080089e2                USBD_LL_DataInStage
 .text.USBD_LL_Reset
                0x08008b2c       0x82 cmake/stm32cubemx/CMakeFiles/STM32_Drivers.dir/__/__/Middlewares/ST/STM32_USB_Device_Library/Core/Src/usbd_core.c.obj
                0x08008b2c                USBD_LL_Reset
 .text.USBD_LL_SetSpeed
                0x08008bae       0x1e cmake/stm32cubemx/CMakeFiles/STM32_Drivers.dir/__/__/Middlewares/ST/STM32_USB_Device_Library/Core/Src/usbd_core.c.obj
                0x08008bae                USBD_LL_SetSpeed
 .text.USBD_LL_Suspend
                0x08008bcc       0x28 cmake/stm32cubemx/CMakeFiles/STM32_Drivers.dir/__/__/Middlewares/ST/STM32_USB_Device_Library/Core/Src/usbd_core.c.obj
                0x08008bcc                USBD_LL_Suspend
 .text.USBD_LL_Resume
                0x08008bf4       0x2a cmake/stm32cubemx/CMakeFiles/STM32_Drivers.dir/__/__/Middlewares/ST/STM32_USB_Device_Library/Core/Src/usbd_core.c.obj
                0x08008bf4                USBD_LL_Resume
 .text.USBD_LL_SOF
                0x08008c1e       0x34 cmake/stm32cubemx/CMakeFiles/STM32_Drivers.dir/__/__/Middlewares/ST/STM32_USB_Device_Library/Core/Src/usbd_core.c.obj
                0x08008c1e                USBD_LL_SOF
 .text.USBD_StdDevReq
                0x08008c52       0xd2 cmake/stm32cubemx/CMakeFiles/STM32_Drivers.dir/__/__/Middlewares/ST/STM32_USB_Device_Library/Core/Src/usbd_ctlreq.c.obj
                0x08008c52                USBD_StdDevReq
 .text.USBD_StdItfReq
                0x08008d24       0x90 cmake/stm32cubemx/CMakeFiles/STM32_Drivers.dir/__/__/Middlewares/ST/STM32_USB_Device_Library/Core/Src/usbd_ctlreq.c.obj
                0x08008d24                USBD_StdItfReq
 .text.USBD_StdEPReq
                0x08008db4      0x2ca cmake/stm32cubemx/CMakeFiles/STM32_Drivers.dir/__/__/Middlewares/ST/STM32_USB_Device_Library/Core/Src/usbd_ctlreq.c.obj
                0x08008db4                USBD_StdEPReq
 .text.USBD_GetDescriptor
                0x0800907e      0x2de cmake/stm32cubemx/CMakeFiles/STM32_Drivers.dir/__/__/Middlewares/ST/STM32_USB_Device_Library/Core/Src/usbd_ctlreq.c.obj
 .text.USBD_SetAddress
                0x0800935c       0x86 cmake/stm32cubemx/CMakeFiles/STM32_Drivers.dir/__/__/Middlewares/ST/STM32_USB_Device_Library/Core/Src/usbd_ctlreq.c.obj
 *fill*         0x080093e2        0x2 
 .text.USBD_SetConfig
                0x080093e4      0x11c cmake/stm32cubemx/CMakeFiles/STM32_Drivers.dir/__/__/Middlewares/ST/STM32_USB_Device_Library/Core/Src/usbd_ctlreq.c.obj
 .text.USBD_GetConfig
                0x08009500       0x6a cmake/stm32cubemx/CMakeFiles/STM32_Drivers.dir/__/__/Middlewares/ST/STM32_USB_Device_Library/Core/Src/usbd_ctlreq.c.obj
 .text.USBD_GetStatus
                0x0800956a       0x66 cmake/stm32cubemx/CMakeFiles/STM32_Drivers.dir/__/__/Middlewares/ST/STM32_USB_Device_Library/Core/Src/usbd_ctlreq.c.obj
 .text.USBD_SetFeature
                0x080095d0       0x28 cmake/stm32cubemx/CMakeFiles/STM32_Drivers.dir/__/__/Middlewares/ST/STM32_USB_Device_Library/Core/Src/usbd_ctlreq.c.obj
 .text.USBD_ClrFeature
                0x080095f8       0x42 cmake/stm32cubemx/CMakeFiles/STM32_Drivers.dir/__/__/Middlewares/ST/STM32_USB_Device_Library/Core/Src/usbd_ctlreq.c.obj
 .text.USBD_ParseSetupRequest
                0x0800963a       0x72 cmake/stm32cubemx/CMakeFiles/STM32_Drivers.dir/__/__/Middlewares/ST/STM32_USB_Device_Library/Core/Src/usbd_ctlreq.c.obj
                0x0800963a                USBD_ParseSetupRequest
 .text.USBD_CtlError
                0x080096ac       0x22 cmake/stm32cubemx/CMakeFiles/STM32_Drivers.dir/__/__/Middlewares/ST/STM32_USB_Device_Library/Core/Src/usbd_ctlreq.c.obj
                0x080096ac                USBD_CtlError
 .text.USBD_GetString
                0x080096ce       0x84 cmake/stm32cubemx/CMakeFiles/STM32_Drivers.dir/__/__/Middlewares/ST/STM32_USB_Device_Library/Core/Src/usbd_ctlreq.c.obj
                0x080096ce                USBD_GetString
 .text.USBD_GetLen
                0x08009752       0x2e cmake/stm32cubemx/CMakeFiles/STM32_Drivers.dir/__/__/Middlewares/ST/STM32_USB_Device_Library/Core/Src/usbd_ctlreq.c.obj
 .text.USBD_CtlSendData
                0x08009780       0x38 cmake/stm32cubemx/CMakeFiles/STM32_Drivers.dir/__/__/Middlewares/ST/STM32_USB_Device_Library/Core/Src/usbd_ioreq.c.obj
                0x08009780                USBD_CtlSendData
 .text.USBD_CtlContinueSendData
                0x080097b8       0x24 cmake/stm32cubemx/CMakeFiles/STM32_Drivers.dir/__/__/Middlewares/ST/STM32_USB_Device_Library/Core/Src/usbd_ioreq.c.obj
                0x080097b8                USBD_CtlContinueSendData
 .text.USBD_CtlPrepareRx
                0x080097dc       0x3c cmake/stm32cubemx/CMakeFiles/STM32_Drivers.dir/__/__/Middlewares/ST/STM32_USB_Device_Library/Core/Src/usbd_ioreq.c.obj
                0x080097dc                USBD_CtlPrepareRx
 .text.USBD_CtlContinueRx
                0x08009818       0x24 cmake/stm32cubemx/CMakeFiles/STM32_Drivers.dir/__/__/Middlewares/ST/STM32_USB_Device_Library/Core/Src/usbd_ioreq.c.obj
                0x08009818                USBD_CtlContinueRx
 .text.USBD_CtlSendStatus
                0x0800983c       0x26 cmake/stm32cubemx/CMakeFiles/STM32_Drivers.dir/__/__/Middlewares/ST/STM32_USB_Device_Library/Core/Src/usbd_ioreq.c.obj
                0x0800983c                USBD_CtlSendStatus
 .text.USBD_CtlReceiveStatus
                0x08009862       0x26 cmake/stm32cubemx/CMakeFiles/STM32_Drivers.dir/__/__/Middlewares/ST/STM32_USB_Device_Library/Core/Src/usbd_ioreq.c.obj
                0x08009862                USBD_CtlReceiveStatus
 .text.USBD_CUSTOM_HID_Init
                0x08009888       0x84 cmake/stm32cubemx/CMakeFiles/STM32_Drivers.dir/__/__/Middlewares/ST/STM32_USB_Device_Library/Class/CustomHID/Src/usbd_customhid.c.obj
 .text.USBD_CUSTOM_HID_DeInit
                0x0800990c       0x5c cmake/stm32cubemx/CMakeFiles/STM32_Drivers.dir/__/__/Middlewares/ST/STM32_USB_Device_Library/Class/CustomHID/Src/usbd_customhid.c.obj
 .text.USBD_CUSTOM_HID_Setup
                0x08009968      0x1d8 cmake/stm32cubemx/CMakeFiles/STM32_Drivers.dir/__/__/Middlewares/ST/STM32_USB_Device_Library/Class/CustomHID/Src/usbd_customhid.c.obj
 .text.USBD_CUSTOM_HID_SendReport
                0x08009b40       0x4e cmake/stm32cubemx/CMakeFiles/STM32_Drivers.dir/__/__/Middlewares/ST/STM32_USB_Device_Library/Class/CustomHID/Src/usbd_customhid.c.obj
                0x08009b40                USBD_CUSTOM_HID_SendReport
 *fill*         0x08009b8e        0x2 
 .text.USBD_CUSTOM_HID_GetFSCfgDesc
                0x08009b90       0x20 cmake/stm32cubemx/CMakeFiles/STM32_Drivers.dir/__/__/Middlewares/ST/STM32_USB_Device_Library/Class/CustomHID/Src/usbd_customhid.c.obj
 .text.USBD_CUSTOM_HID_GetHSCfgDesc
                0x08009bb0       0x20 cmake/stm32cubemx/CMakeFiles/STM32_Drivers.dir/__/__/Middlewares/ST/STM32_USB_Device_Library/Class/CustomHID/Src/usbd_customhid.c.obj
 .text.USBD_CUSTOM_HID_GetOtherSpeedCfgDesc
                0x08009bd0       0x20 cmake/stm32cubemx/CMakeFiles/STM32_Drivers.dir/__/__/Middlewares/ST/STM32_USB_Device_Library/Class/CustomHID/Src/usbd_customhid.c.obj
 .text.USBD_CUSTOM_HID_DataIn
                0x08009bf0       0x24 cmake/stm32cubemx/CMakeFiles/STM32_Drivers.dir/__/__/Middlewares/ST/STM32_USB_Device_Library/Class/CustomHID/Src/usbd_customhid.c.obj
 .text.USBD_CUSTOM_HID_DataOut
                0x08009c14       0x48 cmake/stm32cubemx/CMakeFiles/STM32_Drivers.dir/__/__/Middlewares/ST/STM32_USB_Device_Library/Class/CustomHID/Src/usbd_customhid.c.obj
 .text.USBD_CUSTOM_HID_EP0_RxReady
                0x08009c5c       0x38 cmake/stm32cubemx/CMakeFiles/STM32_Drivers.dir/__/__/Middlewares/ST/STM32_USB_Device_Library/Class/CustomHID/Src/usbd_customhid.c.obj
 .text.USBD_CUSTOM_HID_GetDeviceQualifierDesc
                0x08009c94       0x20 cmake/stm32cubemx/CMakeFiles/STM32_Drivers.dir/__/__/Middlewares/ST/STM32_USB_Device_Library/Class/CustomHID/Src/usbd_customhid.c.obj
 .text.USBD_CUSTOM_HID_RegisterInterface
                0x08009cb4       0x2c cmake/stm32cubemx/CMakeFiles/STM32_Drivers.dir/__/__/Middlewares/ST/STM32_USB_Device_Library/Class/CustomHID/Src/usbd_customhid.c.obj
                0x08009cb4                USBD_CUSTOM_HID_RegisterInterface
 .text.main     0x08009ce0       0x98 CMakeFiles/firmware_esc_bldc_v1.dir/Core/Src/main.c.obj
                0x08009ce0                main
 .text.SystemClock_Config
                0x08009d78       0xb4 CMakeFiles/firmware_esc_bldc_v1.dir/Core/Src/main.c.obj
                0x08009d78                SystemClock_Config
 .text.Error_Handler
                0x08009e2c        0xc CMakeFiles/firmware_esc_bldc_v1.dir/Core/Src/main.c.obj
                0x08009e2c                Error_Handler
 .text.MX_GPIO_Init
                0x08009e38      0x120 CMakeFiles/firmware_esc_bldc_v1.dir/Core/Src/gpio.c.obj
                0x08009e38                MX_GPIO_Init
 .text.MX_CRC_Init
                0x08009f58       0x28 CMakeFiles/firmware_esc_bldc_v1.dir/Core/Src/crc.c.obj
                0x08009f58                MX_CRC_Init
 .text.HAL_CRC_MspInit
                0x08009f80       0x3c CMakeFiles/firmware_esc_bldc_v1.dir/Core/Src/crc.c.obj
                0x08009f80                HAL_CRC_MspInit
 .text.MX_TIM1_Init
                0x08009fbc      0x170 CMakeFiles/firmware_esc_bldc_v1.dir/Core/Src/tim.c.obj
                0x08009fbc                MX_TIM1_Init
 .text.MX_TIM2_Init
                0x0800a12c      0x10c CMakeFiles/firmware_esc_bldc_v1.dir/Core/Src/tim.c.obj
                0x0800a12c                MX_TIM2_Init
 .text.MX_TIM3_Init
                0x0800a238       0xe8 CMakeFiles/firmware_esc_bldc_v1.dir/Core/Src/tim.c.obj
                0x0800a238                MX_TIM3_Init
 .text.MX_TIM4_Init
                0x0800a320      0x124 CMakeFiles/firmware_esc_bldc_v1.dir/Core/Src/tim.c.obj
                0x0800a320                MX_TIM4_Init
 .text.HAL_TIM_Base_MspInit
                0x0800a444      0x180 CMakeFiles/firmware_esc_bldc_v1.dir/Core/Src/tim.c.obj
                0x0800a444                HAL_TIM_Base_MspInit
 .text.HAL_TIM_MspPostInit
                0x0800a5c4       0x68 CMakeFiles/firmware_esc_bldc_v1.dir/Core/Src/tim.c.obj
                0x0800a5c4                HAL_TIM_MspPostInit
 .text.MX_USART1_UART_Init
                0x0800a62c       0x54 CMakeFiles/firmware_esc_bldc_v1.dir/Core/Src/usart.c.obj
                0x0800a62c                MX_USART1_UART_Init
 .text.HAL_UART_MspInit
                0x0800a680       0xc4 CMakeFiles/firmware_esc_bldc_v1.dir/Core/Src/usart.c.obj
                0x0800a680                HAL_UART_MspInit
 .text.NMI_Handler
                0x0800a744        0x8 CMakeFiles/firmware_esc_bldc_v1.dir/Core/Src/stm32f1xx_it.c.obj
                0x0800a744                NMI_Handler
 .text.HardFault_Handler
                0x0800a74c        0x8 CMakeFiles/firmware_esc_bldc_v1.dir/Core/Src/stm32f1xx_it.c.obj
                0x0800a74c                HardFault_Handler
 .text.MemManage_Handler
                0x0800a754        0x8 CMakeFiles/firmware_esc_bldc_v1.dir/Core/Src/stm32f1xx_it.c.obj
                0x0800a754                MemManage_Handler
 .text.BusFault_Handler
                0x0800a75c        0x8 CMakeFiles/firmware_esc_bldc_v1.dir/Core/Src/stm32f1xx_it.c.obj
                0x0800a75c                BusFault_Handler
 .text.UsageFault_Handler
                0x0800a764        0x8 CMakeFiles/firmware_esc_bldc_v1.dir/Core/Src/stm32f1xx_it.c.obj
                0x0800a764                UsageFault_Handler
 .text.SVC_Handler
                0x0800a76c        0xc CMakeFiles/firmware_esc_bldc_v1.dir/Core/Src/stm32f1xx_it.c.obj
                0x0800a76c                SVC_Handler
 .text.DebugMon_Handler
                0x0800a778        0xc CMakeFiles/firmware_esc_bldc_v1.dir/Core/Src/stm32f1xx_it.c.obj
                0x0800a778                DebugMon_Handler
 .text.PendSV_Handler
                0x0800a784        0xc CMakeFiles/firmware_esc_bldc_v1.dir/Core/Src/stm32f1xx_it.c.obj
                0x0800a784                PendSV_Handler
 .text.SysTick_Handler
                0x0800a790       0x1c CMakeFiles/firmware_esc_bldc_v1.dir/Core/Src/stm32f1xx_it.c.obj
                0x0800a790                SysTick_Handler
 .text.TIM2_IRQHandler
                0x0800a7ac       0x14 CMakeFiles/firmware_esc_bldc_v1.dir/Core/Src/stm32f1xx_it.c.obj
                0x0800a7ac                TIM2_IRQHandler
 .text.TIM3_IRQHandler
                0x0800a7c0       0x14 CMakeFiles/firmware_esc_bldc_v1.dir/Core/Src/stm32f1xx_it.c.obj
                0x0800a7c0                TIM3_IRQHandler
 .text.TIM4_IRQHandler
                0x0800a7d4       0x14 CMakeFiles/firmware_esc_bldc_v1.dir/Core/Src/stm32f1xx_it.c.obj
                0x0800a7d4                TIM4_IRQHandler
 .text.USART1_IRQHandler
                0x0800a7e8       0x14 CMakeFiles/firmware_esc_bldc_v1.dir/Core/Src/stm32f1xx_it.c.obj
                0x0800a7e8                USART1_IRQHandler
 .text.USB_LP_CAN1_RX0_IRQHandler
                0x0800a7fc       0x14 CMakeFiles/firmware_esc_bldc_v1.dir/Core/Src/stm32f1xx_it.c.obj
                0x0800a7fc                USB_LP_CAN1_RX0_IRQHandler
 .text.HAL_MspInit
                0x0800a810       0x44 CMakeFiles/firmware_esc_bldc_v1.dir/Core/Src/stm32f1xx_hal_msp.c.obj
                0x0800a810                HAL_MspInit
 .text.Reset_Handler
                0x0800a854       0x48 CMakeFiles/firmware_esc_bldc_v1.dir/startup_stm32f103xb.s.obj
                0x0800a854                Reset_Handler
 .text.Default_Handler
                0x0800a89c        0x2 CMakeFiles/firmware_esc_bldc_v1.dir/startup_stm32f103xb.s.obj
                0x0800a89c                RTC_Alarm_IRQHandler
                0x0800a89c                EXTI2_IRQHandler
                0x0800a89c                TIM1_CC_IRQHandler
                0x0800a89c                PVD_IRQHandler
                0x0800a89c                EXTI3_IRQHandler
                0x0800a89c                EXTI0_IRQHandler
                0x0800a89c                I2C2_EV_IRQHandler
                0x0800a89c                ADC1_2_IRQHandler
                0x0800a89c                SPI1_IRQHandler
                0x0800a89c                TAMPER_IRQHandler
                0x0800a89c                DMA1_Channel4_IRQHandler
                0x0800a89c                USART3_IRQHandler
                0x0800a89c                RTC_IRQHandler
                0x0800a89c                DMA1_Channel7_IRQHandler
                0x0800a89c                CAN1_RX1_IRQHandler
                0x0800a89c                I2C1_EV_IRQHandler
                0x0800a89c                DMA1_Channel6_IRQHandler
                0x0800a89c                RCC_IRQHandler
                0x0800a89c                TIM1_TRG_COM_IRQHandler
                0x0800a89c                DMA1_Channel1_IRQHandler
                0x0800a89c                Default_Handler
                0x0800a89c                EXTI15_10_IRQHandler
                0x0800a89c                EXTI9_5_IRQHandler
                0x0800a89c                SPI2_IRQHandler
                0x0800a89c                DMA1_Channel5_IRQHandler
                0x0800a89c                EXTI4_IRQHandler
                0x0800a89c                USB_HP_CAN1_TX_IRQHandler
                0x0800a89c                DMA1_Channel3_IRQHandler
                0x0800a89c                TIM1_UP_IRQHandler
                0x0800a89c                WWDG_IRQHandler
                0x0800a89c                TIM1_BRK_IRQHandler
                0x0800a89c                EXTI1_IRQHandler
                0x0800a89c                USART2_IRQHandler
                0x0800a89c                I2C2_ER_IRQHandler
                0x0800a89c                DMA1_Channel2_IRQHandler
                0x0800a89c                CAN1_SCE_IRQHandler
                0x0800a89c                FLASH_IRQHandler
                0x0800a89c                I2C1_ER_IRQHandler
                0x0800a89c                USBWakeUp_IRQHandler
 *fill*         0x0800a89e        0x2 
 .text.HAL_TIM_IC_CaptureCallback
                0x0800a8a0       0x8c CMakeFiles/firmware_esc_bldc_v1.dir/Core/Src/isr_callbacks.c.obj
                0x0800a8a0                HAL_TIM_IC_CaptureCallback
 .text.HAL_TIM_OC_DelayElapsedCallback
                0x0800a92c       0x40 CMakeFiles/firmware_esc_bldc_v1.dir/Core/Src/isr_callbacks.c.obj
                0x0800a92c                HAL_TIM_OC_DelayElapsedCallback
 .text.HAL_TIM_PeriodElapsedCallback
                0x0800a96c       0x24 CMakeFiles/firmware_esc_bldc_v1.dir/Core/Src/isr_callbacks.c.obj
                0x0800a96c                HAL_TIM_PeriodElapsedCallback
 .text.commInit
                0x0800a990       0x38 CMakeFiles/firmware_esc_bldc_v1.dir/Core/Src/comm.c.obj
                0x0800a990                commInit
 .text.processUartData
                0x0800a9c8        0xc CMakeFiles/firmware_esc_bldc_v1.dir/Core/Src/comm.c.obj
                0x0800a9c8                processUartData
 .text.processCurrentCommand
                0x0800a9d4        0xc CMakeFiles/firmware_esc_bldc_v1.dir/Core/Src/comm.c.obj
                0x0800a9d4                processCurrentCommand
 .text.process_speed_command
                0x0800a9e0        0xe CMakeFiles/firmware_esc_bldc_v1.dir/Core/Src/comm.c.obj
                0x0800a9e0                process_speed_command
 .text.handleCommandEffects
                0x0800a9ee        0xc CMakeFiles/firmware_esc_bldc_v1.dir/Core/Src/comm.c.obj
                0x0800a9ee                handleCommandEffects
 .text.logging_id_to_protocol
                0x0800a9fa       0x36 CMakeFiles/firmware_esc_bldc_v1.dir/Core/Src/comm.c.obj
 .text.logging_value
                0x0800aa30       0x56 CMakeFiles/firmware_esc_bldc_v1.dir/Core/Src/comm.c.obj
 *fill*         0x0800aa86        0x2 
 .text.process_logging_queue
                0x0800aa88       0xf0 CMakeFiles/firmware_esc_bldc_v1.dir/Core/Src/comm.c.obj
                0x0800aa88                process_logging_queue
 .text.start_logging_param
                0x0800ab78       0x5c CMakeFiles/firmware_esc_bldc_v1.dir/Core/Src/comm.c.obj
                0x0800ab78                start_logging_param
 .text.stop_logging_param
                0x0800abd4       0x6c CMakeFiles/firmware_esc_bldc_v1.dir/Core/Src/comm.c.obj
                0x0800abd4                stop_logging_param
 .text.stop_logging_all
                0x0800ac40       0x18 CMakeFiles/firmware_esc_bldc_v1.dir/Core/Src/comm.c.obj
                0x0800ac40                stop_logging_all
 .text.set_logging_rate_ms
                0x0800ac58       0x38 CMakeFiles/firmware_esc_bldc_v1.dir/Core/Src/comm.c.obj
                0x0800ac58                set_logging_rate_ms
 .text.read_u16_le
                0x0800ac90       0x2a CMakeFiles/firmware_esc_bldc_v1.dir/Core/Src/comm_protocol.c.obj
 .text.read_i16_le
                0x0800acba       0x1a CMakeFiles/firmware_esc_bldc_v1.dir/Core/Src/comm_protocol.c.obj
 .text.write_u16_le
                0x0800acd4       0x2c CMakeFiles/firmware_esc_bldc_v1.dir/Core/Src/comm_protocol.c.obj
 .text.write_i16_le
                0x0800ad00       0x1e CMakeFiles/firmware_esc_bldc_v1.dir/Core/Src/comm_protocol.c.obj
 .text.write_u32_le
                0x0800ad1e       0x40 CMakeFiles/firmware_esc_bldc_v1.dir/Core/Src/comm_protocol.c.obj
 *fill*         0x0800ad5e        0x2 
 .text.float_to_centi
                0x0800ad60       0x28 CMakeFiles/firmware_esc_bldc_v1.dir/Core/Src/comm_protocol.c.obj
 .text.centi_to_float
                0x0800ad88       0x2c CMakeFiles/firmware_esc_bldc_v1.dir/Core/Src/comm_protocol.c.obj
 .text.comm_protocol_crc16
                0x0800adb4       0x7c CMakeFiles/firmware_esc_bldc_v1.dir/Core/Src/comm_protocol.c.obj
                0x0800adb4                comm_protocol_crc16
 .text.finish_frame
                0x0800ae30       0x3c CMakeFiles/firmware_esc_bldc_v1.dir/Core/Src/comm_protocol.c.obj
 .text.build_base
                0x0800ae6c       0x6a CMakeFiles/firmware_esc_bldc_v1.dir/Core/Src/comm_protocol.c.obj
 .text.build_response
                0x0800aed6       0x72 CMakeFiles/firmware_esc_bldc_v1.dir/Core/Src/comm_protocol.c.obj
 .text.status_from_config
                0x0800af48       0x42 CMakeFiles/firmware_esc_bldc_v1.dir/Core/Src/comm_protocol.c.obj
 .text.status_from_flash
                0x0800af8a       0x36 CMakeFiles/firmware_esc_bldc_v1.dir/Core/Src/comm_protocol.c.obj
 .text.control_state_allows_command
                0x0800afc0       0x3c CMakeFiles/firmware_esc_bldc_v1.dir/Core/Src/comm_protocol.c.obj
 .text.apply_config_change
                0x0800affc       0x78 CMakeFiles/firmware_esc_bldc_v1.dir/Core/Src/comm_protocol.c.obj
 .text.get_config
                0x0800b074      0x11c CMakeFiles/firmware_esc_bldc_v1.dir/Core/Src/comm_protocol.c.obj
 .text.set_config
                0x0800b190      0x170 CMakeFiles/firmware_esc_bldc_v1.dir/Core/Src/comm_protocol.c.obj
 .text.save_config
                0x0800b300       0x44 CMakeFiles/firmware_esc_bldc_v1.dir/Core/Src/comm_protocol.c.obj
 .text.reset_config
                0x0800b344       0xe4 CMakeFiles/firmware_esc_bldc_v1.dir/Core/Src/comm_protocol.c.obj
 .text.logging_variable_from_param
                0x0800b428       0x4a CMakeFiles/firmware_esc_bldc_v1.dir/Core/Src/comm_protocol.c.obj
 *fill*         0x0800b472        0x2 
 .text.execute_request
                0x0800b474      0x510 CMakeFiles/firmware_esc_bldc_v1.dir/Core/Src/comm_protocol.c.obj
 .text.comm_protocol_handle_frame
                0x0800b984      0x112 CMakeFiles/firmware_esc_bldc_v1.dir/Core/Src/comm_protocol.c.obj
                0x0800b984                comm_protocol_handle_frame
 *fill*         0x0800ba96        0x2 
 .text.comm_protocol_build_event
                0x0800ba98       0x70 CMakeFiles/firmware_esc_bldc_v1.dir/Core/Src/comm_protocol.c.obj
                0x0800ba98                comm_protocol_build_event
 .text.comm_transport_get_mode
                0x0800bb08       0x14 CMakeFiles/firmware_esc_bldc_v1.dir/Core/Src/comm_transport.c.obj
                0x0800bb08                comm_transport_get_mode
 .text.comm_transport_is_usb_ready
                0x0800bb1c       0x34 CMakeFiles/firmware_esc_bldc_v1.dir/Core/Src/comm_transport.c.obj
                0x0800bb1c                comm_transport_is_usb_ready
 .text.comm_transport_init
                0x0800bb50       0x60 CMakeFiles/firmware_esc_bldc_v1.dir/Core/Src/comm_transport.c.obj
                0x0800bb50                comm_transport_init
 .text.handle_frame
                0x0800bbb0       0x2c CMakeFiles/firmware_esc_bldc_v1.dir/Core/Src/comm_transport.c.obj
 .text.process_uart
                0x0800bbdc       0x80 CMakeFiles/firmware_esc_bldc_v1.dir/Core/Src/comm_transport.c.obj
 .text.process_usb
                0x0800bc5c       0x6c CMakeFiles/firmware_esc_bldc_v1.dir/Core/Src/comm_transport.c.obj
 .text.comm_transport_process
                0x0800bcc8       0x20 CMakeFiles/firmware_esc_bldc_v1.dir/Core/Src/comm_transport.c.obj
                0x0800bcc8                comm_transport_process
 .text.comm_transport_send_frame
                0x0800bce8       0x80 CMakeFiles/firmware_esc_bldc_v1.dir/Core/Src/comm_transport.c.obj
                0x0800bce8                comm_transport_send_frame
 .text.comm_transport_receive_usb_report
                0x0800bd68       0x68 CMakeFiles/firmware_esc_bldc_v1.dir/Core/Src/comm_transport.c.obj
                0x0800bd68                comm_transport_receive_usb_report
 .text.HAL_UART_RxCpltCallback
                0x0800bdd0       0x88 CMakeFiles/firmware_esc_bldc_v1.dir/Core/Src/comm_transport.c.obj
                0x0800bdd0                HAL_UART_RxCpltCallback
 .text.set_default_esc_params
                0x0800be58       0x6c CMakeFiles/firmware_esc_bldc_v1.dir/Core/Src/hard_config.c.obj
                0x0800be58                set_default_esc_params
 .text.update_all_esc
                0x0800bec4       0x44 CMakeFiles/firmware_esc_bldc_v1.dir/Core/Src/hard_config.c.obj
                0x0800bec4                update_all_esc
 .text.compute_crc32
                0x0800bf08       0xc8 CMakeFiles/firmware_esc_bldc_v1.dir/Core/Src/hard_config.c.obj
                0x0800bf08                compute_crc32
 .text.get_pwm_freq
                0x0800bfd0       0x14 CMakeFiles/firmware_esc_bldc_v1.dir/Core/Src/hard_config.c.obj
                0x0800bfd0                get_pwm_freq
 .text.set_pwm_freq
                0x0800bfe4       0x40 CMakeFiles/firmware_esc_bldc_v1.dir/Core/Src/hard_config.c.obj
                0x0800bfe4                set_pwm_freq
 .text.set_pole_pairs
                0x0800c024       0x38 CMakeFiles/firmware_esc_bldc_v1.dir/Core/Src/hard_config.c.obj
                0x0800c024                set_pole_pairs
 .text.get_pole_pairs
                0x0800c05c       0x18 CMakeFiles/firmware_esc_bldc_v1.dir/Core/Src/hard_config.c.obj
                0x0800c05c                get_pole_pairs
 .text.set_KP   0x0800c074       0x4c CMakeFiles/firmware_esc_bldc_v1.dir/Core/Src/hard_config.c.obj
                0x0800c074                set_KP
 .text.get_KP   0x0800c0c0       0x14 CMakeFiles/firmware_esc_bldc_v1.dir/Core/Src/hard_config.c.obj
                0x0800c0c0                get_KP
 .text.set_KI   0x0800c0d4       0x4c CMakeFiles/firmware_esc_bldc_v1.dir/Core/Src/hard_config.c.obj
                0x0800c0d4                set_KI
 .text.get_KI   0x0800c120       0x14 CMakeFiles/firmware_esc_bldc_v1.dir/Core/Src/hard_config.c.obj
                0x0800c120                get_KI
 .text.set_KD   0x0800c134       0x4c CMakeFiles/firmware_esc_bldc_v1.dir/Core/Src/hard_config.c.obj
                0x0800c134                set_KD
 .text.get_KD   0x0800c180       0x14 CMakeFiles/firmware_esc_bldc_v1.dir/Core/Src/hard_config.c.obj
                0x0800c180                get_KD
 .text.get_min_speed
                0x0800c194       0x14 CMakeFiles/firmware_esc_bldc_v1.dir/Core/Src/hard_config.c.obj
                0x0800c194                get_min_speed
 .text.get_max_speed
                0x0800c1a8       0x14 CMakeFiles/firmware_esc_bldc_v1.dir/Core/Src/hard_config.c.obj
                0x0800c1a8                get_max_speed
 .text.set_max_speed
                0x0800c1bc       0x40 CMakeFiles/firmware_esc_bldc_v1.dir/Core/Src/hard_config.c.obj
                0x0800c1bc                set_max_speed
 .text.set_min_speed
                0x0800c1fc       0x40 CMakeFiles/firmware_esc_bldc_v1.dir/Core/Src/hard_config.c.obj
                0x0800c1fc                set_min_speed
 .text.calculate_block_crc
                0x0800c23c       0x94 CMakeFiles/firmware_esc_bldc_v1.dir/Core/Src/flash_config.c.obj
 .text.write_page
                0x0800c2d0       0x4c CMakeFiles/firmware_esc_bldc_v1.dir/Core/Src/flash_config.c.obj
 .text.find_active_page
                0x0800c31c       0xe4 CMakeFiles/firmware_esc_bldc_v1.dir/Core/Src/flash_config.c.obj
 .text.erase_flash_page
                0x0800c400       0x48 CMakeFiles/firmware_esc_bldc_v1.dir/Core/Src/flash_config.c.obj
 .text.write_flash_block
                0x0800c448       0x68 CMakeFiles/firmware_esc_bldc_v1.dir/Core/Src/flash_config.c.obj
 .text.flash_config_init
                0x0800c4b0       0x7c CMakeFiles/firmware_esc_bldc_v1.dir/Core/Src/flash_config.c.obj
                0x0800c4b0                flash_config_init
 .text.flash_config_save
                0x0800c52c      0x148 CMakeFiles/firmware_esc_bldc_v1.dir/Core/Src/flash_config.c.obj
                0x0800c52c                flash_config_save
 .text.flash_config_parameter_changed
                0x0800c674       0x18 CMakeFiles/firmware_esc_bldc_v1.dir/Core/Src/flash_config.c.obj
                0x0800c674                flash_config_parameter_changed
 .text.hil_mode_active
                0x0800c68c       0x20 CMakeFiles/firmware_esc_bldc_v1.dir/Core/Src/motor_control.c.obj
 .text.measured_speed_period
                0x0800c6ac       0x2c CMakeFiles/firmware_esc_bldc_v1.dir/Core/Src/motor_control.c.obj
 .text.map_speed
                0x0800c6d8       0x88 CMakeFiles/firmware_esc_bldc_v1.dir/Core/Src/motor_control.c.obj
 .text.updateAllMotorControl
                0x0800c760       0xb0 CMakeFiles/firmware_esc_bldc_v1.dir/Core/Src/motor_control.c.obj
                0x0800c760                updateAllMotorControl
 .text.state_allows_commutation
                0x0800c810       0x4c CMakeFiles/firmware_esc_bldc_v1.dir/Core/Src/motor_control.c.obj
 .text.state_allows_speed_measurement
                0x0800c85c       0x48 CMakeFiles/firmware_esc_bldc_v1.dir/Core/Src/motor_control.c.obj
 .text.state_allows_speed_update
                0x0800c8a4       0x20 CMakeFiles/firmware_esc_bldc_v1.dir/Core/Src/motor_control.c.obj
 .text.commutate
                0x0800c8c4       0x3c CMakeFiles/firmware_esc_bldc_v1.dir/Core/Src/motor_control.c.obj
 .text.zero_crossing_handler
                0x0800c900       0xb4 CMakeFiles/firmware_esc_bldc_v1.dir/Core/Src/motor_control.c.obj
                0x0800c900                zero_crossing_handler
 .text.detect_motor
                0x0800c9b4       0xfc CMakeFiles/firmware_esc_bldc_v1.dir/Core/Src/motor_control.c.obj
                0x0800c9b4                detect_motor
 .text.check_motor_status
                0x0800cab0       0xf4 CMakeFiles/firmware_esc_bldc_v1.dir/Core/Src/motor_control.c.obj
                0x0800cab0                check_motor_status
 .text.period_to_pwm
                0x0800cba4       0x1c CMakeFiles/firmware_esc_bldc_v1.dir/Core/Src/motor_control.c.obj
                0x0800cba4                period_to_pwm
 .text.pi_control
                0x0800cbc0      0x1e0 CMakeFiles/firmware_esc_bldc_v1.dir/Core/Src/motor_control.c.obj
                0x0800cbc0                pi_control
 .text.stop_motor
                0x0800cda0      0x110 CMakeFiles/firmware_esc_bldc_v1.dir/Core/Src/motor_control.c.obj
                0x0800cda0                stop_motor
 .text.control_mode_set
                0x0800ceb0       0x70 CMakeFiles/firmware_esc_bldc_v1.dir/Core/Src/motor_control.c.obj
                0x0800ceb0                control_mode_set
 .text.hil_start
                0x0800cf20       0x94 CMakeFiles/firmware_esc_bldc_v1.dir/Core/Src/motor_control.c.obj
                0x0800cf20                hil_start
 .text.hil_stop
                0x0800cfb4       0x40 CMakeFiles/firmware_esc_bldc_v1.dir/Core/Src/motor_control.c.obj
                0x0800cfb4                hil_stop
 .text.hil_set_inputs
                0x0800cff4       0x68 CMakeFiles/firmware_esc_bldc_v1.dir/Core/Src/motor_control.c.obj
                0x0800cff4                hil_set_inputs
 .text.hil_is_active
                0x0800d05c       0x18 CMakeFiles/firmware_esc_bldc_v1.dir/Core/Src/motor_control.c.obj
                0x0800d05c                hil_is_active
 .text.hil_has_timeout
                0x0800d074       0x38 CMakeFiles/firmware_esc_bldc_v1.dir/Core/Src/motor_control.c.obj
                0x0800d074                hil_has_timeout
 .text.hil_get_speed_rpm
                0x0800d0ac       0x18 CMakeFiles/firmware_esc_bldc_v1.dir/Core/Src/motor_control.c.obj
                0x0800d0ac                hil_get_speed_rpm
 .text.hil_get_pwm_command
                0x0800d0c4        0xe CMakeFiles/firmware_esc_bldc_v1.dir/Core/Src/motor_control.c.obj
                0x0800d0c4                hil_get_pwm_command
 *fill*         0x0800d0d2        0x2 
 .text.hil_get_flags
                0x0800d0d4       0x18 CMakeFiles/firmware_esc_bldc_v1.dir/Core/Src/motor_control.c.obj
                0x0800d0d4                hil_get_flags
 .text.generate_sine_tables
                0x0800d0ec      0x164 CMakeFiles/firmware_esc_bldc_v1.dir/Core/Src/startup.c.obj
 .text.foc_startup
                0x0800d250       0xe8 CMakeFiles/firmware_esc_bldc_v1.dir/Core/Src/startup.c.obj
                0x0800d250                foc_startup
 .text.update_pwm_startup_foc
                0x0800d338      0x170 CMakeFiles/firmware_esc_bldc_v1.dir/Core/Src/startup.c.obj
                0x0800d338                update_pwm_startup_foc
 .text.executeTransition
                0x0800d4a8       0xd4 CMakeFiles/firmware_esc_bldc_v1.dir/Core/Src/startup.c.obj
 .text.handleState
                0x0800d57c      0x240 CMakeFiles/firmware_esc_bldc_v1.dir/Core/Src/state_machine.c.obj
                0x0800d57c                handleState
 .text.speed_sensor_process_phase_measurement
                0x0800d7bc      0x124 CMakeFiles/firmware_esc_bldc_v1.dir/Core/Src/speed_sensor.c.obj
                0x0800d7bc                speed_sensor_process_phase_measurement
 .text.calculate_consensus_speed
                0x0800d8e0      0x164 CMakeFiles/firmware_esc_bldc_v1.dir/Core/Src/speed_sensor.c.obj
 .text.get_actual_speed
                0x0800da44       0x18 CMakeFiles/firmware_esc_bldc_v1.dir/Core/Src/speed_sensor.c.obj
                0x0800da44                get_actual_speed
 .text.rpm_to_period
                0x0800da5c       0x7e CMakeFiles/firmware_esc_bldc_v1.dir/Core/Src/speed_sensor.c.obj
                0x0800da5c                rpm_to_period
 .text.period_to_rpm
                0x0800dada       0x96 CMakeFiles/firmware_esc_bldc_v1.dir/Core/Src/speed_sensor.c.obj
                0x0800dada                period_to_rpm
 .text.filtro_media_movil_zc
                0x0800db70       0xe8 CMakeFiles/firmware_esc_bldc_v1.dir/Core/Src/speed_sensor.c.obj
                0x0800db70                filtro_media_movil_zc
 .text.speed_sensor_handle_W_measurement
                0x0800dc58      0x148 CMakeFiles/firmware_esc_bldc_v1.dir/Core/Src/speed_sensor.c.obj
                0x0800dc58                speed_sensor_handle_W_measurement
 .text.speed_sensor_handle_consensus
                0x0800dda0       0xdc CMakeFiles/firmware_esc_bldc_v1.dir/Core/Src/speed_sensor.c.obj
                0x0800dda0                speed_sensor_handle_consensus
 .text.speed_sensor_get_speed_range
                0x0800de7c       0x10 CMakeFiles/firmware_esc_bldc_v1.dir/Core/Src/speed_sensor.c.obj
                0x0800de7c                speed_sensor_get_speed_range
 .text.commutate
                0x0800de8c      0x444 CMakeFiles/firmware_esc_bldc_v1.dir/Core/Src/bldc_driver.c.obj
 .text.bldc_commutate
                0x0800e2d0       0x64 CMakeFiles/firmware_esc_bldc_v1.dir/Core/Src/bldc_driver.c.obj
                0x0800e2d0                bldc_commutate
 .text.bldc_set_pwm
                0x0800e334       0x20 CMakeFiles/firmware_esc_bldc_v1.dir/Core/Src/bldc_driver.c.obj
                0x0800e334                bldc_set_pwm
 .text.bldc_get_pwm
                0x0800e354       0x18 CMakeFiles/firmware_esc_bldc_v1.dir/Core/Src/bldc_driver.c.obj
                0x0800e354                bldc_get_pwm
 .text.bldc_get_commutation_step
                0x0800e36c       0x18 CMakeFiles/firmware_esc_bldc_v1.dir/Core/Src/bldc_driver.c.obj
                0x0800e36c                bldc_get_commutation_step
 .text.safe_mod
                0x0800e384       0x42 CMakeFiles/firmware_esc_bldc_v1.dir/Core/Src/utilities.c.obj
                0x0800e384                safe_mod
 *fill*         0x0800e3c6        0x2 
 .text.MX_USB_DEVICE_Init
                0x0800e3c8       0x38 CMakeFiles/firmware_esc_bldc_v1.dir/Core/Src/usb_device.c.obj
                0x0800e3c8                MX_USB_DEVICE_Init
 .text.HAL_PCD_MspInit
                0x0800e400       0x94 CMakeFiles/firmware_esc_bldc_v1.dir/Core/Src/usbd_conf.c.obj
                0x0800e400                HAL_PCD_MspInit
 .text.HAL_PCD_SetupStageCallback
                0x0800e494       0x24 CMakeFiles/firmware_esc_bldc_v1.dir/Core/Src/usbd_conf.c.obj
                0x0800e494                HAL_PCD_SetupStageCallback
 .text.HAL_PCD_DataOutStageCallback
                0x0800e4b8       0x36 CMakeFiles/firmware_esc_bldc_v1.dir/Core/Src/usbd_conf.c.obj
                0x0800e4b8                HAL_PCD_DataOutStageCallback
 .text.HAL_PCD_DataInStageCallback
                0x0800e4ee       0x34 CMakeFiles/firmware_esc_bldc_v1.dir/Core/Src/usbd_conf.c.obj
                0x0800e4ee                HAL_PCD_DataInStageCallback
 .text.HAL_PCD_SOFCallback
                0x0800e522       0x1c CMakeFiles/firmware_esc_bldc_v1.dir/Core/Src/usbd_conf.c.obj
                0x0800e522                HAL_PCD_SOFCallback
 .text.HAL_PCD_ResetCallback
                0x0800e53e       0x2a CMakeFiles/firmware_esc_bldc_v1.dir/Core/Src/usbd_conf.c.obj
                0x0800e53e                HAL_PCD_ResetCallback
 .text.HAL_PCD_SuspendCallback
                0x0800e568       0x1c CMakeFiles/firmware_esc_bldc_v1.dir/Core/Src/usbd_conf.c.obj
                0x0800e568                HAL_PCD_SuspendCallback
 .text.HAL_PCD_ResumeCallback
                0x0800e584       0x1c CMakeFiles/firmware_esc_bldc_v1.dir/Core/Src/usbd_conf.c.obj
                0x0800e584                HAL_PCD_ResumeCallback
 .text.USBD_LL_Init
                0x0800e5a0       0x94 CMakeFiles/firmware_esc_bldc_v1.dir/Core/Src/usbd_conf.c.obj
                0x0800e5a0                USBD_LL_Init
 .text.USBD_LL_Start
                0x0800e634       0x1e CMakeFiles/firmware_esc_bldc_v1.dir/Core/Src/usbd_conf.c.obj
                0x0800e634                USBD_LL_Start
 .text.USBD_LL_OpenEP
                0x0800e652       0x34 CMakeFiles/firmware_esc_bldc_v1.dir/Core/Src/usbd_conf.c.obj
                0x0800e652                USBD_LL_OpenEP
 .text.USBD_LL_CloseEP
                0x0800e686       0x26 CMakeFiles/firmware_esc_bldc_v1.dir/Core/Src/usbd_conf.c.obj
                0x0800e686                USBD_LL_CloseEP
 .text.USBD_LL_StallEP
                0x0800e6ac       0x26 CMakeFiles/firmware_esc_bldc_v1.dir/Core/Src/usbd_conf.c.obj
                0x0800e6ac                USBD_LL_StallEP
 .text.USBD_LL_ClearStallEP
                0x0800e6d2       0x26 CMakeFiles/firmware_esc_bldc_v1.dir/Core/Src/usbd_conf.c.obj
                0x0800e6d2                USBD_LL_ClearStallEP
 .text.USBD_LL_IsStallEP
                0x0800e6f8       0x56 CMakeFiles/firmware_esc_bldc_v1.dir/Core/Src/usbd_conf.c.obj
                0x0800e6f8                USBD_LL_IsStallEP
 .text.USBD_LL_SetUSBAddress
                0x0800e74e       0x26 CMakeFiles/firmware_esc_bldc_v1.dir/Core/Src/usbd_conf.c.obj
                0x0800e74e                USBD_LL_SetUSBAddress
 .text.USBD_LL_Transmit
                0x0800e774       0x2e CMakeFiles/firmware_esc_bldc_v1.dir/Core/Src/usbd_conf.c.obj
                0x0800e774                USBD_LL_Transmit
 .text.USBD_LL_PrepareReceive
                0x0800e7a2       0x2e CMakeFiles/firmware_esc_bldc_v1.dir/Core/Src/usbd_conf.c.obj
                0x0800e7a2                USBD_LL_PrepareReceive
 .text.USBD_LL_GetRxDataSize
                0x0800e7d0       0x26 CMakeFiles/firmware_esc_bldc_v1.dir/Core/Src/usbd_conf.c.obj
                0x0800e7d0                USBD_LL_GetRxDataSize
 *fill*         0x0800e7f6        0x2 
 .text.USBD_static_malloc
                0x0800e7f8       0x18 CMakeFiles/firmware_esc_bldc_v1.dir/Core/Src/usbd_conf.c.obj
                0x0800e7f8                USBD_static_malloc
 .text.USBD_static_free
                0x0800e810       0x12 CMakeFiles/firmware_esc_bldc_v1.dir/Core/Src/usbd_conf.c.obj
                0x0800e810                USBD_static_free
 .text.HAL_PCDEx_SetConnectionState
                0x0800e822       0x16 CMakeFiles/firmware_esc_bldc_v1.dir/Core/Src/usbd_conf.c.obj
                0x0800e822                HAL_PCDEx_SetConnectionState
 .text.CustomHID_Init
                0x0800e838        0xe CMakeFiles/firmware_esc_bldc_v1.dir/Core/Src/usbd_customhid_if.c.obj
 .text.CustomHID_DeInit
                0x0800e846        0xe CMakeFiles/firmware_esc_bldc_v1.dir/Core/Src/usbd_customhid_if.c.obj
 .text.CustomHID_OutReport
                0x0800e854       0x20 CMakeFiles/firmware_esc_bldc_v1.dir/Core/Src/usbd_customhid_if.c.obj
 .text.USBD_HID_DeviceDescriptor
                0x0800e874       0x24 CMakeFiles/firmware_esc_bldc_v1.dir/Core/Src/usbd_desc.c.obj
 .text.USBD_HID_LangIDStrDescriptor
                0x0800e898       0x24 CMakeFiles/firmware_esc_bldc_v1.dir/Core/Src/usbd_desc.c.obj
 .text.USBD_HID_ProductStrDescriptor
                0x0800e8bc       0x28 CMakeFiles/firmware_esc_bldc_v1.dir/Core/Src/usbd_desc.c.obj
 .text.USBD_HID_ManufacturerStrDescriptor
                0x0800e8e4       0x28 CMakeFiles/firmware_esc_bldc_v1.dir/Core/Src/usbd_desc.c.obj
 .text.USBD_HID_SerialStrDescriptor
                0x0800e90c       0x24 CMakeFiles/firmware_esc_bldc_v1.dir/Core/Src/usbd_desc.c.obj
 .text.USBD_HID_ConfigStrDescriptor
                0x0800e930       0x28 CMakeFiles/firmware_esc_bldc_v1.dir/Core/Src/usbd_desc.c.obj
 .text.USBD_HID_InterfaceStrDescriptor
                0x0800e958       0x28 CMakeFiles/firmware_esc_bldc_v1.dir/Core/Src/usbd_desc.c.obj
 .text.Get_SerialNum
                0x0800e980       0x58 CMakeFiles/firmware_esc_bldc_v1.dir/Core/Src/usbd_desc.c.obj
 .text.IntToUnicode
                0x0800e9d8       0x66 CMakeFiles/firmware_esc_bldc_v1.dir/Core/Src/usbd_desc.c.obj
 .text.memcpy   0x0800ea3e       0x1c C:/Program Files (x86)/Arm/GNU Toolchain mingw-w64-i686-arm-none-eabi/bin/../lib/gcc/arm-none-eabi/15.2.1/../../../../arm-none-eabi/lib/thumb/v7-m/nofp\libg_nano.a(libc_a-memcpy-stub.o)
                0x0800ea3e                memcpy
 *fill*         0x0800ea5a        0x2 
 .text.sinf     0x0800ea5c       0x68 C:/Program Files (x86)/Arm/GNU Toolchain mingw-w64-i686-arm-none-eabi/bin/../lib/gcc/arm-none-eabi/15.2.1/../../../../arm-none-eabi/lib/thumb/v7-m/nofp\libm.a(libm_a-sf_sin.o)
                0x0800ea5c                sinf
 .text.__kernel_cosf
                0x0800eac4      0x194 C:/Program Files (x86)/Arm/GNU Toolchain mingw-w64-i686-arm-none-eabi/bin/../lib/gcc/arm-none-eabi/15.2.1/../../../../arm-none-eabi/lib/thumb/v7-m/nofp\libm.a(libm_a-kf_cos.o)
                0x0800eac4                __kernel_cosf
 .text.__kernel_sinf
                0x0800ec58       0xf4 C:/Program Files (x86)/Arm/GNU Toolchain mingw-w64-i686-arm-none-eabi/bin/../lib/gcc/arm-none-eabi/15.2.1/../../../../arm-none-eabi/lib/thumb/v7-m/nofp\libm.a(libm_a-kf_sin.o)
                0x0800ec58                __kernel_sinf
 .text.__ieee754_rem_pio2f
                0x0800ed4c      0x320 C:/Program Files (x86)/Arm/GNU Toolchain mingw-w64-i686-arm-none-eabi/bin/../lib/gcc/arm-none-eabi/15.2.1/../../../../arm-none-eabi/lib/thumb/v7-m/nofp\libm.a(libm_a-ef_rem_pio2.o)
                0x0800ed4c                __ieee754_rem_pio2f
 .text.fabsf    0x0800f06c        0x8 C:/Program Files (x86)/Arm/GNU Toolchain mingw-w64-i686-arm-none-eabi/bin/../lib/gcc/arm-none-eabi/15.2.1/../../../../arm-none-eabi/lib/thumb/v7-m/nofp\libm.a(libm_a-sf_fabs.o)
                0x0800f06c                fabsf
 .text.__kernel_rem_pio2f
                0x0800f074      0x77c C:/Program Files (x86)/Arm/GNU Toolchain mingw-w64-i686-arm-none-eabi/bin/../lib/gcc/arm-none-eabi/15.2.1/../../../../arm-none-eabi/lib/thumb/v7-m/nofp\libm.a(libm_a-kf_rem_pio2.o)
                0x0800f074                __kernel_rem_pio2f
 .text.scalbnf  0x0800f7f0       0xb4 C:/Program Files (x86)/Arm/GNU Toolchain mingw-w64-i686-arm-none-eabi/bin/../lib/gcc/arm-none-eabi/15.2.1/../../../../arm-none-eabi/lib/thumb/v7-m/nofp\libm.a(libm_a-sf_scalbn.o)
                0x0800f7f0                scalbnf
 .text.floorf   0x0800f8a4       0xa4 C:/Program Files (x86)/Arm/GNU Toolchain mingw-w64-i686-arm-none-eabi/bin/../lib/gcc/arm-none-eabi/15.2.1/../../../../arm-none-eabi/lib/thumb/v7-m/nofp\libm.a(libm_a-sf_floor.o)
                0x0800f8a4                floorf
 *(.glue_7)
 .glue_7        0x0800f948        0x0 linker stubs
 *(.glue_7t)
 .glue_7t       0x0800f948        0x0 linker stubs
 *(.eh_frame)
 .eh_frame      0x0800f948        0x0 C:/Program Files (x86)/Arm/GNU Toolchain mingw-w64-i686-arm-none-eabi/bin/../lib/gcc/arm-none-eabi/15.2.1/thumb/v7-m/nofp/crtbegin.o
 *(.init)
 .init          0x0800f948        0x4 C:/Program Files (x86)/Arm/GNU Toolchain mingw-w64-i686-arm-none-eabi/bin/../lib/gcc/arm-none-eabi/15.2.1/thumb/v7-m/nofp/crti.o
                0x0800f948                _init
 .init          0x0800f94c        0x8 C:/Program Files (x86)/Arm/GNU Toolchain mingw-w64-i686-arm-none-eabi/bin/../lib/gcc/arm-none-eabi/15.2.1/thumb/v7-m/nofp/crtn.o
 *(.fini)
 .fini          0x0800f954        0x4 C:/Program Files (x86)/Arm/GNU Toolchain mingw-w64-i686-arm-none-eabi/bin/../lib/gcc/arm-none-eabi/15.2.1/thumb/v7-m/nofp/crti.o
                0x0800f954                _fini
 .fini          0x0800f958        0x8 C:/Program Files (x86)/Arm/GNU Toolchain mingw-w64-i686-arm-none-eabi/bin/../lib/gcc/arm-none-eabi/15.2.1/thumb/v7-m/nofp/crtn.o
                0x0800f960                        . = ALIGN (0x4)
                0x0800f960                        _etext = .

.vfp11_veneer   0x0800f960        0x0
 .vfp11_veneer  0x0800f960        0x0 linker stubs

.v4_bx          0x0800f960        0x0
 .v4_bx         0x0800f960        0x0 linker stubs

.iplt           0x0800f960        0x0
 .iplt          0x0800f960        0x0 C:/Program Files (x86)/Arm/GNU Toolchain mingw-w64-i686-arm-none-eabi/bin/../lib/gcc/arm-none-eabi/15.2.1/thumb/v7-m/nofp/crtbegin.o

.rodata         0x0800f960      0x460
                0x0800f960                        . = ALIGN (0x4)
 *(.rodata)
 .rodata        0x0800f960       0x5f CMakeFiles/firmware_esc_bldc_v1.dir/Core/Src/usbd_desc.c.obj
 *(.rodata*)
 *fill*         0x0800f9bf        0x1 
 .rodata.AHBPrescTable
                0x0800f9c0       0x10 cmake/stm32cubemx/CMakeFiles/STM32_Drivers.dir/__/__/Core/Src/system_stm32f1xx.c.obj
                0x0800f9c0                AHBPrescTable
 .rodata.APBPrescTable
                0x0800f9d0        0x8 cmake/stm32cubemx/CMakeFiles/STM32_Drivers.dir/__/__/Core/Src/system_stm32f1xx.c.obj
                0x0800f9d0                APBPrescTable
 .rodata.aPLLMULFactorTable.1
                0x0800f9d8       0x10 cmake/stm32cubemx/CMakeFiles/STM32_Drivers.dir/__/__/Drivers/STM32F1xx_HAL_Driver/Src/stm32f1xx_hal_rcc.c.obj
 .rodata.aPredivFactorTable.0
                0x0800f9e8        0x2 cmake/stm32cubemx/CMakeFiles/STM32_Drivers.dir/__/__/Drivers/STM32F1xx_HAL_Driver/Src/stm32f1xx_hal_rcc.c.obj
 *fill*         0x0800f9ea        0x2 
 .rodata.CPU_clock
                0x0800f9ec        0x4 CMakeFiles/firmware_esc_bldc_v1.dir/Core/Src/main.c.obj
                0x0800f9ec                CPU_clock
 .rodata.npio2_hw
                0x0800f9f0       0x80 C:/Program Files (x86)/Arm/GNU Toolchain mingw-w64-i686-arm-none-eabi/bin/../lib/gcc/arm-none-eabi/15.2.1/../../../../arm-none-eabi/lib/thumb/v7-m/nofp\libm.a(libm_a-ef_rem_pio2.o)
 .rodata.two_over_pi
                0x0800fa70      0x318 C:/Program Files (x86)/Arm/GNU Toolchain mingw-w64-i686-arm-none-eabi/bin/../lib/gcc/arm-none-eabi/15.2.1/../../../../arm-none-eabi/lib/thumb/v7-m/nofp\libm.a(libm_a-ef_rem_pio2.o)
 .rodata.PIo2   0x0800fd88       0x2c C:/Program Files (x86)/Arm/GNU Toolchain mingw-w64-i686-arm-none-eabi/bin/../lib/gcc/arm-none-eabi/15.2.1/../../../../arm-none-eabi/lib/thumb/v7-m/nofp\libm.a(libm_a-kf_rem_pio2.o)
 .rodata.init_jk
                0x0800fdb4        0xc C:/Program Files (x86)/Arm/GNU Toolchain mingw-w64-i686-arm-none-eabi/bin/../lib/gcc/arm-none-eabi/15.2.1/../../../../arm-none-eabi/lib/thumb/v7-m/nofp\libm.a(libm_a-kf_rem_pio2.o)
                0x0800fdc0                        . = ALIGN (0x4)

.ARM.extab      0x0800fdc0        0x0
                0x0800fdc0                        . = ALIGN (0x4)
 *(.ARM.extab* .gnu.linkonce.armextab.*)
                0x0800fdc0                        . = ALIGN (0x4)

.ARM            0x0800fdc0        0x0
                0x0800fdc0                        . = ALIGN (0x4)
                0x0800fdc0                        __exidx_start = .
 *(.ARM.exidx*)
                0x0800fdc0                        __exidx_end = .
                0x0800fdc0                        . = ALIGN (0x4)

.preinit_array  0x0800fdc0        0x0
                0x0800fdc0                        . = ALIGN (0x4)
                0x0800fdc0                        PROVIDE (__preinit_array_start = .)
 *(.preinit_array*)
                0x0800fdc0                        PROVIDE (__preinit_array_end = .)
                0x0800fdc0                        . = ALIGN (0x4)

.init_array     0x0800fdc0        0x4
                0x0800fdc0                        . = ALIGN (0x4)
                0x0800fdc0                        PROVIDE (__init_array_start = .)
 *(SORT_BY_NAME(.init_array.*))
 *(.init_array*)
 .init_array    0x0800fdc0        0x4 C:/Program Files (x86)/Arm/GNU Toolchain mingw-w64-i686-arm-none-eabi/bin/../lib/gcc/arm-none-eabi/15.2.1/thumb/v7-m/nofp/crtbegin.o
                0x0800fdc4                        PROVIDE (__init_array_end = .)
                0x0800fdc4                        . = ALIGN (0x4)

.fini_array     0x0800fdc4        0x4
                0x0800fdc4                        . = ALIGN (0x4)
                [!provide]                        PROVIDE (__fini_array_start = .)
 *(SORT_BY_NAME(.fini_array.*))
 *(.fini_array*)
 .fini_array    0x0800fdc4        0x4 C:/Program Files (x86)/Arm/GNU Toolchain mingw-w64-i686-arm-none-eabi/bin/../lib/gcc/arm-none-eabi/15.2.1/thumb/v7-m/nofp/crtbegin.o
                [!provide]                        PROVIDE (__fini_array_end = .)
                0x0800fdc8                        . = ALIGN (0x4)
                0x0800fdc8                        _sidata = LOADADDR (.data)

.rel.dyn        0x0800fdc8        0x0
 .rel.iplt      0x0800fdc8        0x0 C:/Program Files (x86)/Arm/GNU Toolchain mingw-w64-i686-arm-none-eabi/bin/../lib/gcc/arm-none-eabi/15.2.1/thumb/v7-m/nofp/crtbegin.o

.data           0x20000000      0x180 load address 0x0800fdc8
                0x20000000                        . = ALIGN (0x4)
                0x20000000                        _sdata = .
 *(.data)
 *(.data*)
 .data.SystemCoreClock
                0x20000000        0x4 cmake/stm32cubemx/CMakeFiles/STM32_Drivers.dir/__/__/Core/Src/system_stm32f1xx.c.obj
                0x20000000                SystemCoreClock
 .data.uwTickPrio
                0x20000004        0x4 cmake/stm32cubemx/CMakeFiles/STM32_Drivers.dir/__/__/Drivers/STM32F1xx_HAL_Driver/Src/stm32f1xx_hal.c.obj
                0x20000004                uwTickPrio
 .data.uwTickFreq
                0x20000008        0x1 cmake/stm32cubemx/CMakeFiles/STM32_Drivers.dir/__/__/Drivers/STM32F1xx_HAL_Driver/Src/stm32f1xx_hal.c.obj
                0x20000008                uwTickFreq
 *fill*         0x20000009        0x3 
 .data.USBD_CUSTOM_HID
                0x2000000c       0x38 cmake/stm32cubemx/CMakeFiles/STM32_Drivers.dir/__/__/Middlewares/ST/STM32_USB_Device_Library/Class/CustomHID/Src/usbd_customhid.c.obj
                0x2000000c                USBD_CUSTOM_HID
 .data.USBD_CUSTOM_HID_CfgFSDesc
                0x20000044       0x29 cmake/stm32cubemx/CMakeFiles/STM32_Drivers.dir/__/__/Middlewares/ST/STM32_USB_Device_Library/Class/CustomHID/Src/usbd_customhid.c.obj
 *fill*         0x2000006d        0x3 
 .data.USBD_CUSTOM_HID_CfgHSDesc
                0x20000070       0x29 cmake/stm32cubemx/CMakeFiles/STM32_Drivers.dir/__/__/Middlewares/ST/STM32_USB_Device_Library/Class/CustomHID/Src/usbd_customhid.c.obj
 *fill*         0x20000099        0x3 
 .data.USBD_CUSTOM_HID_OtherSpeedCfgDesc
                0x2000009c       0x29 cmake/stm32cubemx/CMakeFiles/STM32_Drivers.dir/__/__/Middlewares/ST/STM32_USB_Device_Library/Class/CustomHID/Src/usbd_customhid.c.obj
 *fill*         0x200000c5        0x3 
 .data.USBD_CUSTOM_HID_Desc
                0x200000c8        0x9 cmake/stm32cubemx/CMakeFiles/STM32_Drivers.dir/__/__/Middlewares/ST/STM32_USB_Device_Library/Class/CustomHID/Src/usbd_customhid.c.obj
 *fill*         0x200000d1        0x3 
 .data.USBD_CUSTOM_HID_DeviceQualifierDesc
                0x200000d4        0xa cmake/stm32cubemx/CMakeFiles/STM32_Drivers.dir/__/__/Middlewares/ST/STM32_USB_Device_Library/Class/CustomHID/Src/usbd_customhid.c.obj
 .data.loggin_rate_ms
                0x200000de        0x2 CMakeFiles/firmware_esc_bldc_v1.dir/Core/Src/comm.c.obj
                0x200000de                loggin_rate_ms
 .data.mod_q15  0x200000e0        0x2 CMakeFiles/firmware_esc_bldc_v1.dir/Core/Src/startup.c.obj
                0x200000e0                mod_q15
 *fill*         0x200000e2        0x2 
 .data.sine_ctrl